Reading OpenROAD database at '/home/asic/workspace/asic_project/runs/RUN_2025-06-17_21-07-06/18-openroad-tapendcapinsertion/dynamic_noise_filter_top.odb'…
Reading library file at '/foss/pdks/volare/sky130/versions/0fe599b2afb6708d281543108caf8310912f54af/sky130A/libs.ref/sky130_fd_sc_hd/lib/sky130_fd_sc_hd__tt_025C_1v80.lib'…
Reading design constraints file at '/usr/local/lib/python3.12/dist-packages/openlane/scripts/base.sdc'…
[INFO] Using clock clk…
[INFO] Setting output delay to: 6
[INFO] Setting input delay to: 6
[INFO] Setting load to: 0.033442
[INFO] Setting clock uncertainty to: 0.25
[INFO] Setting clock transition to: 0.1499999999999999944488848768742172978818416595458984375
[INFO] Setting timing derate to: 5%
[INFO] Setting global connections...
[WARNING PDN-0239] Core ring shape falls outside the die bounds.
[INFO PDN-0001] Inserting grid: stdcell_grid
Setting global connections for newly added cells…
[INFO] Setting global connections...
Updating metrics…
Cell type report:                       Count       Area
  Fill cell                               498    1869.29
  Tap cell                               6651    8321.73
  Inverter                                 87     326.56
  Sequential cell                          74    1944.36
  Multi-Input combinational cell          703    7260.71
  Total                                  8013   19722.67
Writing OpenROAD database to '/home/asic/workspace/asic_project/runs/RUN_2025-06-17_21-07-06/20-openroad-generatepdn/dynamic_noise_filter_top.odb'…
Writing netlist to '/home/asic/workspace/asic_project/runs/RUN_2025-06-17_21-07-06/20-openroad-generatepdn/dynamic_noise_filter_top.nl.v'…
Writing powered netlist to '/home/asic/workspace/asic_project/runs/RUN_2025-06-17_21-07-06/20-openroad-generatepdn/dynamic_noise_filter_top.pnl.v'…
Writing layout to '/home/asic/workspace/asic_project/runs/RUN_2025-06-17_21-07-06/20-openroad-generatepdn/dynamic_noise_filter_top.def'…
Writing timing constraints to '/home/asic/workspace/asic_project/runs/RUN_2025-06-17_21-07-06/20-openroad-generatepdn/dynamic_noise_filter_top.sdc'…
[INFO PSM-0040] All shapes on net VPWR are connected.
[INFO PSM-0040] All shapes on net VGND are connected.
