Clock: clk
Sources: clk 
Generated: no
Virtual: yes
Propagated: no
Period: 30.000000

===========================================================================
report_clock_properties
============================================================================
Clock                   Period          Waveform
----------------------------------------------------
clk                  30.000000    0.000000 15.000000

===========================================================================
report_clock_latency
============================================================================
Clock clk
rise -> rise
    min     max
0.000000 0.000000 source latency
0.852244         network latency spi_out.bit_cnt[3]_sky130_fd_sc_hd__dfrtp_2_Q/CLK
        0.861001 network latency filter.y_out[15]_sky130_fd_sc_hd__dfrtp_2_Q/CLK
---------------
0.852244 0.861001 latency
        0.008756 skew

fall -> fall
    min     max
0.000000 0.000000 source latency
0.428447         network latency spi_out.bit_cnt[3]_sky130_fd_sc_hd__dfrtp_2_Q/CLK
        0.436843 network latency filter.y_out[15]_sky130_fd_sc_hd__dfrtp_2_Q/CLK
---------------
0.428447 0.436843 latency
        0.008397 skew



===========================================================================
report_clock_min_period
============================================================================
clk period_min = 7.39 fmax = 135.35
