
===========================================================================
 report_power
============================================================================
======================= min_ss_100C_1v60 Corner ===================================

Group                    Internal    Switching      Leakage        Total
                            Power        Power        Power        Power (Watts)
------------------------------------------------------------------------
Sequential           4.359268e-04 4.041128e-05 3.094686e-07 4.766475e-04   1.3%
Combinational        1.764046e-02 1.757865e-02 1.608667e-05 3.523519e-02  98.5%
Clock                4.928432e-05 2.108991e-05 7.321255e-08 7.044744e-05   0.2%
Macro                0.000000e+00 0.000000e+00 0.000000e+00 0.000000e+00   0.0%
Pad                  0.000000e+00 0.000000e+00 0.000000e+00 0.000000e+00   0.0%
------------------------------------------------------------------------
Total                1.812568e-02 1.764015e-02 1.646935e-05 3.578230e-02 100.0%
                            50.7%        49.3%         0.0%

