130. Printing statistics.

=== dynamic_noise_filter_top ===

   Number of wires:               1226
   Number of wire bits:           1323
   Number of public wires:          14
   Number of public wire bits:      81
   Number of ports:                  6
   Number of port bits:              6
   Number of memories:               0
   Number of memory bits:            0
   Number of processes:              0
   Number of cells:               1301
     $_ANDNOT_                     370
     $_AND_                         20
     $_MUX_                         73
     $_NAND_                        16
     $_NOR_                         47
     $_NOT_                        130
     $_ORNOT_                       38
     $_OR_                         137
     $_XNOR_                        99
     $_XOR_                        297
     sky130_fd_sc_hd__dfrtp_2       74

   Area for cell type $_NOT_ is unknown!
   Area for cell type $_AND_ is unknown!
   Area for cell type $_NAND_ is unknown!
   Area for cell type $_OR_ is unknown!
   Area for cell type $_NOR_ is unknown!
   Area for cell type $_XOR_ is unknown!
   Area for cell type $_XNOR_ is unknown!
   Area for cell type $_ANDNOT_ is unknown!
   Area for cell type $_ORNOT_ is unknown!
   Area for cell type $_MUX_ is unknown!

   Chip area for module '\dynamic_noise_filter_top': 1944.364800
     of which used for sequential elements: 1944.364800 (100.00%)

