
23. Executing CHECK pass (checking for obvious problems).
Checking module dynamic_noise_filter_top...
Warning: Wire dynamic_noise_filter_top.\ram_din [31] is used but has no driver.
Warning: Wire dynamic_noise_filter_top.\ram_din [30] is used but has no driver.
Warning: Wire dynamic_noise_filter_top.\ram_din [29] is used but has no driver.
Warning: Wire dynamic_noise_filter_top.\ram_din [28] is used but has no driver.
Warning: Wire dynamic_noise_filter_top.\ram_din [27] is used but has no driver.
Warning: Wire dynamic_noise_filter_top.\ram_din [26] is used but has no driver.
Warning: Wire dynamic_noise_filter_top.\ram_din [25] is used but has no driver.
Warning: Wire dynamic_noise_filter_top.\ram_din [24] is used but has no driver.
Warning: Wire dynamic_noise_filter_top.\ram_din [23] is used but has no driver.
Warning: Wire dynamic_noise_filter_top.\ram_din [22] is used but has no driver.
Warning: Wire dynamic_noise_filter_top.\ram_din [21] is used but has no driver.
Warning: Wire dynamic_noise_filter_top.\ram_din [20] is used but has no driver.
Warning: Wire dynamic_noise_filter_top.\ram_din [19] is used but has no driver.
Warning: Wire dynamic_noise_filter_top.\ram_din [18] is used but has no driver.
Warning: Wire dynamic_noise_filter_top.\ram_din [17] is used but has no driver.
Warning: Wire dynamic_noise_filter_top.\ram_din [16] is used but has no driver.
Warning: Wire dynamic_noise_filter_top.\ram_din [15] is used but has no driver.
Warning: Wire dynamic_noise_filter_top.\ram_din [14] is used but has no driver.
Warning: Wire dynamic_noise_filter_top.\ram_din [13] is used but has no driver.
Warning: Wire dynamic_noise_filter_top.\ram_din [12] is used but has no driver.
Warning: Wire dynamic_noise_filter_top.\ram_din [11] is used but has no driver.
Warning: Wire dynamic_noise_filter_top.\ram_din [10] is used but has no driver.
Warning: Wire dynamic_noise_filter_top.\ram_din [9] is used but has no driver.
Warning: Wire dynamic_noise_filter_top.\ram_din [8] is used but has no driver.
Warning: Wire dynamic_noise_filter_top.\ram_din [7] is used but has no driver.
Warning: Wire dynamic_noise_filter_top.\ram_din [6] is used but has no driver.
Warning: Wire dynamic_noise_filter_top.\ram_din [5] is used but has no driver.
Warning: Wire dynamic_noise_filter_top.\ram_din [4] is used but has no driver.
Warning: Wire dynamic_noise_filter_top.\ram_din [3] is used but has no driver.
Warning: Wire dynamic_noise_filter_top.\ram_din [2] is used but has no driver.
Warning: Wire dynamic_noise_filter_top.\ram_din [1] is used but has no driver.
Warning: Wire dynamic_noise_filter_top.\ram_din [0] is used but has no driver.
Warning: Wire dynamic_noise_filter_top.\ram_we [3] is used but has no driver.
Warning: Wire dynamic_noise_filter_top.\ram_we [2] is used but has no driver.
Warning: Wire dynamic_noise_filter_top.\ram_we [1] is used but has no driver.
Warning: Wire dynamic_noise_filter_top.\ram_we [0] is used but has no driver.
Warning: Wire dynamic_noise_filter_top.\ram_en is used but has no driver.
Warning: Wire dynamic_noise_filter_top.\ram_addr [7] is used but has no driver.
Warning: Wire dynamic_noise_filter_top.\ram_addr [6] is used but has no driver.
Warning: Wire dynamic_noise_filter_top.\ram_addr [5] is used but has no driver.
Warning: Wire dynamic_noise_filter_top.\ram_addr [4] is used but has no driver.
Warning: Wire dynamic_noise_filter_top.\ram_addr [3] is used but has no driver.
Warning: Wire dynamic_noise_filter_top.\ram_addr [2] is used but has no driver.
Warning: Wire dynamic_noise_filter_top.\ram_addr [1] is used but has no driver.
Warning: Wire dynamic_noise_filter_top.\ram_addr [0] is used but has no driver.
Checking module spi_rx...
Checking module dynamic_noise_reduction...
Checking module spi_tx...
Checking module DFFRAM256x32...
Found and reported 45 problems.
