Clock: clk
Sources: clk 
Generated: no
Virtual: yes
Propagated: no
Period: 30.000000

===========================================================================
report_clock_properties
============================================================================
Clock                   Period          Waveform
----------------------------------------------------
clk                  30.000000    0.000000 15.000000

===========================================================================
report_clock_latency
============================================================================
Clock clk
rise -> rise
    min     max
0.000000 0.000000 source latency
1.019116         network latency filter.y_out[4]_sky130_fd_sc_hd__dfrtp_2_Q/CLK
        1.040199 network latency spi_out.shift_reg[6]_sky130_fd_sc_hd__dfrtp_2_Q/CLK
---------------
1.019116 1.040199 latency
        0.021083 skew

fall -> fall
    min     max
0.000000 0.000000 source latency
0.877016         network latency filter.y_out[4]_sky130_fd_sc_hd__dfrtp_2_Q/CLK
        0.895692 network latency spi_out.shift_reg[6]_sky130_fd_sc_hd__dfrtp_2_Q/CLK
---------------
0.877016 0.895692 latency
        0.018677 skew



===========================================================================
report_clock_min_period
============================================================================
clk period_min = 14.29 fmax = 70.00
