
===========================================================================
 report_power
============================================================================
======================= min_tt_025C_1v80 Corner ===================================

Group                    Internal    Switching      Leakage        Total
                            Power        Power        Power        Power (Watts)
------------------------------------------------------------------------
Sequential           3.710220e-04 3.144416e-05 1.802070e-10 4.024664e-04   1.7%
Combinational        1.067900e-02 1.211234e-02 1.155480e-08 2.279134e-02  98.0%
Clock                3.787434e-05 1.670790e-05 5.685172e-09 5.458792e-05   0.2%
Macro                0.000000e+00 0.000000e+00 0.000000e+00 0.000000e+00   0.0%
Pad                  0.000000e+00 0.000000e+00 0.000000e+00 0.000000e+00   0.0%
------------------------------------------------------------------------
Total                1.108789e-02 1.216049e-02 1.742017e-08 2.324840e-02 100.0%
                            47.7%        52.3%         0.0%

