Reading timing models for corner nom_tt_025C_1v80…
Reading timing library for the 'nom_tt_025C_1v80' corner at '/foss/pdks/volare/sky130/versions/0fe599b2afb6708d281543108caf8310912f54af/sky130A/libs.ref/sky130_fd_sc_hd/lib/sky130_fd_sc_hd__tt_025C_1v80.lib'…
Reading timing models for corner nom_ff_n40C_1v95…
Reading timing library for the 'nom_ff_n40C_1v95' corner at '/foss/pdks/volare/sky130/versions/0fe599b2afb6708d281543108caf8310912f54af/sky130A/libs.ref/sky130_fd_sc_hd/lib/sky130_fd_sc_hd__ff_n40C_1v95.lib'…
Reading timing models for corner nom_ss_100C_1v60…
Reading timing library for the 'nom_ss_100C_1v60' corner at '/foss/pdks/volare/sky130/versions/0fe599b2afb6708d281543108caf8310912f54af/sky130A/libs.ref/sky130_fd_sc_hd/lib/sky130_fd_sc_hd__ss_100C_1v60.lib'…
Reading OpenROAD database at '/home/asic/workspace/asic_project/runs/RUN_2025-06-17_21-07-06/33-openroad-detailedplacement/dynamic_noise_filter_top.odb'…
Reading design constraints file at '/usr/local/lib/python3.12/dist-packages/openlane/scripts/base.sdc'…
[INFO] Using clock clk…
[INFO] Setting output delay to: 6
[INFO] Setting input delay to: 6
[INFO] Setting load to: 0.033442
[INFO] Setting clock uncertainty to: 0.25
[INFO] Setting clock transition to: 0.1499999999999999944488848768742172978818416595458984375
[INFO] Setting timing derate to: 5%
[INFO] Setting RC values…
[INFO] Configuring cts characterization…
[INFO] Performing clock tree synthesis…
[INFO] Looking for the following net(s): clk
[INFO] Running Clock Tree Synthesis…
[INFO CTS-0050] Root buffer is sky130_fd_sc_hd__clkbuf_16.
[INFO CTS-0051] Sink buffer is sky130_fd_sc_hd__clkbuf_8.
[INFO CTS-0052] The following clock buffers will be used for CTS:
                    sky130_fd_sc_hd__clkbuf_2
                    sky130_fd_sc_hd__clkbuf_4
                    sky130_fd_sc_hd__clkbuf_8
[INFO CTS-0049] Characterization buffer is sky130_fd_sc_hd__clkbuf_8.
[INFO CTS-0007] Net "clk" found for clock "clk".
[INFO CTS-0010]  Clock net "clk" has 74 sinks.
[INFO CTS-0008] TritonCTS found 1 clock nets.
[INFO CTS-0097] Characterization used 3 buffer(s) types.
[INFO CTS-0200] 0 placement blockages have been identified.
[INFO CTS-0201] 0 placed hard macros will be treated like blockages.
[INFO CTS-0027] Generating H-Tree topology for net clk.
[INFO CTS-0028]  Total number of sinks: 74.
[INFO CTS-0029]  Sinks will be clustered in groups of up to 25 and with maximum cluster diameter of 50.0 um.
[INFO CTS-0030]  Number of static layers: 0.
[INFO CTS-0020]  Wire segment unit: 13600  dbu (13 um).
[INFO CTS-0023]  Original sink region: [(8545, 221740), (285395, 499180)].
[INFO CTS-0024]  Normalized sink region: [(0.628309, 16.3044), (20.9849, 36.7044)].
[INFO CTS-0025]     Width:  20.3566.
[INFO CTS-0026]     Height: 20.4000.
 Level 1
    Direction: Vertical
    Sinks per sub-region: 37
    Sub-region size: 20.3566 X 10.2000
[INFO CTS-0034]     Segment length (rounded): 6.
 Level 2
    Direction: Horizontal
    Sinks per sub-region: 19
    Sub-region size: 10.1783 X 10.2000
[INFO CTS-0034]     Segment length (rounded): 6.
 Level 3
    Direction: Vertical
    Sinks per sub-region: 10
    Sub-region size: 10.1783 X 5.1000
[INFO CTS-0034]     Segment length (rounded): 2.
[INFO CTS-0032]  Stop criterion found. Max number of sinks is 15.
[INFO CTS-0035]  Number of sinks covered: 74.
[INFO CTS-0018]     Created 9 clock buffers.
[INFO CTS-0012]     Minimum number of buffers in the clock path: 2.
[INFO CTS-0013]     Maximum number of buffers in the clock path: 2.
[INFO CTS-0015]     Created 9 clock nets.
[INFO CTS-0016]     Fanout distribution for the current clock = 5:1, 8:3, 9:1, 11:1, 12:1, 13:1..
[INFO CTS-0017]     Max level of the clock tree: 3.
[INFO CTS-0098] Clock net "clk"
[INFO CTS-0099]  Sinks 81
[INFO CTS-0100]  Leaf buffers 0
[INFO CTS-0101]  Average sink wire length 457.30 um
[INFO CTS-0102]  Path depth 2 - 2
[INFO CTS-0207]  Leaf load cells 7
[INFO] Repairing long wires on clock nets…
[INFO RSZ-0058] Using max wire length 6335um.
Setting global connections for newly added cells…
[INFO] Setting global connections...
Updating metrics…
Cell type report:                       Count       Area
  Fill cell                               498    1869.29
  Tap cell                               6651    8321.73
  Clock buffer                             11     246.49
  Timing Repair Buffer                     35     269.01
  Inverter                                 87     326.56
  Clock inverter                            5      61.31
  Sequential cell                          74    1895.57
  Multi-Input combinational cell          703    5595.37
  Total                                  8064   18585.32
Writing OpenROAD database to '/home/asic/workspace/asic_project/runs/RUN_2025-06-17_21-07-06/34-openroad-cts/dynamic_noise_filter_top.odb'…
Writing netlist to '/home/asic/workspace/asic_project/runs/RUN_2025-06-17_21-07-06/34-openroad-cts/dynamic_noise_filter_top.nl.v'…
Writing powered netlist to '/home/asic/workspace/asic_project/runs/RUN_2025-06-17_21-07-06/34-openroad-cts/dynamic_noise_filter_top.pnl.v'…
Writing layout to '/home/asic/workspace/asic_project/runs/RUN_2025-06-17_21-07-06/34-openroad-cts/dynamic_noise_filter_top.def'…
Writing timing constraints to '/home/asic/workspace/asic_project/runs/RUN_2025-06-17_21-07-06/34-openroad-cts/dynamic_noise_filter_top.sdc'…
[INFO] Legalizing…
Placement Analysis
---------------------------------
total displacement         41.1 u
average displacement        0.0 u
max displacement            5.6 u
original HPWL           29199.2 u
legalized HPWL          29680.3 u
delta HPWL                    2 %

[INFO DPL-0020] Mirrored 325 instances
[INFO DPL-0021] HPWL before           29680.3 u
[INFO DPL-0022] HPWL after            29185.2 u
[INFO DPL-0023] HPWL delta               -1.7 %
Setting global connections for newly added cells…
[INFO] Setting global connections...
Updating metrics…
Cell type report:                       Count       Area
  Fill cell                               498    1869.29
  Tap cell                               6651    8321.73
  Clock buffer                             11     246.49
  Timing Repair Buffer                     35     269.01
  Inverter                                 87     326.56
  Clock inverter                            5      61.31
  Sequential cell                          74    1895.57
  Multi-Input combinational cell          703    5595.37
  Total                                  8064   18585.32
Writing OpenROAD database to '/home/asic/workspace/asic_project/runs/RUN_2025-06-17_21-07-06/34-openroad-cts/dynamic_noise_filter_top.odb'…
Writing netlist to '/home/asic/workspace/asic_project/runs/RUN_2025-06-17_21-07-06/34-openroad-cts/dynamic_noise_filter_top.nl.v'…
Writing powered netlist to '/home/asic/workspace/asic_project/runs/RUN_2025-06-17_21-07-06/34-openroad-cts/dynamic_noise_filter_top.pnl.v'…
Writing layout to '/home/asic/workspace/asic_project/runs/RUN_2025-06-17_21-07-06/34-openroad-cts/dynamic_noise_filter_top.def'…
Writing timing constraints to '/home/asic/workspace/asic_project/runs/RUN_2025-06-17_21-07-06/34-openroad-cts/dynamic_noise_filter_top.sdc'…
%OL_CREATE_REPORT cts.rpt
[INFO CTS-0003] Total number of Clock Roots: 1.
[INFO CTS-0004] Total number of Buffers Inserted: 9.
[INFO CTS-0005] Total number of Clock Subnets: 9.
[INFO CTS-0006] Total number of Sinks: 74.
%OL_END_REPORT
