Net: filter.y_out\[15\]
  Pin:   filter.x_in\[0\]_sky130_fd_sc_hd__o21ai_2_A1_Y_sky130_fd_sc_hd__and2b_2_A_N_X_sky130_fd_sc_hd__o21ai_2_A2/B1 (sky130_fd_sc_hd__o21ai_2)
    Layer: mcon
      Partial area ratio:    0.06
      Required ratio:    3.00 (Gate area) 
      Cumulative area ratio:    0.06
      Required ratio:    0.00 (Cumulative area) 

    Layer: met1
      Partial area ratio:    2.04
      Required ratio:    0.00 (Gate area) 
      Cumulative area ratio:    2.04
      Required ratio:    0.00 (Cumulative area) 
      Partial area ratio:    9.60
      Required ratio:  400.00 (Side area) 
      Cumulative area ratio:    9.60
      Required ratio:    0.00 (Cumulative side area) 

    Layer: via
      Partial area ratio:    0.11
      Required ratio:    6.00 (Gate area) 
      Cumulative area ratio:    0.17
      Required ratio:    0.00 (Cumulative area) 

    Layer: met2
      Partial area ratio:   13.07
      Required ratio:    0.00 (Gate area) 
      Cumulative area ratio:   15.10
      Required ratio:    0.00 (Cumulative area) 
      Partial area ratio:   65.09
      Required ratio: 2956.40 (Side area) 
      Cumulative area ratio:   74.69
      Required ratio:    0.00 (Cumulative side area) 


  Pin:   filter.x_in\[0\]_sky130_fd_sc_hd__o21ai_2_A1_Y_sky130_fd_sc_hd__and2b_2_A_N_X_sky130_fd_sc_hd__or3_2_C/A (sky130_fd_sc_hd__or3_1)
    Layer: mcon
      Partial area ratio:    0.23
      Required ratio:    3.00 (Gate area) 
      Cumulative area ratio:    0.23
      Required ratio:    0.00 (Cumulative area) 

    Layer: met1
      Partial area ratio:    2.04
      Required ratio:    0.00 (Gate area) 
      Cumulative area ratio:    2.04
      Required ratio:    0.00 (Cumulative area) 
      Partial area ratio:    9.60
      Required ratio:  400.00 (Side area) 
      Cumulative area ratio:    9.60
      Required ratio:    0.00 (Cumulative side area) 

    Layer: via
      Partial area ratio:    0.11
      Required ratio:    6.00 (Gate area) 
      Cumulative area ratio:    0.34
      Required ratio:    0.00 (Cumulative area) 

    Layer: met2
      Partial area ratio:   13.07
      Required ratio:    0.00 (Gate area) 
      Cumulative area ratio:   15.10
      Required ratio:    0.00 (Cumulative area) 
      Partial area ratio:   65.09
      Required ratio: 2956.40 (Side area) 
      Cumulative area ratio:   74.69
      Required ratio:    0.00 (Cumulative side area) 


  Pin:   filter.x_in\[14\]_sky130_fd_sc_hd__inv_2_A_Y_sky130_fd_sc_hd__or2_2_A_B_sky130_fd_sc_hd__a21o_2_X_B1_sky130_fd_sc_hd__and2_2_A_B_sky130_fd_sc_hd__o22a_2_X/A1 (sky130_fd_sc_hd__o22a_1)
    Layer: mcon
      Partial area ratio:    0.12
      Required ratio:    3.00 (Gate area) 
      Cumulative area ratio:    0.12
      Required ratio:    0.00 (Cumulative area) 

    Layer: met1
      Partial area ratio:    3.67
      Required ratio:    0.00 (Gate area) 
      Cumulative area ratio:    3.67
      Required ratio:    0.00 (Cumulative area) 
      Partial area ratio:   17.63
      Required ratio:  400.00 (Side area) 
      Cumulative area ratio:   17.63
      Required ratio:    0.00 (Cumulative side area) 

    Layer: via
      Partial area ratio:    0.14
      Required ratio:    6.00 (Gate area) 
      Cumulative area ratio:    0.25
      Required ratio:    0.00 (Cumulative area) 

    Layer: met2
      Partial area ratio:   13.07
      Required ratio:    0.00 (Gate area) 
      Cumulative area ratio:   16.74
      Required ratio:    0.00 (Cumulative area) 
      Partial area ratio:   65.09
      Required ratio: 2956.40 (Side area) 
      Cumulative area ratio:   82.72
      Required ratio:    0.00 (Cumulative side area) 


  Pin:   filter.x_in\[14\]_sky130_fd_sc_hd__inv_2_A_Y_sky130_fd_sc_hd__or2_2_A_B_sky130_fd_sc_hd__a21o_2_X_B1_sky130_fd_sc_hd__and2_2_A_B_sky130_fd_sc_hd__o22a_2_X_B1_sky130_fd_sc_hd__nand2_2_Y/A (sky130_fd_sc_hd__nand2_1)
    Layer: mcon
      Partial area ratio:    0.12
      Required ratio:    3.00 (Gate area) 
      Cumulative area ratio:    0.12
      Required ratio:    0.00 (Cumulative area) 

    Layer: met1
      Partial area ratio:    3.67
      Required ratio:    0.00 (Gate area) 
      Cumulative area ratio:    3.67
      Required ratio:    0.00 (Cumulative area) 
      Partial area ratio:   17.63
      Required ratio:  400.00 (Side area) 
      Cumulative area ratio:   17.63
      Required ratio:    0.00 (Cumulative side area) 

    Layer: via
      Partial area ratio:    0.14
      Required ratio:    6.00 (Gate area) 
      Cumulative area ratio:    0.25
      Required ratio:    0.00 (Cumulative area) 

    Layer: met2
      Partial area ratio:   13.07
      Required ratio:    0.00 (Gate area) 
      Cumulative area ratio:   16.74
      Required ratio:    0.00 (Cumulative area) 
      Partial area ratio:   65.09
      Required ratio: 2956.40 (Side area) 
      Cumulative area ratio:   82.72
      Required ratio:    0.00 (Cumulative side area) 


  Pin:   filter.y_out\[15\]_sky130_fd_sc_hd__dfrtp_2_Q_D_sky130_fd_sc_hd__and3_2_X_B_sky130_fd_sc_hd__a21boi_2_Y_A1_sky130_fd_sc_hd__a22oi_2_Y/B2 (sky130_fd_sc_hd__a22oi_2)
    Layer: mcon
      Partial area ratio:    0.06
      Required ratio:    3.00 (Gate area) 
      Cumulative area ratio:    0.06
      Required ratio:    0.00 (Cumulative area) 

    Layer: met1
      Partial area ratio:   14.12
      Required ratio:    0.00 (Gate area) 
      Cumulative area ratio:   14.12
      Required ratio:    0.00 (Cumulative area) 
      Partial area ratio:   69.72
      Required ratio: 2956.40 (Side area) 
      Cumulative area ratio:   69.72
      Required ratio:    0.00 (Cumulative side area) 

    Layer: via
      Partial area ratio:    0.15
      Required ratio:   38.08 (Gate area) 
      Cumulative area ratio:    0.21
      Required ratio:    0.00 (Cumulative area) 

    Layer: met2
      Partial area ratio:   13.07
      Required ratio:    0.00 (Gate area) 
      Cumulative area ratio:   27.19
      Required ratio:    0.00 (Cumulative area) 
      Partial area ratio:   65.09
      Required ratio: 2956.40 (Side area) 
      Cumulative area ratio:  134.81
      Required ratio:    0.00 (Cumulative side area) 


  Pin:   filter.y_out\[15\]_sky130_fd_sc_hd__dfrtp_2_Q_D_sky130_fd_sc_hd__and3_2_X_B_sky130_fd_sc_hd__a21boi_2_Y_A1_sky130_fd_sc_hd__a22oi_2_Y_A2_sky130_fd_sc_hd__a21oi_2_Y/B1 (sky130_fd_sc_hd__a21oi_1)
    Layer: mcon
      Partial area ratio:    0.12
      Required ratio:    3.00 (Gate area) 
      Cumulative area ratio:    0.12
      Required ratio:    0.00 (Cumulative area) 

    Layer: met1
      Partial area ratio:    2.36
      Required ratio:    0.00 (Gate area) 
      Cumulative area ratio:    2.36
      Required ratio:    0.00 (Cumulative area) 
      Partial area ratio:   11.03
      Required ratio:  400.00 (Side area) 
      Cumulative area ratio:   11.03
      Required ratio:    0.00 (Cumulative side area) 

    Layer: via
      Partial area ratio:    0.18
      Required ratio:    6.00 (Gate area) 
      Cumulative area ratio:    0.30
      Required ratio:    0.00 (Cumulative area) 

    Layer: met2
      Partial area ratio:   13.07
      Required ratio:    0.00 (Gate area) 
      Cumulative area ratio:   15.42
      Required ratio:    0.00 (Cumulative area) 
      Partial area ratio:   65.09
      Required ratio: 2956.40 (Side area) 
      Cumulative area ratio:   76.12
      Required ratio:    0.00 (Cumulative side area) 


  Pin:   filter.y_out\[15\]_sky130_fd_sc_hd__dfrtp_2_Q_D_sky130_fd_sc_hd__and3_2_X_B_sky130_fd_sc_hd__a21boi_2_Y_A2_sky130_fd_sc_hd__o21ai_2_Y_A2_sky130_fd_sc_hd__xnor2_2_Y_B_sky130_fd_sc_hd__o21ai_2_Y/A1 (sky130_fd_sc_hd__o21ai_1)
    Layer: mcon
      Partial area ratio:    0.12
      Required ratio:    3.00 (Gate area) 
      Cumulative area ratio:    0.12
      Required ratio:    0.00 (Cumulative area) 

    Layer: met1
      Partial area ratio:   14.12
      Required ratio:    0.00 (Gate area) 
      Cumulative area ratio:   14.12
      Required ratio:    0.00 (Cumulative area) 
      Partial area ratio:   69.72
      Required ratio: 2956.40 (Side area) 
      Cumulative area ratio:   69.72
      Required ratio:    0.00 (Cumulative side area) 

    Layer: via
      Partial area ratio:    0.15
      Required ratio:   38.08 (Gate area) 
      Cumulative area ratio:    0.27
      Required ratio:    0.00 (Cumulative area) 

    Layer: met2
      Partial area ratio:   13.07
      Required ratio:    0.00 (Gate area) 
      Cumulative area ratio:   27.19
      Required ratio:    0.00 (Cumulative area) 
      Partial area ratio:   65.09
      Required ratio: 2956.40 (Side area) 
      Cumulative area ratio:  134.81
      Required ratio:    0.00 (Cumulative side area) 


  Pin:   spi_out.shift_reg\[14\]_sky130_fd_sc_hd__mux2_1_A1/A0 (sky130_fd_sc_hd__mux2_1)
    Layer: mcon
      Partial area ratio:    0.23
      Required ratio:    3.00 (Gate area) 
      Cumulative area ratio:    0.23
      Required ratio:    0.00 (Cumulative area) 

    Layer: met1
      Partial area ratio:  245.79
      Required ratio:    0.00 (Gate area) 
      Cumulative area ratio:  245.79
      Required ratio:    0.00 (Cumulative area) 
      Partial area ratio: 1226.63
      Required ratio:  400.00 (Side area) (VIOLATED)
      Cumulative area ratio: 1226.63
      Required ratio:    0.00 (Cumulative side area) 

    Layer: via
      Partial area ratio:    0.54
      Required ratio:    6.00 (Gate area) 
      Cumulative area ratio:    0.77
      Required ratio:    0.00 (Cumulative area) 

    Layer: met2
      Partial area ratio:   13.07
      Required ratio:    0.00 (Gate area) 
      Cumulative area ratio:  258.86
      Required ratio:    0.00 (Cumulative area) 
      Partial area ratio:   65.09
      Required ratio: 2956.40 (Side area) 
      Cumulative area ratio: 1291.72
      Required ratio:    0.00 (Cumulative side area) 



Net: filter.y_out\[1\]
  Pin:   filter.x_in\[2\]_sky130_fd_sc_hd__inv_2_A_Y_sky130_fd_sc_hd__o2bb2ai_2_B2_A2_N_sky130_fd_sc_hd__a21o_2_B1/A1 (sky130_fd_sc_hd__a21o_2)
    Layer: mcon
      Partial area ratio:    0.12
      Required ratio:    3.00 (Gate area) 
      Cumulative area ratio:    0.12
      Required ratio:    0.00 (Cumulative area) 

    Layer: met1
      Partial area ratio:    4.15
      Required ratio:    0.00 (Gate area) 
      Cumulative area ratio:    4.15
      Required ratio:    0.00 (Cumulative area) 
      Partial area ratio:   20.46
      Required ratio:  400.00 (Side area) 
      Cumulative area ratio:   20.46
      Required ratio:    0.00 (Cumulative side area) 

    Layer: via
      Partial area ratio:    0.05
      Required ratio:    6.00 (Gate area) 
      Cumulative area ratio:    0.17
      Required ratio:    0.00 (Cumulative area) 

    Layer: met2
      Partial area ratio:    4.07
      Required ratio:    0.00 (Gate area) 
      Cumulative area ratio:    8.22
      Required ratio:    0.00 (Cumulative area) 
      Partial area ratio:   20.19
      Required ratio: 2956.40 (Side area) 
      Cumulative area ratio:   40.65
      Required ratio:    0.00 (Cumulative side area) 


  Pin:   filter.x_in\[3\]_sky130_fd_sc_hd__a21oi_2_B1/A1 (sky130_fd_sc_hd__a21oi_1)
    Layer: mcon
      Partial area ratio:    0.12
      Required ratio:    3.00 (Gate area) 
      Cumulative area ratio:    0.12
      Required ratio:    0.00 (Cumulative area) 

    Layer: met1
      Partial area ratio:   11.25
      Required ratio:    0.00 (Gate area) 
      Cumulative area ratio:   11.25
      Required ratio:    0.00 (Cumulative area) 
      Partial area ratio:   55.26
      Required ratio:  400.00 (Side area) 
      Cumulative area ratio:   55.26
      Required ratio:    0.00 (Cumulative side area) 

    Layer: via
      Partial area ratio:    0.18
      Required ratio:    6.00 (Gate area) 
      Cumulative area ratio:    0.30
      Required ratio:    0.00 (Cumulative area) 

    Layer: met2
      Partial area ratio:    4.07
      Required ratio:    0.00 (Gate area) 
      Cumulative area ratio:   15.32
      Required ratio:    0.00 (Cumulative area) 
      Partial area ratio:   20.19
      Required ratio: 2956.40 (Side area) 
      Cumulative area ratio:   75.45
      Required ratio:    0.00 (Cumulative side area) 


  Pin:   filter.x_in\[3\]_sky130_fd_sc_hd__and3_2_A/B (sky130_fd_sc_hd__and3_1)
    Layer: mcon
      Partial area ratio:    0.23
      Required ratio:    3.00 (Gate area) 
      Cumulative area ratio:    0.23
      Required ratio:    0.00 (Cumulative area) 

    Layer: met1
      Partial area ratio:   11.25
      Required ratio:    0.00 (Gate area) 
      Cumulative area ratio:   11.25
      Required ratio:    0.00 (Cumulative area) 
      Partial area ratio:   55.26
      Required ratio:  400.00 (Side area) 
      Cumulative area ratio:   55.26
      Required ratio:    0.00 (Cumulative side area) 

    Layer: via
      Partial area ratio:    0.18
      Required ratio:    6.00 (Gate area) 
      Cumulative area ratio:    0.41
      Required ratio:    0.00 (Cumulative area) 

    Layer: met2
      Partial area ratio:    4.07
      Required ratio:    0.00 (Gate area) 
      Cumulative area ratio:   15.32
      Required ratio:    0.00 (Cumulative area) 
      Partial area ratio:   20.19
      Required ratio: 2956.40 (Side area) 
      Cumulative area ratio:   75.45
      Required ratio:    0.00 (Cumulative side area) 


  Pin:   filter.x_in\[4\]_sky130_fd_sc_hd__xnor2_2_A_B_sky130_fd_sc_hd__a21oi_2_Y_B1_sky130_fd_sc_hd__and2b_2_X_B_sky130_fd_sc_hd__a31o_2_X_A2_sky130_fd_sc_hd__nand2_2_Y/A (sky130_fd_sc_hd__nand2_1)
    Layer: mcon
      Partial area ratio:    0.12
      Required ratio:    3.00 (Gate area) 
      Cumulative area ratio:    0.12
      Required ratio:    0.00 (Cumulative area) 

    Layer: met1
      Partial area ratio:    2.07
      Required ratio:    0.00 (Gate area) 
      Cumulative area ratio:    2.07
      Required ratio:    0.00 (Cumulative area) 
      Partial area ratio:    9.62
      Required ratio:  400.00 (Side area) 
      Cumulative area ratio:    9.62
      Required ratio:    0.00 (Cumulative side area) 

    Layer: via
      Partial area ratio:    0.18
      Required ratio:    6.00 (Gate area) 
      Cumulative area ratio:    0.30
      Required ratio:    0.00 (Cumulative area) 

    Layer: met2
      Partial area ratio:    4.07
      Required ratio:    0.00 (Gate area) 
      Cumulative area ratio:    6.14
      Required ratio:    0.00 (Cumulative area) 
      Partial area ratio:   20.19
      Required ratio: 2956.40 (Side area) 
      Cumulative area ratio:   29.81
      Required ratio:    0.00 (Cumulative side area) 


  Pin:   filter.x_in\[4\]_sky130_fd_sc_hd__xnor2_2_A_B_sky130_fd_sc_hd__a21oi_2_Y_B1_sky130_fd_sc_hd__and2b_2_X_B_sky130_fd_sc_hd__a31o_2_X_A3_sky130_fd_sc_hd__or2_2_X/A (sky130_fd_sc_hd__or2_1)
    Layer: mcon
      Partial area ratio:    0.23
      Required ratio:    3.00 (Gate area) 
      Cumulative area ratio:    0.23
      Required ratio:    0.00 (Cumulative area) 

    Layer: met1
      Partial area ratio:    4.15
      Required ratio:    0.00 (Gate area) 
      Cumulative area ratio:    4.15
      Required ratio:    0.00 (Cumulative area) 
      Partial area ratio:   20.46
      Required ratio:  400.00 (Side area) 
      Cumulative area ratio:   20.46
      Required ratio:    0.00 (Cumulative side area) 

    Layer: via
      Partial area ratio:    0.05
      Required ratio:    6.00 (Gate area) 
      Cumulative area ratio:    0.28
      Required ratio:    0.00 (Cumulative area) 

    Layer: met2
      Partial area ratio:    4.07
      Required ratio:    0.00 (Gate area) 
      Cumulative area ratio:    8.22
      Required ratio:    0.00 (Cumulative area) 
      Partial area ratio:   20.19
      Required ratio: 2956.40 (Side area) 
      Cumulative area ratio:   40.65
      Required ratio:    0.00 (Cumulative side area) 


  Pin:   filter.x_in\[6\]_sky130_fd_sc_hd__and2_2_A_B_sky130_fd_sc_hd__a31o_2_X_B1_sky130_fd_sc_hd__and2_2_X_B_sky130_fd_sc_hd__o22a_2_X_B2_sky130_fd_sc_hd__nand2b_2_Y_A_N_sky130_fd_sc_hd__and2_2_B_X_sky130_fd_sc_hd__o211a_2_A1_X_sky130_fd_sc_hd__o31ai_2_A1_A3_sky130_fd_sc_hd__a21bo_2_X_B1_N_sky130_fd_sc_hd__a32o_2_X/A2 (sky130_fd_sc_hd__a32o_1)
    Layer: mcon
      Partial area ratio:    0.12
      Required ratio:    3.00 (Gate area) 
      Cumulative area ratio:    0.12
      Required ratio:    0.00 (Cumulative area) 

    Layer: met1
      Partial area ratio:    4.15
      Required ratio:    0.00 (Gate area) 
      Cumulative area ratio:    4.15
      Required ratio:    0.00 (Cumulative area) 
      Partial area ratio:   20.46
      Required ratio:  400.00 (Side area) 
      Cumulative area ratio:   20.46
      Required ratio:    0.00 (Cumulative side area) 

    Layer: via
      Partial area ratio:    0.05
      Required ratio:    6.00 (Gate area) 
      Cumulative area ratio:    0.17
      Required ratio:    0.00 (Cumulative area) 

    Layer: met2
      Partial area ratio:    4.07
      Required ratio:    0.00 (Gate area) 
      Cumulative area ratio:    8.22
      Required ratio:    0.00 (Cumulative area) 
      Partial area ratio:   20.19
      Required ratio: 2956.40 (Side area) 
      Cumulative area ratio:   40.65
      Required ratio:    0.00 (Cumulative side area) 


  Pin:   filter.y_out\[1\]_sky130_fd_sc_hd__xor2_2_A/A (sky130_fd_sc_hd__xor2_4)
    Layer: mcon
      Partial area ratio:    0.01
      Required ratio:    3.00 (Gate area) 
      Cumulative area ratio:    0.01
      Required ratio:    0.00 (Cumulative area) 

    Layer: met1
      Partial area ratio:    4.15
      Required ratio:    0.00 (Gate area) 
      Cumulative area ratio:    4.15
      Required ratio:    0.00 (Cumulative area) 
      Partial area ratio:   20.46
      Required ratio:  400.00 (Side area) 
      Cumulative area ratio:   20.46
      Required ratio:    0.00 (Cumulative side area) 

    Layer: via
      Partial area ratio:    0.05
      Required ratio:    6.00 (Gate area) 
      Cumulative area ratio:    0.07
      Required ratio:    0.00 (Cumulative area) 

    Layer: met2
      Partial area ratio:    4.07
      Required ratio:    0.00 (Gate area) 
      Cumulative area ratio:    8.22
      Required ratio:    0.00 (Cumulative area) 
      Partial area ratio:   20.19
      Required ratio: 2956.40 (Side area) 
      Cumulative area ratio:   40.65
      Required ratio:    0.00 (Cumulative side area) 


  Pin:   spi_out.shift_reg\[0\]_sky130_fd_sc_hd__mux2_1_A1/A0 (sky130_fd_sc_hd__mux2_1)
    Layer: mcon
      Partial area ratio:    0.23
      Required ratio:    3.00 (Gate area) 
      Cumulative area ratio:    0.23
      Required ratio:    0.00 (Cumulative area) 

    Layer: met1
      Partial area ratio:  118.71
      Required ratio:    0.00 (Gate area) 
      Cumulative area ratio:  118.71
      Required ratio:    0.00 (Cumulative area) 
      Partial area ratio:  592.06
      Required ratio:  400.00 (Side area) (VIOLATED)
      Cumulative area ratio:  592.06
      Required ratio:    0.00 (Cumulative side area) 

    Layer: via
      Partial area ratio:    0.36
      Required ratio:    6.00 (Gate area) 
      Cumulative area ratio:    0.59
      Required ratio:    0.00 (Cumulative area) 

    Layer: met2
      Partial area ratio:    4.07
      Required ratio:    0.00 (Gate area) 
      Cumulative area ratio:  122.78
      Required ratio:    0.00 (Cumulative area) 
      Partial area ratio:   20.19
      Required ratio: 2956.40 (Side area) 
      Cumulative area ratio:  612.24
      Required ratio:    0.00 (Cumulative side area) 



Net: filter.y_out\[7\]
  Pin:   filter.x_in\[10\]_sky130_fd_sc_hd__or2_2_A_B_sky130_fd_sc_hd__xor2_2_X_B_sky130_fd_sc_hd__a31o_2_X_A2_sky130_fd_sc_hd__xor2_2_X_A_sky130_fd_sc_hd__a21o_2_B1_A2_sky130_fd_sc_hd__o21ba_2_A2_B1_N_sky130_fd_sc_hd__and3_2_X/A (sky130_fd_sc_hd__and3_1)
    Layer: mcon
      Partial area ratio:    0.23
      Required ratio:    3.00 (Gate area) 
      Cumulative area ratio:    0.23
      Required ratio:    0.00 (Cumulative area) 

    Layer: met1
      Partial area ratio:   11.16
      Required ratio:    0.00 (Gate area) 
      Cumulative area ratio:   11.16
      Required ratio:    0.00 (Cumulative area) 
      Partial area ratio:   53.71
      Required ratio:  400.00 (Side area) 
      Cumulative area ratio:   53.71
      Required ratio:    0.00 (Cumulative side area) 

    Layer: via
      Partial area ratio:    0.51
      Required ratio:    6.00 (Gate area) 
      Cumulative area ratio:    0.74
      Required ratio:    0.00 (Cumulative area) 

    Layer: met2
      Partial area ratio:   10.20
      Required ratio:    0.00 (Gate area) 
      Cumulative area ratio:   21.36
      Required ratio:    0.00 (Cumulative area) 
      Partial area ratio:   50.18
      Required ratio: 2956.40 (Side area) 
      Cumulative area ratio:  103.89
      Required ratio:    0.00 (Cumulative side area) 


  Pin:   filter.x_in\[10\]_sky130_fd_sc_hd__or2_2_A_B_sky130_fd_sc_hd__xor2_2_X_B_sky130_fd_sc_hd__a31o_2_X_A3_sky130_fd_sc_hd__xnor2_2_Y_A_sky130_fd_sc_hd__o21ai_2_B1/A1 (sky130_fd_sc_hd__o21ai_1)
    Layer: mcon
      Partial area ratio:    0.12
      Required ratio:    3.00 (Gate area) 
      Cumulative area ratio:    0.12
      Required ratio:    0.00 (Cumulative area) 

    Layer: met1
      Partial area ratio:    3.63
      Required ratio:    0.00 (Gate area) 
      Cumulative area ratio:    3.63
      Required ratio:    0.00 (Cumulative area) 
      Partial area ratio:   17.41
      Required ratio:  400.00 (Side area) 
      Cumulative area ratio:   17.41
      Required ratio:    0.00 (Cumulative side area) 

    Layer: via
      Partial area ratio:    0.18
      Required ratio:    6.00 (Gate area) 
      Cumulative area ratio:    0.30
      Required ratio:    0.00 (Cumulative area) 

    Layer: met2
      Partial area ratio:   10.20
      Required ratio:    0.00 (Gate area) 
      Cumulative area ratio:   13.84
      Required ratio:    0.00 (Cumulative area) 
      Partial area ratio:   50.18
      Required ratio: 2956.40 (Side area) 
      Cumulative area ratio:   67.59
      Required ratio:    0.00 (Cumulative side area) 


  Pin:   spi_out.shift_reg\[6\]_sky130_fd_sc_hd__mux2_1_A1/A0 (sky130_fd_sc_hd__mux2_1)
    Layer: mcon
      Partial area ratio:    0.23
      Required ratio:    3.00 (Gate area) 
      Cumulative area ratio:    0.23
      Required ratio:    0.00 (Cumulative area) 

    Layer: met1
      Partial area ratio:  102.88
      Required ratio:    0.00 (Gate area) 
      Cumulative area ratio:  102.88
      Required ratio:    0.00 (Cumulative area) 
      Partial area ratio:  512.06
      Required ratio:  400.00 (Side area) (VIOLATED)
      Cumulative area ratio:  512.06
      Required ratio:    0.00 (Cumulative side area) 

    Layer: via
      Partial area ratio:    0.54
      Required ratio:    6.00 (Gate area) 
      Cumulative area ratio:    0.77
      Required ratio:    0.00 (Cumulative area) 

    Layer: met2
      Partial area ratio:   10.20
      Required ratio:    0.00 (Gate area) 
      Cumulative area ratio:  113.08
      Required ratio:    0.00 (Cumulative area) 
      Partial area ratio:   50.18
      Required ratio: 2956.40 (Side area) 
      Cumulative area ratio:  562.24
      Required ratio:    0.00 (Cumulative side area) 


  Pin:   fanout18/A (sky130_fd_sc_hd__buf_4)
    Layer: mcon
      Partial area ratio:    0.12
      Required ratio:    3.00 (Gate area) 
      Cumulative area ratio:    0.12
      Required ratio:    0.00 (Cumulative area) 

    Layer: met1
      Partial area ratio:   18.48
      Required ratio:    0.00 (Gate area) 
      Cumulative area ratio:   18.48
      Required ratio:    0.00 (Cumulative area) 
      Partial area ratio:   91.21
      Required ratio:  400.00 (Side area) 
      Cumulative area ratio:   91.21
      Required ratio:    0.00 (Cumulative side area) 

    Layer: via
      Partial area ratio:    0.27
      Required ratio:    6.00 (Gate area) 
      Cumulative area ratio:    0.39
      Required ratio:    0.00 (Cumulative area) 

    Layer: met2
      Partial area ratio:   10.20
      Required ratio:    0.00 (Gate area) 
      Cumulative area ratio:   28.68
      Required ratio:    0.00 (Cumulative area) 
      Partial area ratio:   50.18
      Required ratio: 2956.40 (Side area) 
      Cumulative area ratio:  141.39
      Required ratio:    0.00 (Cumulative side area) 



[INFO ANT-0002] Found 3 net violations.
[INFO ANT-0001] Found 3 pin violations.
