
===========================================================================
report_checks -unconstrained
===========================================================================
======================= max_tt_025C_1v80 Corner ===================================

Startpoint: reset (input port clocked by clk)
Endpoint: filter.x_in[11]_sky130_fd_sc_hd__dfrtp_2_Q
          (recovery check against rising-edge clock clk)
Path Group: asynchronous
Path Type: max

Fanout         Cap        Slew       Delay        Time   Description
---------------------------------------------------------------------------------------------
                                  0.000000    0.000000   clock clk (rise edge)
                                  0.000000    0.000000   clock network delay (propagated)
                                  6.000000    6.000000 v input external delay
     1    0.002638    0.008241    0.004200    6.004200 v reset (in)
                                                         reset (net)
                      0.008247    0.000000    6.004200 v input1/A (sky130_fd_sc_hd__clkbuf_1)
     1    0.003638    0.030764    0.076207    6.080408 v input1/X (sky130_fd_sc_hd__clkbuf_1)
                                                         net1 (net)
                      0.030765    0.000214    6.080622 v fanout35/A (sky130_fd_sc_hd__clkbuf_4)
     5    0.069008    0.140414    0.222738    6.303360 v fanout35/X (sky130_fd_sc_hd__clkbuf_4)
                                                         net35 (net)
                      0.140583    0.004076    6.307436 v fanout28/A (sky130_fd_sc_hd__clkbuf_4)
     5    0.059804    0.124373    0.256711    6.564147 v fanout28/X (sky130_fd_sc_hd__clkbuf_4)
                                                         net28 (net)
                      0.124462    0.002836    6.566983 v fanout27/A (sky130_fd_sc_hd__clkbuf_4)
     6    0.050572    0.108805    0.239664    6.806647 v fanout27/X (sky130_fd_sc_hd__clkbuf_4)
                                                         net27 (net)
                      0.108856    0.002341    6.808988 v fanout26/A (sky130_fd_sc_hd__buf_4)
    10    0.072282    0.098613    0.230931    7.039919 v fanout26/X (sky130_fd_sc_hd__buf_4)
                                                         net26 (net)
                      0.099424    0.006888    7.046808 v filter.x_in[11]_sky130_fd_sc_hd__dfrtp_2_Q_RESET_B_sky130_fd_sc_hd__inv_2_Y/A (sky130_fd_sc_hd__inv_2)
     1    0.004548    0.039680    0.067133    7.113941 ^ filter.x_in[11]_sky130_fd_sc_hd__dfrtp_2_Q_RESET_B_sky130_fd_sc_hd__inv_2_Y/Y (sky130_fd_sc_hd__inv_2)
                                                         filter.x_in[11]_sky130_fd_sc_hd__dfrtp_2_Q_RESET_B (net)
                      0.039680    0.000124    7.114065 ^ filter.x_in[11]_sky130_fd_sc_hd__dfrtp_2_Q/RESET_B (sky130_fd_sc_hd__dfrtp_1)
                                              7.114065   data arrival time

                                 30.000000   30.000000   clock clk (rise edge)
                                  0.000000   30.000000   clock source latency
     1    0.042471    0.195723    0.139533   30.139532 ^ clk (in)
                                                         clk (net)
                      0.196308    0.000000   30.139532 ^ clkbuf_0_clk/A (sky130_fd_sc_hd__clkbuf_16)
     8    0.141131    0.155192    0.256573   30.396107 ^ clkbuf_0_clk/X (sky130_fd_sc_hd__clkbuf_16)
                                                         clknet_0_clk (net)
                      0.159293    0.019849   30.415955 ^ clkbuf_3_0__f_clk/A (sky130_fd_sc_hd__clkbuf_16)
    10    0.043467    0.063681    0.183196   30.599152 ^ clkbuf_3_0__f_clk/X (sky130_fd_sc_hd__clkbuf_16)
                                                         clknet_3_0__leaf_clk (net)
                      0.063892    0.003077   30.602228 ^ filter.x_in[11]_sky130_fd_sc_hd__dfrtp_2_Q/CLK (sky130_fd_sc_hd__dfrtp_1)
                                 -0.250000   30.352226   clock uncertainty
                                  0.000000   30.352226   clock reconvergence pessimism
                                  0.237497   30.589725   library recovery time
                                             30.589725   data required time
---------------------------------------------------------------------------------------------
                                             30.589725   data required time
                                             -7.114065   data arrival time
---------------------------------------------------------------------------------------------
                                             23.475660   slack (MET)


Startpoint: spi_sel (input port clocked by clk)
Endpoint: filter.x_in[2]_sky130_fd_sc_hd__dfrtp_2_Q
          (rising edge-triggered flip-flop clocked by clk)
Path Group: clk
Path Type: max

Fanout         Cap        Slew       Delay        Time   Description
---------------------------------------------------------------------------------------------
                                  0.000000    0.000000   clock clk (rise edge)
                                  0.000000    0.000000   clock network delay (propagated)
                                  6.000000    6.000000 v input external delay
     1    0.002751    0.008503    0.004392    6.004392 v spi_sel (in)
                                                         spi_sel (net)
                      0.008509    0.000000    6.004392 v input4/A (sky130_fd_sc_hd__buf_1)
     3    0.012904    0.080705    0.116605    6.120997 v input4/X (sky130_fd_sc_hd__buf_1)
                                                         net4 (net)
                      0.080714    0.000897    6.121893 v spi_sel_sky130_fd_sc_hd__nor3b_2_A/A (sky130_fd_sc_hd__nor3b_1)
     1    0.010660    0.372938    0.366620    6.488513 ^ spi_sel_sky130_fd_sc_hd__nor3b_2_A/Y (sky130_fd_sc_hd__nor3b_1)
                                                         spi_sel_sky130_fd_sc_hd__nor3b_2_A_Y (net)
                      0.372942    0.000977    6.489490 ^ fanout16/A (sky130_fd_sc_hd__clkbuf_8)
     9    0.089958    0.163938    0.298173    6.787663 ^ fanout16/X (sky130_fd_sc_hd__clkbuf_8)
                                                         net16 (net)
                      0.163992    0.002651    6.790313 ^ fanout15/A (sky130_fd_sc_hd__buf_4)
    10    0.071750    0.201087    0.261909    7.052223 ^ fanout15/X (sky130_fd_sc_hd__buf_4)
                                                         net15 (net)
                      0.201354    0.006043    7.058266 ^ spi_in.bit_cnt[1]_sky130_fd_sc_hd__and3_2_A/C (sky130_fd_sc_hd__and3_1)
     4    0.014155    0.149696    0.260798    7.319064 ^ spi_in.bit_cnt[1]_sky130_fd_sc_hd__and3_2_A/X (sky130_fd_sc_hd__and3_1)
                                                         spi_in.bit_cnt[1]_sky130_fd_sc_hd__and3_2_A_X (net)
                      0.149696    0.000557    7.319621 ^ spi_in.bit_cnt[3]_sky130_fd_sc_hd__and3_2_A/C (sky130_fd_sc_hd__and3_1)
     2    0.022749    0.227769    0.306808    7.626430 ^ spi_in.bit_cnt[3]_sky130_fd_sc_hd__and3_2_A/X (sky130_fd_sc_hd__and3_1)
                                                         spi_in.bit_cnt[3]_sky130_fd_sc_hd__and3_2_A_X (net)
                      0.227777    0.001118    7.627548 ^ fanout11/A (sky130_fd_sc_hd__buf_4)
     8    0.079903    0.222934    0.293575    7.921123 ^ fanout11/X (sky130_fd_sc_hd__buf_4)
                                                         net11 (net)
                      0.223909    0.011954    7.933077 ^ filter.x_in[2]_sky130_fd_sc_hd__mux2_1_A0/S (sky130_fd_sc_hd__mux2_1)
     1    0.002532    0.053517    0.341772    8.274849 v filter.x_in[2]_sky130_fd_sc_hd__mux2_1_A0/X (sky130_fd_sc_hd__mux2_1)
                                                         filter.x_in[2]_sky130_fd_sc_hd__dfrtp_2_Q_D (net)
                      0.053517    0.000174    8.275023 v hold24/A (sky130_fd_sc_hd__dlygate4sd3_1)
     1    0.002468    0.050956    0.548463    8.823485 v hold24/X (sky130_fd_sc_hd__dlygate4sd3_1)
                                                         net59 (net)
                      0.050956    0.000169    8.823654 v filter.x_in[2]_sky130_fd_sc_hd__dfrtp_2_Q/D (sky130_fd_sc_hd__dfrtp_1)
                                              8.823654   data arrival time

                                 30.000000   30.000000   clock clk (rise edge)
                                  0.000000   30.000000   clock source latency
     1    0.042471    0.195723    0.139533   30.139532 ^ clk (in)
                                                         clk (net)
                      0.196308    0.000000   30.139532 ^ clkbuf_0_clk/A (sky130_fd_sc_hd__clkbuf_16)
     8    0.141131    0.155192    0.256573   30.396107 ^ clkbuf_0_clk/X (sky130_fd_sc_hd__clkbuf_16)
                                                         clknet_0_clk (net)
                      0.155981    0.009020   30.405127 ^ clkbuf_3_7__f_clk/A (sky130_fd_sc_hd__clkbuf_16)
     9    0.050765    0.070243    0.186674   30.591801 ^ clkbuf_3_7__f_clk/X (sky130_fd_sc_hd__clkbuf_16)
                                                         clknet_3_7__leaf_clk (net)
                      0.070972    0.005258   30.597057 ^ filter.x_in[2]_sky130_fd_sc_hd__dfrtp_2_Q/CLK (sky130_fd_sc_hd__dfrtp_1)
                                 -0.250000   30.347057   clock uncertainty
                                  0.000000   30.347057   clock reconvergence pessimism
                                 -0.110925   30.236132   library setup time
                                             30.236132   data required time
---------------------------------------------------------------------------------------------
                                             30.236132   data required time
                                             -8.823654   data arrival time
---------------------------------------------------------------------------------------------
                                             21.412476   slack (MET)




===========================================================================
report_checks --slack_max -0.01
============================================================================
======================= max_tt_025C_1v80 Corner ===================================

No paths found.


===========================================================================
 report_check_types -max_slew -max_cap -max_fanout -violators
============================================================================
======================= max_tt_025C_1v80 Corner ===================================

max fanout

Pin                                   Limit Fanout  Slack
---------------------------------------------------------
clkbuf_3_4__f_clk/X                      10     13     -3 (VIOLATED)
clkbuf_3_5__f_clk/X                      10     13     -3 (VIOLATED)
clkbuf_3_1__f_clk/X                      10     12     -2 (VIOLATED)
filter.y_out[14]_sky130_fd_sc_hd__dfrtp_2_Q/Q     10     11        (VIOLATED)



===========================================================================
report_parasitic_annotation -report_unannotated
============================================================================
Found 7 unannotated drivers.
 clkload0/Y
 clkload1/X
 clkload2/Y
 clkload3/Y
 clkload4/X
 clkload5/Y
 clkload6/Y
Found 0 partially unannotated drivers.

===========================================================================
max slew violation count 0
max fanout violation count 4
max cap violation count 0
============================================================================

===========================================================================
check_setup -verbose -unconstrained_endpoints -multiple_clock -no_clock -no_input_delay -loops -generated_clocks
===========================================================================
