Clock: clk
Sources: clk 
Generated: no
Virtual: yes
Propagated: no
Period: 30.000000

===========================================================================
report_clock_properties
============================================================================
Clock                   Period          Waveform
----------------------------------------------------
clk                  30.000000    0.000000 15.000000

===========================================================================
report_clock_latency
============================================================================
Clock clk
rise -> rise
    min     max
0.000000 0.000000 source latency
0.594172         network latency filter.y_out[4]_sky130_fd_sc_hd__dfrtp_2_Q/CLK
        0.612910 network latency filter.y_out[11]_sky130_fd_sc_hd__dfrtp_2_Q/CLK
---------------
0.594172 0.612910 latency
        0.018738 skew

fall -> fall
    min     max
0.000000 0.000000 source latency
0.491212         network latency filter.y_out[4]_sky130_fd_sc_hd__dfrtp_2_Q/CLK
        0.509887 network latency filter.y_out[11]_sky130_fd_sc_hd__dfrtp_2_Q/CLK
---------------
0.491212 0.509887 latency
        0.018675 skew



===========================================================================
report_clock_min_period
============================================================================
clk period_min = 7.28 fmax = 137.28
