Clock: clk
Sources: clk 
Generated: no
Virtual: yes
Propagated: no
Period: 30.000000

===========================================================================
report_clock_properties
============================================================================
Clock                   Period          Waveform
----------------------------------------------------
clk                  30.000000    0.000000 15.000000

===========================================================================
report_clock_latency
============================================================================
Clock clk
rise -> rise
    min     max
0.000000 0.000000 source latency
0.556835         network latency filter.y_out[4]_sky130_fd_sc_hd__dfrtp_2_Q/CLK
        0.568848 network latency spi_out.shift_reg[6]_sky130_fd_sc_hd__dfrtp_2_Q/CLK
---------------
0.556835 0.568848 latency
        0.012013 skew

fall -> fall
    min     max
0.000000 0.000000 source latency
0.465343         network latency filter.y_out[4]_sky130_fd_sc_hd__dfrtp_2_Q/CLK
        0.476121 network latency spi_out.bit_cnt[4]_sky130_fd_sc_hd__dfrtp_2_Q/CLK
---------------
0.465343 0.476121 latency
        0.010777 skew



===========================================================================
report_clock_min_period
============================================================================
clk period_min = 7.09 fmax = 141.04
