
===========================================================================
report_checks -unconstrained
===========================================================================
======================= nom_tt_025C_1v80 Corner ===================================

Startpoint: reset (input port clocked by clk)
Endpoint: spi_in.shift_reg[9]_sky130_fd_sc_hd__dfrtp_2_Q
          (recovery check against rising-edge clock clk)
Path Group: asynchronous
Path Type: max

Fanout         Cap        Slew       Delay        Time   Description
---------------------------------------------------------------------------------------------
                                  0.000000    0.000000   clock clk (rise edge)
                                  0.000000    0.000000   clock network delay (propagated)
                                  6.000000    6.000000 v input external delay
     1    0.003658    0.010623    0.005895    6.005895 v reset (in)
                                                         reset (net)
                      0.010628    0.000000    6.005895 v input1/A (sky130_fd_sc_hd__clkbuf_1)
     1    0.003823    0.031732    0.077981    6.083876 v input1/X (sky130_fd_sc_hd__clkbuf_1)
                                                         net1 (net)
                      0.031732    0.000133    6.084009 v fanout35/A (sky130_fd_sc_hd__clkbuf_4)
     5    0.042501    0.094445    0.188382    6.272391 v fanout35/X (sky130_fd_sc_hd__clkbuf_4)
                                                         net35 (net)
                      0.094468    0.001532    6.273923 v fanout28/A (sky130_fd_sc_hd__clkbuf_4)
     5    0.045411    0.101058    0.218074    6.491998 v fanout28/X (sky130_fd_sc_hd__clkbuf_4)
                                                         net28 (net)
                      0.101137    0.000963    6.492960 v fanout27/A (sky130_fd_sc_hd__clkbuf_4)
     6    0.040388    0.090468    0.216157    6.709118 v fanout27/X (sky130_fd_sc_hd__clkbuf_4)
                                                         net27 (net)
                      0.090477    0.001003    6.710121 v fanout26/A (sky130_fd_sc_hd__buf_4)
    10    0.062127    0.086893    0.216176    6.926296 v fanout26/X (sky130_fd_sc_hd__buf_4)
                                                         net26 (net)
                      0.086953    0.002120    6.928416 v spi_in.shift_reg[9]_sky130_fd_sc_hd__dfrtp_2_Q_RESET_B_sky130_fd_sc_hd__inv_2_Y/A (sky130_fd_sc_hd__inv_2)
     1    0.004816    0.037850    0.063416    6.991832 ^ spi_in.shift_reg[9]_sky130_fd_sc_hd__dfrtp_2_Q_RESET_B_sky130_fd_sc_hd__inv_2_Y/Y (sky130_fd_sc_hd__inv_2)
                                                         spi_in.shift_reg[9]_sky130_fd_sc_hd__dfrtp_2_Q_RESET_B (net)
                      0.037850    0.000095    6.991927 ^ spi_in.shift_reg[9]_sky130_fd_sc_hd__dfrtp_2_Q/RESET_B (sky130_fd_sc_hd__dfrtp_1)
                                              6.991927   data arrival time

                                 30.000000   30.000000   clock clk (rise edge)
                                  0.000000   30.000000   clock source latency
     1    0.028705    0.134141    0.094900   30.094900 ^ clk (in)
                                                         clk (net)
                      0.134352    0.000000   30.094900 ^ clkbuf_0_clk/A (sky130_fd_sc_hd__clkbuf_16)
     8    0.111302    0.125024    0.221469   30.316368 ^ clkbuf_0_clk/X (sky130_fd_sc_hd__clkbuf_16)
                                                         clknet_0_clk (net)
                      0.126709    0.011454   30.327824 ^ clkbuf_3_0__f_clk/A (sky130_fd_sc_hd__clkbuf_16)
    10    0.039392    0.059349    0.170953   30.498775 ^ clkbuf_3_0__f_clk/X (sky130_fd_sc_hd__clkbuf_16)
                                                         clknet_3_0__leaf_clk (net)
                      0.059365    0.000867   30.499643 ^ spi_in.shift_reg[9]_sky130_fd_sc_hd__dfrtp_2_Q/CLK (sky130_fd_sc_hd__dfrtp_1)
                                 -0.250000   30.249641   clock uncertainty
                                  0.000000   30.249641   clock reconvergence pessimism
                                  0.236583   30.486225   library recovery time
                                             30.486225   data required time
---------------------------------------------------------------------------------------------
                                             30.486225   data required time
                                             -6.991927   data arrival time
---------------------------------------------------------------------------------------------
                                             23.494297   slack (MET)


Startpoint: spi_sel (input port clocked by clk)
Endpoint: filter.x_in[10]_sky130_fd_sc_hd__dfrtp_2_Q
          (rising edge-triggered flip-flop clocked by clk)
Path Group: clk
Path Type: max

Fanout         Cap        Slew       Delay        Time   Description
---------------------------------------------------------------------------------------------
                                  0.000000    0.000000   clock clk (rise edge)
                                  0.000000    0.000000   clock network delay (propagated)
                                  6.000000    6.000000 v input external delay
     1    0.003462    0.010171    0.005563    6.005562 v spi_sel (in)
                                                         spi_sel (net)
                      0.010171    0.000000    6.005562 v input4/A (sky130_fd_sc_hd__buf_1)
     3    0.011995    0.075561    0.113679    6.119241 v input4/X (sky130_fd_sc_hd__buf_1)
                                                         net4 (net)
                      0.075565    0.000597    6.119839 v spi_sel_sky130_fd_sc_hd__nor3b_2_A/A (sky130_fd_sc_hd__nor3b_1)
     1    0.008324    0.307612    0.314650    6.434489 ^ spi_sel_sky130_fd_sc_hd__nor3b_2_A/Y (sky130_fd_sc_hd__nor3b_1)
                                                         spi_sel_sky130_fd_sc_hd__nor3b_2_A_Y (net)
                      0.307613    0.000465    6.434953 ^ fanout16/A (sky130_fd_sc_hd__clkbuf_8)
     9    0.071292    0.135290    0.271208    6.706161 ^ fanout16/X (sky130_fd_sc_hd__clkbuf_8)
                                                         net16 (net)
                      0.135306    0.001296    6.707457 ^ fanout15/A (sky130_fd_sc_hd__buf_4)
    10    0.059692    0.167929    0.234408    6.941864 ^ fanout15/X (sky130_fd_sc_hd__buf_4)
                                                         net15 (net)
                      0.168072    0.003010    6.944874 ^ spi_in.bit_cnt[1]_sky130_fd_sc_hd__and3_2_A/C (sky130_fd_sc_hd__and3_1)
     4    0.013746    0.145661    0.251522    7.196396 ^ spi_in.bit_cnt[1]_sky130_fd_sc_hd__and3_2_A/X (sky130_fd_sc_hd__and3_1)
                                                         spi_in.bit_cnt[1]_sky130_fd_sc_hd__and3_2_A_X (net)
                      0.145661    0.000349    7.196745 ^ spi_in.bit_cnt[3]_sky130_fd_sc_hd__and3_2_A/C (sky130_fd_sc_hd__and3_1)
     2    0.017913    0.183625    0.274403    7.471148 ^ spi_in.bit_cnt[3]_sky130_fd_sc_hd__and3_2_A/X (sky130_fd_sc_hd__and3_1)
                                                         spi_in.bit_cnt[3]_sky130_fd_sc_hd__and3_2_A_X (net)
                      0.183635    0.001537    7.472686 ^ fanout10/A (sky130_fd_sc_hd__clkbuf_8)
    10    0.078392    0.142631    0.248870    7.721556 ^ fanout10/X (sky130_fd_sc_hd__clkbuf_8)
                                                         net10 (net)
                      0.142831    0.004357    7.725913 ^ filter.x_in[10]_sky130_fd_sc_hd__mux2_1_A0/S (sky130_fd_sc_hd__mux2_1)
     1    0.002652    0.054220    0.331285    8.057198 v filter.x_in[10]_sky130_fd_sc_hd__mux2_1_A0/X (sky130_fd_sc_hd__mux2_1)
                                                         filter.x_in[10]_sky130_fd_sc_hd__dfrtp_2_Q_D (net)
                      0.054220    0.000083    8.057281 v hold44/A (sky130_fd_sc_hd__dlygate4sd3_1)
     1    0.003227    0.055737    0.555716    8.612996 v hold44/X (sky130_fd_sc_hd__dlygate4sd3_1)
                                                         net79 (net)
                      0.055737    0.000084    8.613080 v filter.x_in[10]_sky130_fd_sc_hd__dfrtp_2_Q/D (sky130_fd_sc_hd__dfrtp_1)
                                              8.613080   data arrival time

                                 30.000000   30.000000   clock clk (rise edge)
                                  0.000000   30.000000   clock source latency
     1    0.028705    0.134141    0.094900   30.094900 ^ clk (in)
                                                         clk (net)
                      0.134352    0.000000   30.094900 ^ clkbuf_0_clk/A (sky130_fd_sc_hd__clkbuf_16)
     8    0.111302    0.125024    0.221469   30.316368 ^ clkbuf_0_clk/X (sky130_fd_sc_hd__clkbuf_16)
                                                         clknet_0_clk (net)
                      0.126709    0.011454   30.327824 ^ clkbuf_3_0__f_clk/A (sky130_fd_sc_hd__clkbuf_16)
    10    0.039392    0.059349    0.170953   30.498775 ^ clkbuf_3_0__f_clk/X (sky130_fd_sc_hd__clkbuf_16)
                                                         clknet_3_0__leaf_clk (net)
                      0.059359    0.000721   30.499496 ^ filter.x_in[10]_sky130_fd_sc_hd__dfrtp_2_Q/CLK (sky130_fd_sc_hd__dfrtp_1)
                                 -0.250000   30.249496   clock uncertainty
                                  0.000000   30.249496   clock reconvergence pessimism
                                 -0.115669   30.133827   library setup time
                                             30.133827   data required time
---------------------------------------------------------------------------------------------
                                             30.133827   data required time
                                             -8.613080   data arrival time
---------------------------------------------------------------------------------------------
                                             21.520746   slack (MET)




===========================================================================
report_checks --slack_max -0.01
============================================================================
======================= nom_tt_025C_1v80 Corner ===================================

No paths found.


===========================================================================
 report_check_types -max_slew -max_cap -max_fanout -violators
============================================================================
======================= nom_tt_025C_1v80 Corner ===================================

max fanout

Pin                                   Limit Fanout  Slack
---------------------------------------------------------
clkbuf_3_4__f_clk/X                      10     13     -3 (VIOLATED)
clkbuf_3_5__f_clk/X                      10     13     -3 (VIOLATED)
clkbuf_3_1__f_clk/X                      10     12     -2 (VIOLATED)
filter.y_out[14]_sky130_fd_sc_hd__dfrtp_2_Q/Q     10     11        (VIOLATED)



===========================================================================
report_parasitic_annotation -report_unannotated
============================================================================
Found 7 unannotated drivers.
 clkload0/Y
 clkload1/X
 clkload2/Y
 clkload3/Y
 clkload4/X
 clkload5/Y
 clkload6/Y
Found 0 partially unannotated drivers.

===========================================================================
max slew violation count 0
Writing metric design__max_slew_violation__count__corner:nom_tt_025C_1v80: 0
max fanout violation count 4
Writing metric design__max_fanout_violation__count__corner:nom_tt_025C_1v80: 4
max cap violation count 0
Writing metric design__max_cap_violation__count__corner:nom_tt_025C_1v80: 0
============================================================================

===========================================================================
check_setup -verbose -unconstrained_endpoints -multiple_clock -no_clock -no_input_delay -loops -generated_clocks
===========================================================================
