Clock: clk
Sources: clk 
Generated: no
Virtual: yes
Propagated: no
Period: 16.000000

===========================================================================
report_clock_properties
============================================================================
Clock                   Period          Waveform
----------------------------------------------------
clk                  16.000000    0.000000  8.000000

===========================================================================
report_clock_latency
============================================================================
Clock clk
rise -> rise
    min     max
0.000000 0.000000 source latency
0.250162         network latency y_out_sky130_fd_sc_hd__dfrtp_2_Q_7/CLK
        0.252189 network latency y_out_sky130_fd_sc_hd__dfrtp_2_Q_10/CLK
---------------
0.250162 0.252189 latency
        0.002027 skew

fall -> fall
    min     max
0.000000 0.000000 source latency
0.229578         network latency y_out_sky130_fd_sc_hd__dfrtp_2_Q_7/CLK
        0.231459 network latency y_out_sky130_fd_sc_hd__dfrtp_2_Q_10/CLK
---------------
0.229578 0.231459 latency
        0.001881 skew



===========================================================================
report_clock_min_period
============================================================================
clk period_min = 4.57 fmax = 218.95
