Reading OpenROAD database at '/home/asic/workspace/asic_project/runs/RUN_2025-06-17_21-07-06/24-openroad-ioplacement/dynamic_noise_filter_top.odb'…
Reading library file at '/foss/pdks/volare/sky130/versions/0fe599b2afb6708d281543108caf8310912f54af/sky130A/libs.ref/sky130_fd_sc_hd/lib/sky130_fd_sc_hd__tt_025C_1v80.lib'…
Reading design constraints file at '/usr/local/lib/python3.12/dist-packages/openlane/scripts/base.sdc'…
[INFO] Using clock clk…
[INFO] Setting output delay to: 6
[INFO] Setting input delay to: 6
[INFO] Setting load to: 0.033442
[INFO] Setting clock uncertainty to: 0.25
[INFO] Setting clock transition to: 0.1499999999999999944488848768742172978818416595458984375
[INFO] Setting timing derate to: 5%
[INFO] Setting RC values…
[INFO] Setting signal min routing layer to: met1 and clock min routing layer to met1. 
[INFO] Setting signal max routing layer to: met5 and clock max routing layer to met5. 
+ global_placement -density 0.13828 -timing_driven -routability_driven -pad_right 0 -pad_left 0 -init_wirelength_coef 0.25
[INFO GPL-0002] DBU: 1000
[INFO GPL-0003] SiteSize: (  0.460  2.720 ) um
[INFO GPL-0004] CoreBBox: (  5.520 10.880 ) ( 694.140 688.160 ) um
[INFO GPL-0006] NumInstances:              8013
[INFO GPL-0007] NumPlaceInstances:          864
[INFO GPL-0008] NumFixedInstances:         7149
[INFO GPL-0009] NumDummyInstances:            0
[INFO GPL-0010] NumNets:                    869
[INFO GPL-0011] NumPins:                   2933
[INFO GPL-0012] DieBBox:  (  0.000  0.000 ) ( 700.000 700.000 ) um
[INFO GPL-0013] CoreBBox: (  5.520 10.880 ) ( 694.140 688.160 ) um
[INFO GPL-0016] CoreArea:            466388.554 um^2
[INFO GPL-0017] NonPlaceInstsArea:    10191.024 um^2
[INFO GPL-0018] PlaceInstsArea:        9531.642 um^2
[INFO GPL-0019] Util:                     2.089 %
[INFO GPL-0020] StdInstsArea:          9531.642 um^2
[INFO GPL-0021] MacroInstsArea:           0.000 um^2
[InitialPlace]  Iter: 1 CG residual: 0.00000075 HPWL: 32215505
[InitialPlace]  Iter: 2 CG residual: 0.00000030 HPWL: 9412198
[InitialPlace]  Iter: 3 CG residual: 0.00000023 HPWL: 9066500
[InitialPlace]  Iter: 4 CG residual: 0.00000012 HPWL: 8999629
[InitialPlace]  Iter: 5 CG residual: 0.00000012 HPWL: 8980161
[INFO GPL-0031] FillerInit:NumGCells:      5930
[INFO GPL-0032] FillerInit:NumGNets:        869
[INFO GPL-0033] FillerInit:NumGPins:       2933
[INFO GPL-0023] TargetDensity:            0.138
[INFO GPL-0024] AvrgPlaceInstArea:       11.032 um^2
[INFO GPL-0025] IdealBinArea:            79.780 um^2
[INFO GPL-0026] IdealBinCnt:               5845
[INFO GPL-0027] TotalBinArea:        466388.554 um^2
[INFO GPL-0028] BinCnt:        64     64
[INFO GPL-0029] BinSize: ( 10.760 10.583 )
[INFO GPL-0030] NumBins: 4096
[NesterovSolve] Iter:    1 overflow: 0.990 HPWL: 3322339
[NesterovSolve] Iter:   10 overflow: 0.967 HPWL: 4741667
[NesterovSolve] Iter:   20 overflow: 0.958 HPWL: 4911982
[NesterovSolve] Iter:   30 overflow: 0.956 HPWL: 4973792
[NesterovSolve] Iter:   40 overflow: 0.954 HPWL: 4966447
[NesterovSolve] Iter:   50 overflow: 0.952 HPWL: 4961704
[NesterovSolve] Iter:   60 overflow: 0.951 HPWL: 4984819
[NesterovSolve] Iter:   70 overflow: 0.950 HPWL: 5029722
[NesterovSolve] Iter:   80 overflow: 0.950 HPWL: 5096049
[NesterovSolve] Iter:   90 overflow: 0.949 HPWL: 5172110
[NesterovSolve] Iter:  100 overflow: 0.948 HPWL: 5242515
[NesterovSolve] Iter:  110 overflow: 0.946 HPWL: 5309112
[NesterovSolve] Iter:  120 overflow: 0.943 HPWL: 5371990
[NesterovSolve] Iter:  130 overflow: 0.941 HPWL: 5439307
[NesterovSolve] Iter:  140 overflow: 0.939 HPWL: 5501351
[NesterovSolve] Iter:  150 overflow: 0.938 HPWL: 5574618
[NesterovSolve] Iter:  160 overflow: 0.935 HPWL: 5669227
[NesterovSolve] Iter:  170 overflow: 0.935 HPWL: 5799159
[NesterovSolve] Iter:  180 overflow: 0.937 HPWL: 6001541
[NesterovSolve] Iter:  190 overflow: 0.934 HPWL: 6302616
[NesterovSolve] Iter:  200 overflow: 0.930 HPWL: 6713470
[NesterovSolve] Iter:  210 overflow: 0.920 HPWL: 7249693
[NesterovSolve] Iter:  220 overflow: 0.904 HPWL: 8244919
[NesterovSolve] Iter:  230 overflow: 0.866 HPWL: 9644883
[NesterovSolve] Iter:  240 overflow: 0.846 HPWL: 10411514
[NesterovSolve] Iter:  250 overflow: 0.826 HPWL: 11452889
[NesterovSolve] Iter:  260 overflow: 0.788 HPWL: 12504217
[INFO GPL-0100] Timing-driven: executing resizer for reweighting nets.
[INFO GPL-0101] Timing-driven: worst slack 2.24e-08
[INFO GPL-0103] Timing-driven: weighted 72 nets.
[NesterovSolve] Iter:  270 overflow: 0.759 HPWL: 13778775
[NesterovSolve] Iter:  280 overflow: 0.717 HPWL: 14934145
[NesterovSolve] Iter:  290 overflow: 0.676 HPWL: 16064971
[INFO GPL-0100] Timing-driven: executing resizer for reweighting nets.
[INFO GPL-0101] Timing-driven: worst slack 2.24e-08
[INFO GPL-0103] Timing-driven: weighted 86 nets.
[NesterovSolve] Iter:  300 overflow: 0.630 HPWL: 17008262
[NesterovSolve] Snapshot saved at iter = 304
[NesterovSolve] Iter:  310 overflow: 0.576 HPWL: 17981177
[NesterovSolve] Iter:  320 overflow: 0.520 HPWL: 19321952
[INFO GPL-0100] Timing-driven: executing resizer for reweighting nets.
[INFO GPL-0101] Timing-driven: worst slack 2.23e-08
[INFO GPL-0103] Timing-driven: weighted 86 nets.
[NesterovSolve] Iter:  330 overflow: 0.478 HPWL: 20085521
[NesterovSolve] Iter:  340 overflow: 0.431 HPWL: 20869985
[NesterovSolve] Iter:  350 overflow: 0.382 HPWL: 21594319
[NesterovSolve] Iter:  360 overflow: 0.335 HPWL: 22219325
[NesterovSolve] Iter:  370 overflow: 0.301 HPWL: 22418097
[INFO GPL-0075] Routability numCall: 1 inflationIterCnt: 1 bloatIterCnt: 0
[INFO GPL-0036] TileBBox: (    0    0 ) ( 6900 6900 ) DBU
[INFO GPL-0038] TileCnt:     101  101
[INFO GPL-0040] NumTiles: 10201
[INFO GPL-0081] TotalRouteOverflow: 0.0
[INFO GPL-0082] OverflowTileCnt: 0
[INFO GPL-0083] 0.5%RC: 0.6139647043668307
[INFO GPL-0084] 1.0%RC: 0.5932182750655609
[INFO GPL-0085] 2.0%RC: 0.5725965726666334
[INFO GPL-0086] 5.0%RC: 0.5380939482009575
[INFO GPL-0087] FinalRC: 0.6035915
[INFO GPL-0077] FinalRC lower than targetRC(1.01), routability not needed.
[INFO GPL-0100] Timing-driven: executing resizer for reweighting nets.
[INFO GPL-0101] Timing-driven: worst slack 2.22e-08
[INFO GPL-0103] Timing-driven: weighted 86 nets.
[NesterovSolve] Iter:  380 overflow: 0.277 HPWL: 22839121
[NesterovSolve] Iter:  390 overflow: 0.246 HPWL: 23204867
[NesterovSolve] Iter:  400 overflow: 0.220 HPWL: 23358157
[INFO GPL-0100] Timing-driven: executing resizer for reweighting nets.
[INFO GPL-0101] Timing-driven: worst slack 2.22e-08
[INFO GPL-0103] Timing-driven: weighted 83 nets.
[NesterovSolve] Iter:  410 overflow: 0.196 HPWL: 23643028
[NesterovSolve] Iter:  420 overflow: 0.178 HPWL: 23873754
[NesterovSolve] Iter:  430 overflow: 0.157 HPWL: 24054699
[INFO GPL-0100] Timing-driven: executing resizer for reweighting nets.
[INFO GPL-0101] Timing-driven: worst slack 2.22e-08
[INFO GPL-0103] Timing-driven: weighted 84 nets.
[NesterovSolve] Iter:  440 overflow: 0.136 HPWL: 24244421
[NesterovSolve] Iter:  450 overflow: 0.114 HPWL: 24499836
[NesterovSolve] Iter:  460 overflow: 0.102 HPWL: 24472931
[NesterovSolve] Finished with Overflow: 0.097551
[INFO] Setting RC values…
Setting global connections for newly added cells…
[INFO] Setting global connections...
Updating metrics…
Cell type report:                       Count       Area
  Fill cell                               498    1869.29
  Tap cell                               6651    8321.73
  Inverter                                 87     326.56
  Sequential cell                          74    1944.36
  Multi-Input combinational cell          703    7260.71
  Total                                  8013   19722.67
Writing OpenROAD database to '/home/asic/workspace/asic_project/runs/RUN_2025-06-17_21-07-06/27-openroad-globalplacement/dynamic_noise_filter_top.odb'…
Writing netlist to '/home/asic/workspace/asic_project/runs/RUN_2025-06-17_21-07-06/27-openroad-globalplacement/dynamic_noise_filter_top.nl.v'…
Writing powered netlist to '/home/asic/workspace/asic_project/runs/RUN_2025-06-17_21-07-06/27-openroad-globalplacement/dynamic_noise_filter_top.pnl.v'…
Writing layout to '/home/asic/workspace/asic_project/runs/RUN_2025-06-17_21-07-06/27-openroad-globalplacement/dynamic_noise_filter_top.def'…
Writing timing constraints to '/home/asic/workspace/asic_project/runs/RUN_2025-06-17_21-07-06/27-openroad-globalplacement/dynamic_noise_filter_top.sdc'…
