Clock: clk
Sources: clk 
Generated: no
Virtual: no
Propagated: no
Period: 30.000000

===========================================================================
report_clock_properties
============================================================================
Clock                   Period          Waveform
----------------------------------------------------
clk                  30.000000    0.000000 15.000000

===========================================================================
report_clock_latency
============================================================================
Clock clk
rise -> rise
    min     max
0.000000 0.000000 source latency
0.335775         network latency filter.x_in[0]_sky130_fd_sc_hd__dfrtp_2_Q/CLK
        0.335775 network latency filter.x_in[0]_sky130_fd_sc_hd__dfrtp_2_Q/CLK
---------------
0.335775 0.335775 latency
        0.000000 skew

fall -> fall
    min     max
0.000000 0.000000 source latency
0.148779         network latency filter.x_in[0]_sky130_fd_sc_hd__dfrtp_2_Q/CLK
        0.148779 network latency filter.x_in[0]_sky130_fd_sc_hd__dfrtp_2_Q/CLK
---------------
0.148779 0.148779 latency
        0.000000 skew



===========================================================================
report_clock_min_period
============================================================================
clk period_min = 4.41 fmax = 226.78
