
===========================================================================
 report_power
============================================================================
======================= max_tt_025C_1v80 Corner ===================================

Group                    Internal    Switching      Leakage        Total
                            Power        Power        Power        Power (Watts)
------------------------------------------------------------------------
Sequential           2.984530e-04 3.815604e-05 1.765146e-10 3.366092e-04   1.7%
Combinational        8.726184e-03 1.067211e-02 1.154945e-08 1.939830e-02  98.1%
Clock                3.040946e-05 1.736926e-05 6.900233e-09 4.778563e-05   0.2%
Macro                0.000000e+00 0.000000e+00 0.000000e+00 0.000000e+00   0.0%
Pad                  0.000000e+00 0.000000e+00 0.000000e+00 0.000000e+00   0.0%
------------------------------------------------------------------------
Total                9.055045e-03 1.072763e-02 1.862616e-08 1.978270e-02 100.0%
                            45.8%        54.2%         0.0%

