Clock: clk
Sources: clk 
Generated: no
Virtual: yes
Propagated: no
Period: 30.000000

===========================================================================
report_clock_properties
============================================================================
Clock                   Period          Waveform
----------------------------------------------------
clk                  30.000000    0.000000 15.000000

===========================================================================
report_clock_latency
============================================================================
Clock clk
rise -> rise
    min     max
0.000000 0.000000 source latency
0.579678         network latency filter.y_out[4]_sky130_fd_sc_hd__dfrtp_2_Q/CLK
        0.594235 network latency spi_out.shift_reg[6]_sky130_fd_sc_hd__dfrtp_2_Q/CLK
---------------
0.579678 0.594235 latency
        0.014557 skew

fall -> fall
    min     max
0.000000 0.000000 source latency
0.480680         network latency filter.y_out[4]_sky130_fd_sc_hd__dfrtp_2_Q/CLK
        0.493866 network latency spi_out.bit_cnt[4]_sky130_fd_sc_hd__dfrtp_2_Q/CLK
---------------
0.480680 0.493866 latency
        0.013186 skew



===========================================================================
report_clock_min_period
============================================================================
clk period_min = 7.20 fmax = 138.98
