
===========================================================================
 report_power
============================================================================
======================= min_ff_n40C_1v95 Corner ===================================

Group                    Internal    Switching      Leakage        Total
                            Power        Power        Power        Power (Watts)
------------------------------------------------------------------------
Sequential           8.612362e-04 7.586381e-05 2.693325e-10 9.371003e-04   1.5%
Combinational        2.972018e-02 3.293858e-02 2.216752e-08 6.265879e-02  98.3%
Clock                8.675764e-05 3.960518e-05 6.497291e-09 1.263693e-04   0.2%
Macro                0.000000e+00 0.000000e+00 0.000000e+00 0.000000e+00   0.0%
Pad                  0.000000e+00 0.000000e+00 0.000000e+00 0.000000e+00   0.0%
------------------------------------------------------------------------
Total                3.066817e-02 3.305405e-02 2.893408e-08 6.372225e-02 100.0%
                            48.1%        51.9%         0.0%

