
===========================================================================
 report_power
============================================================================
======================= nom_ss_100C_1v60 Corner ===================================

Group                    Internal    Switching      Leakage        Total
                            Power        Power        Power        Power (Watts)
------------------------------------------------------------------------
Sequential           2.550974e-04 9.670862e-05 3.118086e-07 3.521178e-04   1.7%
Combinational        1.186911e-02 8.685478e-03 1.644996e-05 2.057104e-02  98.3%
Clock                0.000000e+00 0.000000e+00 0.000000e+00 0.000000e+00   0.0%
Macro                0.000000e+00 0.000000e+00 0.000000e+00 0.000000e+00   0.0%
Pad                  0.000000e+00 0.000000e+00 0.000000e+00 0.000000e+00   0.0%
------------------------------------------------------------------------
Total                1.212421e-02 8.782181e-03 1.676177e-05 2.092315e-02 100.0%
                            57.9%        42.0%         0.1%

