
===========================================================================
report_checks -unconstrained
===========================================================================
======================= min_ff_n40C_1v95 Corner ===================================

Startpoint: reset (input port clocked by clk)
Endpoint: filter.x_in[11]_sky130_fd_sc_hd__dfrtp_2_Q
          (recovery check against rising-edge clock clk)
Path Group: asynchronous
Path Type: max

Fanout         Cap        Slew       Delay        Time   Description
---------------------------------------------------------------------------------------------
                                  0.000000    0.000000   clock clk (rise edge)
                                  0.000000    0.000000   clock network delay (propagated)
                                  6.000000    6.000000 v input external delay
     1    0.002611    0.004454    0.002093    6.002093 v reset (in)
                                                         reset (net)
                      0.004454    0.000000    6.002093 v input1/A (sky130_fd_sc_hd__clkbuf_1)
     1    0.003414    0.020424    0.048721    6.050814 v input1/X (sky130_fd_sc_hd__clkbuf_1)
                                                         net1 (net)
                      0.020424    0.000041    6.050856 v fanout35/A (sky130_fd_sc_hd__clkbuf_4)
     5    0.060422    0.088678    0.145069    6.195925 v fanout35/X (sky130_fd_sc_hd__clkbuf_4)
                                                         net35 (net)
                      0.088698    0.001121    6.197046 v fanout28/A (sky130_fd_sc_hd__clkbuf_4)
     5    0.053905    0.082390    0.164548    6.361595 v fanout28/X (sky130_fd_sc_hd__clkbuf_4)
                                                         net28 (net)
                      0.082395    0.000526    6.362121 v fanout27/A (sky130_fd_sc_hd__clkbuf_4)
     6    0.046520    0.071687    0.156721    6.518842 v fanout27/X (sky130_fd_sc_hd__clkbuf_4)
                                                         net27 (net)
                      0.071687    0.000393    6.519236 v fanout26/A (sky130_fd_sc_hd__buf_4)
    10    0.068053    0.066919    0.152701    6.671937 v fanout26/X (sky130_fd_sc_hd__buf_4)
                                                         net26 (net)
                      0.067018    0.002273    6.674210 v filter.x_in[11]_sky130_fd_sc_hd__dfrtp_2_Q_RESET_B_sky130_fd_sc_hd__inv_2_Y/A (sky130_fd_sc_hd__inv_2)
     1    0.004415    0.027788    0.044470    6.718680 ^ filter.x_in[11]_sky130_fd_sc_hd__dfrtp_2_Q_RESET_B_sky130_fd_sc_hd__inv_2_Y/Y (sky130_fd_sc_hd__inv_2)
                                                         filter.x_in[11]_sky130_fd_sc_hd__dfrtp_2_Q_RESET_B (net)
                      0.027788    0.000026    6.718706 ^ filter.x_in[11]_sky130_fd_sc_hd__dfrtp_2_Q/RESET_B (sky130_fd_sc_hd__dfrtp_1)
                                              6.718706   data arrival time

                                 30.000000   30.000000   clock clk (rise edge)
                                  0.000000   30.000000   clock source latency
     1    0.038256    0.132563    0.093561   30.093561 ^ clk (in)
                                                         clk (net)
                      0.132861    0.000000   30.093561 ^ clkbuf_0_clk/A (sky130_fd_sc_hd__clkbuf_16)
     8    0.129573    0.109988    0.168413   30.261972 ^ clkbuf_0_clk/X (sky130_fd_sc_hd__clkbuf_16)
                                                         clknet_0_clk (net)
                      0.111333    0.009614   30.271587 ^ clkbuf_3_0__f_clk/A (sky130_fd_sc_hd__clkbuf_16)
    10    0.041310    0.046764    0.119606   30.391193 ^ clkbuf_3_0__f_clk/X (sky130_fd_sc_hd__clkbuf_16)
                                                         clknet_3_0__leaf_clk (net)
                      0.046774    0.000625   30.391817 ^ filter.x_in[11]_sky130_fd_sc_hd__dfrtp_2_Q/CLK (sky130_fd_sc_hd__dfrtp_1)
                                 -0.250000   30.141817   clock uncertainty
                                  0.000000   30.141817   clock reconvergence pessimism
                                  0.146619   30.288437   library recovery time
                                             30.288437   data required time
---------------------------------------------------------------------------------------------
                                             30.288437   data required time
                                             -6.718706   data arrival time
---------------------------------------------------------------------------------------------
                                             23.569733   slack (MET)


Startpoint: spi_sel (input port clocked by clk)
Endpoint: filter.x_in[10]_sky130_fd_sc_hd__dfrtp_2_Q
          (rising edge-triggered flip-flop clocked by clk)
Path Group: clk
Path Type: max

Fanout         Cap        Slew       Delay        Time   Description
---------------------------------------------------------------------------------------------
                                  0.000000    0.000000   clock clk (rise edge)
                                  0.000000    0.000000   clock network delay (propagated)
                                  6.000000    6.000000 v input external delay
     1    0.002713    0.004603    0.002184    6.002184 v spi_sel (in)
                                                         spi_sel (net)
                      0.004603    0.000000    6.002184 v input4/A (sky130_fd_sc_hd__buf_1)
     3    0.011970    0.051070    0.074794    6.076977 v input4/X (sky130_fd_sc_hd__buf_1)
                                                         net4 (net)
                      0.051071    0.000242    6.077220 v spi_sel_sky130_fd_sc_hd__nor3b_2_A/A (sky130_fd_sc_hd__nor3b_1)
     1    0.009494    0.235909    0.227562    6.304782 ^ spi_sel_sky130_fd_sc_hd__nor3b_2_A/Y (sky130_fd_sc_hd__nor3b_1)
                                                         spi_sel_sky130_fd_sc_hd__nor3b_2_A_Y (net)
                      0.235910    0.000329    6.305110 ^ fanout16/A (sky130_fd_sc_hd__clkbuf_8)
     9    0.082667    0.116484    0.179788    6.484899 ^ fanout16/X (sky130_fd_sc_hd__clkbuf_8)
                                                         net16 (net)
                      0.116486    0.000447    6.485345 ^ fanout15/A (sky130_fd_sc_hd__buf_4)
    10    0.066731    0.140190    0.170492    6.655838 ^ fanout15/X (sky130_fd_sc_hd__buf_4)
                                                         net15 (net)
                      0.140247    0.002344    6.658181 ^ spi_in.bit_cnt[1]_sky130_fd_sc_hd__and3_2_A/C (sky130_fd_sc_hd__and3_1)
     4    0.013769    0.109141    0.161493    6.819674 ^ spi_in.bit_cnt[1]_sky130_fd_sc_hd__and3_2_A/X (sky130_fd_sc_hd__and3_1)
                                                         spi_in.bit_cnt[1]_sky130_fd_sc_hd__and3_2_A_X (net)
                      0.109141    0.000164    6.819838 ^ spi_in.bit_cnt[3]_sky130_fd_sc_hd__and3_2_A/C (sky130_fd_sc_hd__and3_1)
     2    0.020084    0.153769    0.188939    7.008776 ^ spi_in.bit_cnt[3]_sky130_fd_sc_hd__and3_2_A/X (sky130_fd_sc_hd__and3_1)
                                                         spi_in.bit_cnt[3]_sky130_fd_sc_hd__and3_2_A_X (net)
                      0.153786    0.001313    7.010089 ^ fanout10/A (sky130_fd_sc_hd__clkbuf_8)
    10    0.097143    0.131621    0.185273    7.195363 ^ fanout10/X (sky130_fd_sc_hd__clkbuf_8)
                                                         net10 (net)
                      0.131761    0.003523    7.198886 ^ filter.x_in[10]_sky130_fd_sc_hd__mux2_1_A0/S (sky130_fd_sc_hd__mux2_1)
     1    0.002306    0.036095    0.188393    7.387280 v filter.x_in[10]_sky130_fd_sc_hd__mux2_1_A0/X (sky130_fd_sc_hd__mux2_1)
                                                         filter.x_in[10]_sky130_fd_sc_hd__dfrtp_2_Q_D (net)
                      0.036095    0.000024    7.387303 v hold44/A (sky130_fd_sc_hd__dlygate4sd3_1)
     1    0.002733    0.037785    0.361452    7.748755 v hold44/X (sky130_fd_sc_hd__dlygate4sd3_1)
                                                         net79 (net)
                      0.037785    0.000027    7.748782 v filter.x_in[10]_sky130_fd_sc_hd__dfrtp_2_Q/D (sky130_fd_sc_hd__dfrtp_1)
                                              7.748782   data arrival time

                                 30.000000   30.000000   clock clk (rise edge)
                                  0.000000   30.000000   clock source latency
     1    0.038256    0.132563    0.093561   30.093561 ^ clk (in)
                                                         clk (net)
                      0.132861    0.000000   30.093561 ^ clkbuf_0_clk/A (sky130_fd_sc_hd__clkbuf_16)
     8    0.129573    0.109988    0.168413   30.261972 ^ clkbuf_0_clk/X (sky130_fd_sc_hd__clkbuf_16)
                                                         clknet_0_clk (net)
                      0.111333    0.009614   30.271587 ^ clkbuf_3_0__f_clk/A (sky130_fd_sc_hd__clkbuf_16)
    10    0.041310    0.046764    0.119606   30.391193 ^ clkbuf_3_0__f_clk/X (sky130_fd_sc_hd__clkbuf_16)
                                                         clknet_3_0__leaf_clk (net)
                      0.046765    0.000330   30.391523 ^ filter.x_in[10]_sky130_fd_sc_hd__dfrtp_2_Q/CLK (sky130_fd_sc_hd__dfrtp_1)
                                 -0.250000   30.141521   clock uncertainty
                                  0.000000   30.141521   clock reconvergence pessimism
                                 -0.073088   30.068432   library setup time
                                             30.068432   data required time
---------------------------------------------------------------------------------------------
                                             30.068432   data required time
                                             -7.748782   data arrival time
---------------------------------------------------------------------------------------------
                                             22.319651   slack (MET)




===========================================================================
report_checks --slack_max -0.01
============================================================================
======================= min_ff_n40C_1v95 Corner ===================================

No paths found.


===========================================================================
 report_check_types -max_slew -max_cap -max_fanout -violators
============================================================================
======================= min_ff_n40C_1v95 Corner ===================================

max fanout

Pin                                   Limit Fanout  Slack
---------------------------------------------------------
clkbuf_3_4__f_clk/X                      10     13     -3 (VIOLATED)
clkbuf_3_5__f_clk/X                      10     13     -3 (VIOLATED)
clkbuf_3_1__f_clk/X                      10     12     -2 (VIOLATED)
filter.y_out[14]_sky130_fd_sc_hd__dfrtp_2_Q/Q     10     11        (VIOLATED)



===========================================================================
report_parasitic_annotation -report_unannotated
============================================================================
Found 7 unannotated drivers.
 clkload0/Y
 clkload1/X
 clkload2/Y
 clkload3/Y
 clkload4/X
 clkload5/Y
 clkload6/Y
Found 0 partially unannotated drivers.

===========================================================================
max slew violation count 0
max fanout violation count 4
max cap violation count 0
============================================================================

===========================================================================
check_setup -verbose -unconstrained_endpoints -multiple_clock -no_clock -no_input_delay -loops -generated_clocks
===========================================================================
