Clock: clk
Sources: clk 
Generated: no
Virtual: yes
Propagated: no
Period: 30.000000

===========================================================================
report_clock_properties
============================================================================
Clock                   Period          Waveform
----------------------------------------------------
clk                  30.000000    0.000000 15.000000

===========================================================================
report_clock_latency
============================================================================
Clock clk
rise -> rise
    min     max
0.000000 0.000000 source latency
0.388149         network latency filter.y_out[4]_sky130_fd_sc_hd__dfrtp_2_Q/CLK
        0.398947 network latency spi_out.bit_cnt[4]_sky130_fd_sc_hd__dfrtp_2_Q/CLK
---------------
0.388149 0.398947 latency
        0.010799 skew

fall -> fall
    min     max
0.000000 0.000000 source latency
0.321833         network latency filter.y_out[4]_sky130_fd_sc_hd__dfrtp_2_Q/CLK
        0.331880 network latency filter.y_out[11]_sky130_fd_sc_hd__dfrtp_2_Q/CLK
---------------
0.321833 0.331880 latency
        0.010047 skew



===========================================================================
report_clock_min_period
============================================================================
clk period_min = 4.53 fmax = 220.81
