129. Printing statistics.

=== dynamic_noise_filter_top ===

   Number of wires:               1002
   Number of wire bits:           1099
   Number of public wires:          14
   Number of public wire bits:      81
   Number of ports:                  6
   Number of port bits:              6
   Number of memories:               0
   Number of memory bits:            0
   Number of processes:              0
   Number of cells:               1077
     $_ANDNOT_                     334
     $_AND_                         21
     $_DFFE_PP0P_                   56
     $_DFF_PP0_                     18
     $_MUX_                         16
     $_NAND_                        13
     $_NOR_                         51
     $_NOT_                         36
     $_ORNOT_                       50
     $_OR_                         115
     $_XNOR_                        74
     $_XOR_                        293

   Area for cell type $_NOT_ is unknown!
   Area for cell type $_AND_ is unknown!
   Area for cell type $_NAND_ is unknown!
   Area for cell type $_OR_ is unknown!
   Area for cell type $_NOR_ is unknown!
   Area for cell type $_XOR_ is unknown!
   Area for cell type $_XNOR_ is unknown!
   Area for cell type $_ANDNOT_ is unknown!
   Area for cell type $_ORNOT_ is unknown!
   Area for cell type $_MUX_ is unknown!
   Area for cell type $_DFF_PP0_ is unknown!
   Area for cell type $_DFFE_PP0P_ is unknown!

