143. Printing statistics.

=== dynamic_noise_filter_top ===

   Number of wires:                869
   Number of wire bits:            869
   Number of public wires:          79
   Number of public wire bits:      79
   Number of ports:                  6
   Number of port bits:              6
   Number of memories:               0
   Number of memory bits:            0
   Number of processes:              0
   Number of cells:                864
     sky130_fd_sc_hd__a211o_2        1
     sky130_fd_sc_hd__a21bo_2        5
     sky130_fd_sc_hd__a21boi_2       3
     sky130_fd_sc_hd__a21o_2        35
     sky130_fd_sc_hd__a21oi_2       27
     sky130_fd_sc_hd__a221o_2        1
     sky130_fd_sc_hd__a22o_2         6
     sky130_fd_sc_hd__a22oi_2        1
     sky130_fd_sc_hd__a2bb2o_2       3
     sky130_fd_sc_hd__a2bb2oi_2      1
     sky130_fd_sc_hd__a311o_2        1
     sky130_fd_sc_hd__a31o_2         7
     sky130_fd_sc_hd__a32o_2         3
     sky130_fd_sc_hd__a41o_2         1
     sky130_fd_sc_hd__a41oi_2        1
     sky130_fd_sc_hd__and2_2        33
     sky130_fd_sc_hd__and2b_2       28
     sky130_fd_sc_hd__and3_2        22
     sky130_fd_sc_hd__and3b_2        4
     sky130_fd_sc_hd__and4_2         2
     sky130_fd_sc_hd__dfrtp_2       74
     sky130_fd_sc_hd__inv_2         87
     sky130_fd_sc_hd__mux2_1        67
     sky130_fd_sc_hd__nand2_2       72
     sky130_fd_sc_hd__nand2b_2      13
     sky130_fd_sc_hd__nand3_2        7
     sky130_fd_sc_hd__nand3b_2       1
     sky130_fd_sc_hd__nand4_2        1
     sky130_fd_sc_hd__nor2_2        51
     sky130_fd_sc_hd__nor3_2         2
     sky130_fd_sc_hd__nor3b_2        2
     sky130_fd_sc_hd__o211a_2        3
     sky130_fd_sc_hd__o21a_2        11
     sky130_fd_sc_hd__o21ai_2       23
     sky130_fd_sc_hd__o21ba_2        6
     sky130_fd_sc_hd__o21bai_2       2
     sky130_fd_sc_hd__o221a_2        1
     sky130_fd_sc_hd__o22a_2         3
     sky130_fd_sc_hd__o2bb2a_2       2
     sky130_fd_sc_hd__o2bb2ai_2      1
     sky130_fd_sc_hd__o311a_2        1
     sky130_fd_sc_hd__o31a_2         4
     sky130_fd_sc_hd__o31ai_2        1
     sky130_fd_sc_hd__o32a_2         4
     sky130_fd_sc_hd__or2_2         49
     sky130_fd_sc_hd__or3_2         12
     sky130_fd_sc_hd__or3b_2         4
     sky130_fd_sc_hd__or4_2          1
     sky130_fd_sc_hd__or4b_2         1
     sky130_fd_sc_hd__xnor2_2      122
     sky130_fd_sc_hd__xor2_2        51

   Chip area for module '\dynamic_noise_filter_top': 9531.641600
     of which used for sequential elements: 1944.364800 (20.40%)

