Reading OpenROAD database at '/home/asic/workspace/asic_project/runs/RUN_2025-06-17_21-07-06/43-openroad-resizertimingpostgrt/dynamic_noise_filter_top.odb'…
Reading library file at '/foss/pdks/volare/sky130/versions/0fe599b2afb6708d281543108caf8310912f54af/sky130A/libs.ref/sky130_fd_sc_hd/lib/sky130_fd_sc_hd__tt_025C_1v80.lib'…
Reading design constraints file at '/usr/local/lib/python3.12/dist-packages/openlane/scripts/base.sdc'…
[INFO] Using clock clk…
[INFO] Setting output delay to: 6
[INFO] Setting input delay to: 6
[INFO] Setting load to: 0.033442
[INFO] Setting clock uncertainty to: 0.25
[INFO] Setting clock transition to: 0.1499999999999999944488848768742172978818416595458984375
[INFO] Setting timing derate to: 5%
[INFO ORD-0030] Using 8 thread(s).
[INFO DRT-0149] Reading tech and libs.
[WARNING DRT-0349] LEF58_ENCLOSURE with no CUTCLASS is not supported. Skipping for layer mcon
[WARNING DRT-0349] LEF58_ENCLOSURE with no CUTCLASS is not supported. Skipping for layer mcon
[WARNING DRT-0349] LEF58_ENCLOSURE with no CUTCLASS is not supported. Skipping for layer via
[WARNING DRT-0349] LEF58_ENCLOSURE with no CUTCLASS is not supported. Skipping for layer via
[WARNING DRT-0349] LEF58_ENCLOSURE with no CUTCLASS is not supported. Skipping for layer via2
[WARNING DRT-0349] LEF58_ENCLOSURE with no CUTCLASS is not supported. Skipping for layer via2
[WARNING DRT-0349] LEF58_ENCLOSURE with no CUTCLASS is not supported. Skipping for layer via3
[WARNING DRT-0349] LEF58_ENCLOSURE with no CUTCLASS is not supported. Skipping for layer via3
[WARNING DRT-0349] LEF58_ENCLOSURE with no CUTCLASS is not supported. Skipping for layer via4
[WARNING DRT-0349] LEF58_ENCLOSURE with no CUTCLASS is not supported. Skipping for layer via4

Units:                1000
Number of layers:     13
Number of macros:     441
Number of vias:       29
Number of viarulegen: 25

[INFO DRT-0150] Reading design.

Design:                   dynamic_noise_filter_top
Die area:                 ( 0 0 ) ( 700000 700000 )
Number of track patterns: 12
Number of DEF vias:       0
Number of components:     8132
Number of terminals:      8
Number of snets:          2
Number of nets:           971

[INFO DRT-0167] List of default vias:
  Layer via
    default via: M1M2_PR
  Layer via2
    default via: M2M3_PR
  Layer via3
    default via: M3M4_PR
  Layer via4
    default via: M4M5_PR
[INFO DRT-0162] Library cell analysis.
[INFO DRT-0163] Instance analysis.
[INFO DRT-0164] Number of unique instances = 209.
[INFO DRT-0168] Init region query.
[INFO DRT-0024]   Complete FR_MASTERSLICE.
[INFO DRT-0024]   Complete licon.
[INFO DRT-0024]   Complete li1.
[INFO DRT-0024]   Complete mcon.
[INFO DRT-0024]   Complete met1.
[INFO DRT-0024]   Complete via.
[INFO DRT-0024]   Complete met2.
[INFO DRT-0024]   Complete via2.
[INFO DRT-0024]   Complete met3.
[INFO DRT-0024]   Complete via3.
[INFO DRT-0024]   Complete met4.
[INFO DRT-0024]   Complete via4.
[INFO DRT-0024]   Complete met5.
[INFO DRT-0033] FR_MASTERSLICE shape region query size = 0.
[INFO DRT-0033] licon shape region query size = 0.
[INFO DRT-0033] li1 shape region query size = 59267.
[INFO DRT-0033] mcon shape region query size = 0.
[INFO DRT-0033] met1 shape region query size = 19483.
[INFO DRT-0033] via shape region query size = 15750.
[INFO DRT-0033] met2 shape region query size = 5250.
[INFO DRT-0033] via2 shape region query size = 12250.
[INFO DRT-0033] met3 shape region query size = 5256.
[INFO DRT-0033] via3 shape region query size = 12250.
[INFO DRT-0033] met4 shape region query size = 1948.
[INFO DRT-0033] via4 shape region query size = 648.
[INFO DRT-0033] met5 shape region query size = 198.
[INFO DRT-0165] Start pin access.
[INFO DRT-0078]   Complete 731 pins.
[INFO DRT-0079]   Complete 100 unique inst patterns.
[INFO DRT-0079]   Complete 200 unique inst patterns.
[INFO DRT-0081]   Complete 203 unique inst patterns.
[INFO DRT-0084]   Complete 792 groups.
#scanned instances     = 8132
#unique  instances     = 209
#stdCellGenAp          = 5689
#stdCellValidPlanarAp  = 61
#stdCellValidViaAp     = 4360
#stdCellPinNoAp        = 0
#stdCellPinCnt         = 3138
#instTermValidViaApCnt = 0
#macroGenAp            = 0
#macroValidPlanarAp    = 0
#macroValidViaAp       = 0
#macroNoAp             = 0
[INFO DRT-0166] Complete pin access.
[INFO DRT-0267] cpu time = 00:01:44, elapsed time = 00:00:14, memory = 152.12 (MB), peak = 152.12 (MB)

[INFO DRT-0157] Number of guides:     6932

[INFO DRT-0169] Post process guides.
[INFO DRT-0176] GCELLGRID X 0 DO 101 STEP 6900 ;
[INFO DRT-0177] GCELLGRID Y 0 DO 101 STEP 6900 ;
[INFO DRT-0028]   Complete FR_MASTERSLICE.
[INFO DRT-0028]   Complete licon.
[INFO DRT-0028]   Complete li1.
[INFO DRT-0028]   Complete mcon.
[INFO DRT-0028]   Complete met1.
[INFO DRT-0028]   Complete via.
[INFO DRT-0028]   Complete met2.
[INFO DRT-0028]   Complete via2.
[INFO DRT-0028]   Complete met3.
[INFO DRT-0028]   Complete via3.
[INFO DRT-0028]   Complete met4.
[INFO DRT-0028]   Complete via4.
[INFO DRT-0028]   Complete met5.
[INFO DRT-0178] Init guide query.
[INFO DRT-0035]   Complete FR_MASTERSLICE (guide).
[INFO DRT-0035]   Complete licon (guide).
[INFO DRT-0035]   Complete li1 (guide).
[INFO DRT-0035]   Complete mcon (guide).
[INFO DRT-0035]   Complete met1 (guide).
[INFO DRT-0035]   Complete via (guide).
[INFO DRT-0035]   Complete met2 (guide).
[INFO DRT-0035]   Complete via2 (guide).
[INFO DRT-0035]   Complete met3 (guide).
[INFO DRT-0035]   Complete via3 (guide).
[INFO DRT-0035]   Complete met4 (guide).
[INFO DRT-0035]   Complete via4 (guide).
[INFO DRT-0035]   Complete met5 (guide).
[INFO DRT-0036] FR_MASTERSLICE guide region query size = 0.
[INFO DRT-0036] licon guide region query size = 0.
[INFO DRT-0036] li1 guide region query size = 2510.
[INFO DRT-0036] mcon guide region query size = 0.
[INFO DRT-0036] met1 guide region query size = 2079.
[INFO DRT-0036] via guide region query size = 0.
[INFO DRT-0036] met2 guide region query size = 1021.
[INFO DRT-0036] via2 guide region query size = 0.
[INFO DRT-0036] met3 guide region query size = 8.
[INFO DRT-0036] via3 guide region query size = 0.
[INFO DRT-0036] met4 guide region query size = 0.
[INFO DRT-0036] via4 guide region query size = 0.
[INFO DRT-0036] met5 guide region query size = 0.
[INFO DRT-0179] Init gr pin query.
[INFO DRT-0245] skipped writing guide updates to database.
[INFO DRT-0185] Post process initialize RPin region query.
[INFO DRT-0181] Start track assignment.
[INFO DRT-0184] Done with 3531 vertical wires in 3 frboxes and 2087 horizontal wires in 3 frboxes.
[INFO DRT-0186] Done with 195 vertical wires in 3 frboxes and 428 horizontal wires in 3 frboxes.
[INFO DRT-0182] Complete track assignment.
[INFO DRT-0267] cpu time = 00:00:02, elapsed time = 00:00:00, memory = 191.02 (MB), peak = 194.63 (MB)
[INFO DRT-0187] Start routing data preparation.
[INFO DRT-0267] cpu time = 00:00:00, elapsed time = 00:00:00, memory = 191.02 (MB), peak = 194.63 (MB)
[INFO DRT-0194] Start detail routing.
[INFO DRT-0195] Start 0th optimization iteration.
    Completing 10% with 0 violations.
    elapsed time = 00:00:00, memory = 243.52 (MB).
    Completing 20% with 0 violations.
    elapsed time = 00:00:00, memory = 243.77 (MB).
    Completing 30% with 28 violations.
    elapsed time = 00:00:00, memory = 215.29 (MB).
    Completing 40% with 28 violations.
    elapsed time = 00:00:01, memory = 266.11 (MB).
    Completing 50% with 28 violations.
    elapsed time = 00:00:01, memory = 267.14 (MB).
    Completing 60% with 69 violations.
    elapsed time = 00:00:02, memory = 272.74 (MB).
    Completing 70% with 69 violations.
    elapsed time = 00:00:02, memory = 272.74 (MB).
    Completing 80% with 87 violations.
    elapsed time = 00:00:02, memory = 274.03 (MB).
    Completing 90% with 87 violations.
    elapsed time = 00:00:03, memory = 295.95 (MB).
    Completing 100% with 110 violations.
    elapsed time = 00:00:03, memory = 275.89 (MB).
[INFO DRT-0199]   Number of violations = 145.
Viol/Layer         li1   mcon   met1   met2   met3
Metal Spacing        1      0     38      2      7
Recheck              1      0     25      9      0
Short                0      1     61      0      0
[INFO DRT-0267] cpu time = 00:00:21, elapsed time = 00:00:04, memory = 621.93 (MB), peak = 621.93 (MB)
Total wire length = 32696 um.
Total wire length on LAYER li1 = 0 um.
Total wire length on LAYER met1 = 17569 um.
Total wire length on LAYER met2 = 14986 um.
Total wire length on LAYER met3 = 139 um.
Total wire length on LAYER met4 = 0 um.
Total wire length on LAYER met5 = 0 um.
Total number of vias = 6070.
Up-via summary (total 6070):

-----------------------
 FR_MASTERSLICE       0
            li1    3060
           met1    3000
           met2      10
           met3       0
           met4       0
-----------------------
                   6070


[INFO DRT-0195] Start 1st optimization iteration.
    Completing 10% with 145 violations.
    elapsed time = 00:00:00, memory = 639.20 (MB).
    Completing 20% with 145 violations.
    elapsed time = 00:00:00, memory = 639.97 (MB).
    Completing 30% with 142 violations.
    elapsed time = 00:00:01, memory = 640.23 (MB).
    Completing 40% with 142 violations.
    elapsed time = 00:00:01, memory = 640.48 (MB).
    Completing 50% with 142 violations.
    elapsed time = 00:00:01, memory = 640.48 (MB).
    Completing 60% with 112 violations.
    elapsed time = 00:00:02, memory = 642.29 (MB).
    Completing 70% with 112 violations.
    elapsed time = 00:00:02, memory = 643.58 (MB).
    Completing 80% with 66 violations.
    elapsed time = 00:00:03, memory = 643.58 (MB).
    Completing 90% with 66 violations.
    elapsed time = 00:00:03, memory = 643.58 (MB).
    Completing 100% with 40 violations.
    elapsed time = 00:00:03, memory = 643.58 (MB).
[INFO DRT-0199]   Number of violations = 40.
Viol/Layer        met1   met2   met3
Metal Spacing        9      5      3
Short               23      0      0
[INFO DRT-0267] cpu time = 00:00:22, elapsed time = 00:00:04, memory = 646.41 (MB), peak = 646.41 (MB)
Total wire length = 32645 um.
Total wire length on LAYER li1 = 0 um.
Total wire length on LAYER met1 = 17555 um.
Total wire length on LAYER met2 = 14948 um.
Total wire length on LAYER met3 = 142 um.
Total wire length on LAYER met4 = 0 um.
Total wire length on LAYER met5 = 0 um.
Total number of vias = 6078.
Up-via summary (total 6078):

-----------------------
 FR_MASTERSLICE       0
            li1    3059
           met1    3009
           met2      10
           met3       0
           met4       0
-----------------------
                   6078


[INFO DRT-0195] Start 2nd optimization iteration.
    Completing 10% with 40 violations.
    elapsed time = 00:00:00, memory = 646.41 (MB).
    Completing 20% with 40 violations.
    elapsed time = 00:00:00, memory = 646.41 (MB).
    Completing 30% with 34 violations.
    elapsed time = 00:00:00, memory = 646.41 (MB).
    Completing 40% with 34 violations.
    elapsed time = 00:00:00, memory = 646.41 (MB).
    Completing 50% with 34 violations.
    elapsed time = 00:00:00, memory = 652.86 (MB).
    Completing 60% with 21 violations.
    elapsed time = 00:00:00, memory = 652.86 (MB).
    Completing 70% with 21 violations.
    elapsed time = 00:00:00, memory = 652.86 (MB).
    Completing 80% with 14 violations.
    elapsed time = 00:00:01, memory = 655.11 (MB).
    Completing 90% with 14 violations.
    elapsed time = 00:00:01, memory = 655.11 (MB).
    Completing 100% with 13 violations.
    elapsed time = 00:00:01, memory = 655.11 (MB).
[INFO DRT-0199]   Number of violations = 13.
Viol/Layer        met1   met2
Metal Spacing        3      1
Short                9      0
[INFO DRT-0267] cpu time = 00:00:06, elapsed time = 00:00:02, memory = 655.11 (MB), peak = 666.52 (MB)
Total wire length = 32657 um.
Total wire length on LAYER li1 = 0 um.
Total wire length on LAYER met1 = 17563 um.
Total wire length on LAYER met2 = 14949 um.
Total wire length on LAYER met3 = 144 um.
Total wire length on LAYER met4 = 0 um.
Total wire length on LAYER met5 = 0 um.
Total number of vias = 6087.
Up-via summary (total 6087):

-----------------------
 FR_MASTERSLICE       0
            li1    3059
           met1    3018
           met2      10
           met3       0
           met4       0
-----------------------
                   6087


[INFO DRT-0195] Start 3rd optimization iteration.
    Completing 10% with 13 violations.
    elapsed time = 00:00:00, memory = 655.11 (MB).
    Completing 20% with 13 violations.
    elapsed time = 00:00:00, memory = 655.11 (MB).
    Completing 30% with 11 violations.
    elapsed time = 00:00:00, memory = 655.11 (MB).
    Completing 40% with 11 violations.
    elapsed time = 00:00:00, memory = 655.11 (MB).
    Completing 50% with 11 violations.
    elapsed time = 00:00:00, memory = 655.11 (MB).
    Completing 60% with 6 violations.
    elapsed time = 00:00:00, memory = 655.11 (MB).
    Completing 70% with 6 violations.
    elapsed time = 00:00:00, memory = 655.11 (MB).
    Completing 80% with 1 violations.
    elapsed time = 00:00:00, memory = 655.11 (MB).
    Completing 90% with 1 violations.
    elapsed time = 00:00:00, memory = 655.11 (MB).
    Completing 100% with 0 violations.
    elapsed time = 00:00:00, memory = 664.39 (MB).
[INFO DRT-0199]   Number of violations = 0.
[INFO DRT-0267] cpu time = 00:00:02, elapsed time = 00:00:01, memory = 664.39 (MB), peak = 666.52 (MB)
Total wire length = 32643 um.
Total wire length on LAYER li1 = 0 um.
Total wire length on LAYER met1 = 17521 um.
Total wire length on LAYER met2 = 14946 um.
Total wire length on LAYER met3 = 175 um.
Total wire length on LAYER met4 = 0 um.
Total wire length on LAYER met5 = 0 um.
Total number of vias = 6089.
Up-via summary (total 6089):

-----------------------
 FR_MASTERSLICE       0
            li1    3059
           met1    3018
           met2      12
           met3       0
           met4       0
-----------------------
                   6089


[INFO DRT-0198] Complete detail routing.
Total wire length = 32643 um.
Total wire length on LAYER li1 = 0 um.
Total wire length on LAYER met1 = 17521 um.
Total wire length on LAYER met2 = 14946 um.
Total wire length on LAYER met3 = 175 um.
Total wire length on LAYER met4 = 0 um.
Total wire length on LAYER met5 = 0 um.
Total number of vias = 6089.
Up-via summary (total 6089):

-----------------------
 FR_MASTERSLICE       0
            li1    3059
           met1    3018
           met2      12
           met3       0
           met4       0
-----------------------
                   6089


[INFO DRT-0267] cpu time = 00:00:53, elapsed time = 00:00:11, memory = 664.39 (MB), peak = 666.52 (MB)

[INFO DRT-0180] Post processing.
Setting global connections for newly added cells…
[INFO] Setting global connections...
Updating metrics…
Cell type report:                       Count       Area
  Fill cell                               498    1869.29
  Tap cell                               6651    8321.73
  Antenna cell                             10      25.02
  Clock buffer                             11     246.49
  Timing Repair Buffer                     93     849.56
  Inverter                                 87     326.56
  Clock inverter                            5      61.31
  Sequential cell                          74    1895.57
  Multi-Input combinational cell          703    5595.37
  Total                                  8132   19190.91
Writing OpenROAD database to '/home/asic/workspace/asic_project/runs/RUN_2025-06-17_21-07-06/45-openroad-detailedrouting/dynamic_noise_filter_top.odb'…
Writing netlist to '/home/asic/workspace/asic_project/runs/RUN_2025-06-17_21-07-06/45-openroad-detailedrouting/dynamic_noise_filter_top.nl.v'…
Writing powered netlist to '/home/asic/workspace/asic_project/runs/RUN_2025-06-17_21-07-06/45-openroad-detailedrouting/dynamic_noise_filter_top.pnl.v'…
Writing layout to '/home/asic/workspace/asic_project/runs/RUN_2025-06-17_21-07-06/45-openroad-detailedrouting/dynamic_noise_filter_top.def'…
Writing timing constraints to '/home/asic/workspace/asic_project/runs/RUN_2025-06-17_21-07-06/45-openroad-detailedrouting/dynamic_noise_filter_top.sdc'…
