Clock: clk
Sources: clk 
Generated: no
Virtual: yes
Propagated: no
Period: 30.000000

===========================================================================
report_clock_properties
============================================================================
Clock                   Period          Waveform
----------------------------------------------------
clk                  30.000000    0.000000 15.000000

===========================================================================
report_clock_latency
============================================================================
Clock clk
rise -> rise
    min     max
0.000000 0.000000 source latency
0.996295         network latency filter.y_out[4]_sky130_fd_sc_hd__dfrtp_2_Q/CLK
        1.013508 network latency spi_out.shift_reg[6]_sky130_fd_sc_hd__dfrtp_2_Q/CLK
---------------
0.996295 1.013508 latency
        0.017213 skew

fall -> fall
    min     max
0.000000 0.000000 source latency
0.859517         network latency filter.y_out[4]_sky130_fd_sc_hd__dfrtp_2_Q/CLK
        0.874408 network latency spi_out.shift_reg[6]_sky130_fd_sc_hd__dfrtp_2_Q/CLK
---------------
0.859517 0.874408 latency
        0.014891 skew



===========================================================================
report_clock_min_period
============================================================================
clk period_min = 14.12 fmax = 70.82
