
===========================================================================
 report_power
============================================================================
======================= nom_ss_100C_1v60 Corner ===================================

Group                    Internal    Switching      Leakage        Total
                            Power        Power        Power        Power (Watts)
------------------------------------------------------------------------
Sequential           1.896806e-04 3.839495e-05 1.427873e-06 2.295035e-04   3.1%
Combinational        4.189571e-03 3.062668e-03 4.515295e-06 7.256755e-03  96.9%
Clock                0.000000e+00 0.000000e+00 0.000000e+00 0.000000e+00   0.0%
Macro                0.000000e+00 0.000000e+00 0.000000e+00 0.000000e+00   0.0%
Pad                  0.000000e+00 0.000000e+00 0.000000e+00 0.000000e+00   0.0%
------------------------------------------------------------------------
Total                4.379253e-03 3.101062e-03 5.943162e-06 7.486258e-03 100.0%
                            58.5%        41.4%         0.1%

