[WARNING ORD-0039] .openroad ignored with -python
                                Cells by Master                                 
┏━━━━━━━━━━━━━━━━━━━━━━━━━━━━━━━━━━━━━━━━━━━━━━━━━━━━━━━━━━━━━━━━┳━━━━━━━━━━━━━┓
┃ Cell                                                           ┃ Count       ┃
┡━━━━━━━━━━━━━━━━━━━━━━━━━━━━━━━━━━━━━━━━━━━━━━━━━━━━━━━━━━━━━━━━╇━━━━━━━━━━━━━┩
│ sky130_ef_sc_hd__decap_12                                      │ 25733       │
│ sky130_fd_sc_hd__a211o_1                                       │ 1           │
│ sky130_fd_sc_hd__a21bo_1                                       │ 5           │
│ sky130_fd_sc_hd__a21boi_1                                      │ 2           │
│ sky130_fd_sc_hd__a21boi_2                                      │ 1           │
│ sky130_fd_sc_hd__a21o_1                                        │ 33          │
│ sky130_fd_sc_hd__a21o_2                                        │ 2           │
│ sky130_fd_sc_hd__a21oi_1                                       │ 18          │
│ sky130_fd_sc_hd__a21oi_2                                       │ 9           │
│ sky130_fd_sc_hd__a221o_1                                       │ 1           │
│ sky130_fd_sc_hd__a22o_1                                        │ 6           │
│ sky130_fd_sc_hd__a22oi_2                                       │ 1           │
│ sky130_fd_sc_hd__a2bb2o_1                                      │ 2           │
│ sky130_fd_sc_hd__a2bb2o_2                                      │ 1           │
│ sky130_fd_sc_hd__a2bb2oi_1                                     │ 1           │
│ sky130_fd_sc_hd__a311o_1                                       │ 1           │
│ sky130_fd_sc_hd__a31o_1                                        │ 7           │
│ sky130_fd_sc_hd__a32o_1                                        │ 3           │
│ sky130_fd_sc_hd__a41o_1                                        │ 1           │
│ sky130_fd_sc_hd__a41oi_2                                       │ 1           │
│ sky130_fd_sc_hd__and2_1                                        │ 31          │
│ sky130_fd_sc_hd__and2_2                                        │ 1           │
│ sky130_fd_sc_hd__and2_4                                        │ 1           │
│ sky130_fd_sc_hd__and2b_1                                       │ 28          │
│ sky130_fd_sc_hd__and3_1                                        │ 21          │
│ sky130_fd_sc_hd__and3_4                                        │ 1           │
│ sky130_fd_sc_hd__and3b_1                                       │ 4           │
│ sky130_fd_sc_hd__and4_1                                        │ 2           │
│ sky130_fd_sc_hd__buf_1                                         │ 1           │
│ sky130_fd_sc_hd__buf_2                                         │ 3           │
│ sky130_fd_sc_hd__buf_4                                         │ 14          │
│ sky130_fd_sc_hd__bufinv_16                                     │ 1           │
│ sky130_fd_sc_hd__clkbuf_1                                      │ 2           │
│ sky130_fd_sc_hd__clkbuf_16                                     │ 9           │
│ sky130_fd_sc_hd__clkbuf_4                                      │ 12          │
│ sky130_fd_sc_hd__clkbuf_8                                      │ 5           │
│ sky130_fd_sc_hd__clkinvlp_4                                    │ 3           │
│ sky130_fd_sc_hd__decap_3                                       │ 796         │
│ sky130_fd_sc_hd__decap_4                                       │ 331         │
│ sky130_fd_sc_hd__decap_6                                       │ 5927        │
│ sky130_fd_sc_hd__decap_8                                       │ 471         │
│ sky130_fd_sc_hd__dfrtp_1                                       │ 61          │
│ sky130_fd_sc_hd__dfrtp_2                                       │ 2           │
│ sky130_fd_sc_hd__dfrtp_4                                       │ 11          │
│ sky130_fd_sc_hd__diode_2                                       │ 10          │
│ sky130_fd_sc_hd__dlygate4sd3_1                                 │ 58          │
│ sky130_fd_sc_hd__fill_1                                        │ 6623        │
│ sky130_fd_sc_hd__fill_2                                        │ 224         │
│ sky130_fd_sc_hd__inv_2                                         │ 87          │
│ sky130_fd_sc_hd__inv_6                                         │ 1           │
│ sky130_fd_sc_hd__mux2_1                                        │ 67          │
│ sky130_fd_sc_hd__nand2_1                                       │ 68          │
│ sky130_fd_sc_hd__nand2_2                                       │ 4           │
│ sky130_fd_sc_hd__nand2b_1                                      │ 13          │
│ sky130_fd_sc_hd__nand3_1                                       │ 6           │
│ sky130_fd_sc_hd__nand3_2                                       │ 1           │
│ sky130_fd_sc_hd__nand3b_1                                      │ 1           │
│ sky130_fd_sc_hd__nand4_1                                       │ 1           │
│ sky130_fd_sc_hd__nor2_1                                        │ 49          │
│ sky130_fd_sc_hd__nor2_4                                        │ 2           │
│ sky130_fd_sc_hd__nor3_1                                        │ 2           │
│ sky130_fd_sc_hd__nor3b_1                                       │ 2           │
│ sky130_fd_sc_hd__o211a_1                                       │ 3           │
│ sky130_fd_sc_hd__o21a_1                                        │ 11          │
│ sky130_fd_sc_hd__o21ai_1                                       │ 20          │
│ sky130_fd_sc_hd__o21ai_2                                       │ 3           │
│ sky130_fd_sc_hd__o21ba_1                                       │ 4           │
│ sky130_fd_sc_hd__o21ba_2                                       │ 1           │
│ sky130_fd_sc_hd__o21ba_4                                       │ 1           │
│ sky130_fd_sc_hd__o21bai_2                                      │ 1           │
│ sky130_fd_sc_hd__o21bai_4                                      │ 1           │
│ sky130_fd_sc_hd__o221a_1                                       │ 1           │
│ sky130_fd_sc_hd__o22a_1                                        │ 3           │
│ sky130_fd_sc_hd__o2bb2a_1                                      │ 2           │
│ sky130_fd_sc_hd__o2bb2ai_2                                     │ 1           │
│ sky130_fd_sc_hd__o311a_2                                       │ 1           │
│ sky130_fd_sc_hd__o31a_1                                        │ 4           │
│ sky130_fd_sc_hd__o31ai_1                                       │ 1           │
│ sky130_fd_sc_hd__o32a_1                                        │ 4           │
│ sky130_fd_sc_hd__or2_1                                         │ 42          │
│ sky130_fd_sc_hd__or2_2                                         │ 6           │
│ sky130_fd_sc_hd__or2_4                                         │ 1           │
│ sky130_fd_sc_hd__or3_1                                         │ 10          │
│ sky130_fd_sc_hd__or3_2                                         │ 2           │
│ sky130_fd_sc_hd__or3b_1                                        │ 3           │
│ sky130_fd_sc_hd__or3b_2                                        │ 1           │
│ sky130_fd_sc_hd__or4_1                                         │ 1           │
│ sky130_fd_sc_hd__or4b_1                                        │ 1           │
│ sky130_fd_sc_hd__tapvpwrvgnd_1                                 │ 6651        │
│ sky130_fd_sc_hd__xnor2_1                                       │ 101         │
│ sky130_fd_sc_hd__xnor2_2                                       │ 19          │
│ sky130_fd_sc_hd__xnor2_4                                       │ 2           │
│ sky130_fd_sc_hd__xor2_1                                        │ 36          │
│ sky130_fd_sc_hd__xor2_2                                        │ 9           │
│ sky130_fd_sc_hd__xor2_4                                        │ 6           │
└────────────────────────────────────────────────────────────────┴─────────────┘
                               Cells by Function                                
┏━━━━━━━━━━━━━━━━━━━━━━━━━━━━━━━━━━━━━━━━━━━━━━━━━━━━━━━━━━━━━━━┳━━━━━━━━━━━━━━┓
┃ Cell Function                                                 ┃ Count        ┃
┡━━━━━━━━━━━━━━━━━━━━━━━━━━━━━━━━━━━━━━━━━━━━━━━━━━━━━━━━━━━━━━━╇━━━━━━━━━━━━━━┩
│ sky130_ef_sc_hd__decap                                        │ 25733        │
│ sky130_fd_sc_hd__a211o                                        │ 1            │
│ sky130_fd_sc_hd__a21bo                                        │ 5            │
│ sky130_fd_sc_hd__a21boi                                       │ 3            │
│ sky130_fd_sc_hd__a21o                                         │ 35           │
│ sky130_fd_sc_hd__a21oi                                        │ 27           │
│ sky130_fd_sc_hd__a221o                                        │ 1            │
│ sky130_fd_sc_hd__a22o                                         │ 6            │
│ sky130_fd_sc_hd__a22oi                                        │ 1            │
│ sky130_fd_sc_hd__a2bb2o                                       │ 3            │
│ sky130_fd_sc_hd__a2bb2oi                                      │ 1            │
│ sky130_fd_sc_hd__a311o                                        │ 1            │
│ sky130_fd_sc_hd__a31o                                         │ 7            │
│ sky130_fd_sc_hd__a32o                                         │ 3            │
│ sky130_fd_sc_hd__a41o                                         │ 1            │
│ sky130_fd_sc_hd__a41oi                                        │ 1            │
│ sky130_fd_sc_hd__and2                                         │ 33           │
│ sky130_fd_sc_hd__and2b                                        │ 28           │
│ sky130_fd_sc_hd__and3                                         │ 22           │
│ sky130_fd_sc_hd__and3b                                        │ 4            │
│ sky130_fd_sc_hd__and4                                         │ 2            │
│ sky130_fd_sc_hd__buf                                          │ 18           │
│ sky130_fd_sc_hd__bufinv                                       │ 1            │
│ sky130_fd_sc_hd__clkbuf                                       │ 28           │
│ sky130_fd_sc_hd__clkinvlp                                     │ 3            │
│ sky130_fd_sc_hd__decap                                        │ 7525         │
│ sky130_fd_sc_hd__dfrtp                                        │ 74           │
│ sky130_fd_sc_hd__diode                                        │ 10           │
│ sky130_fd_sc_hd__dlygate4sd3                                  │ 58           │
│ sky130_fd_sc_hd__fill                                         │ 6847         │
│ sky130_fd_sc_hd__inv                                          │ 88           │
│ sky130_fd_sc_hd__mux2                                         │ 67           │
│ sky130_fd_sc_hd__nand2                                        │ 72           │
│ sky130_fd_sc_hd__nand2b                                       │ 13           │
│ sky130_fd_sc_hd__nand3                                        │ 7            │
│ sky130_fd_sc_hd__nand3b                                       │ 1            │
│ sky130_fd_sc_hd__nand4                                        │ 1            │
│ sky130_fd_sc_hd__nor2                                         │ 51           │
│ sky130_fd_sc_hd__nor3                                         │ 2            │
│ sky130_fd_sc_hd__nor3b                                        │ 2            │
│ sky130_fd_sc_hd__o211a                                        │ 3            │
│ sky130_fd_sc_hd__o21a                                         │ 11           │
│ sky130_fd_sc_hd__o21ai                                        │ 23           │
│ sky130_fd_sc_hd__o21ba                                        │ 6            │
│ sky130_fd_sc_hd__o21bai                                       │ 2            │
│ sky130_fd_sc_hd__o221a                                        │ 1            │
│ sky130_fd_sc_hd__o22a                                         │ 3            │
│ sky130_fd_sc_hd__o2bb2a                                       │ 2            │
│ sky130_fd_sc_hd__o2bb2ai                                      │ 1            │
│ sky130_fd_sc_hd__o311a                                        │ 1            │
│ sky130_fd_sc_hd__o31a                                         │ 4            │
│ sky130_fd_sc_hd__o31ai                                        │ 1            │
│ sky130_fd_sc_hd__o32a                                         │ 4            │
│ sky130_fd_sc_hd__or2                                          │ 49           │
│ sky130_fd_sc_hd__or3                                          │ 12           │
│ sky130_fd_sc_hd__or3b                                         │ 4            │
│ sky130_fd_sc_hd__or4                                          │ 1            │
│ sky130_fd_sc_hd__or4b                                         │ 1            │
│ sky130_fd_sc_hd__tapvpwrvgnd                                  │ 6651         │
│ sky130_fd_sc_hd__xnor2                                        │ 122          │
│ sky130_fd_sc_hd__xor2                                         │ 51           │
└───────────────────────────────────────────────────────────────┴──────────────┘
                                  Cells by SCL                                  
┏━━━━━━━━━━━━━━━━━━━━━━━━━━━━━━━━━━━━━━━━━━━━━━━━━━━━━━━┳━━━━━━━━━━━━━━━━━━━━━━┓
┃ SCL                                                   ┃ Count                ┃
┡━━━━━━━━━━━━━━━━━━━━━━━━━━━━━━━━━━━━━━━━━━━━━━━━━━━━━━━╇━━━━━━━━━━━━━━━━━━━━━━┩
│ sky130_ef_sc_hd                                       │ 25733                │
│ sky130_fd_sc_hd                                       │ 22006                │
└───────────────────────────────────────────────────────┴──────────────────────┘
                             Buffers by Cell Master                             
┏━━━━━━━━━━━━━━━━━━━━━━━━━━━━━━━━━━━━━━━━━━━━━━━━━━━━━━━━━━━━━━━━┳━━━━━━━━━━━━━┓
┃ Buffer                                                         ┃ Count       ┃
┡━━━━━━━━━━━━━━━━━━━━━━━━━━━━━━━━━━━━━━━━━━━━━━━━━━━━━━━━━━━━━━━━╇━━━━━━━━━━━━━┩
│ sky130_fd_sc_hd__buf_1                                         │ 1           │
│ sky130_fd_sc_hd__buf_2                                         │ 3           │
│ sky130_fd_sc_hd__buf_4                                         │ 14          │
│ sky130_fd_sc_hd__clkbuf_1                                      │ 2           │
│ sky130_fd_sc_hd__clkbuf_16                                     │ 9           │
│ sky130_fd_sc_hd__clkbuf_4                                      │ 12          │
│ sky130_fd_sc_hd__clkbuf_8                                      │ 5           │
│ sky130_fd_sc_hd__dlygate4sd3_1                                 │ 58          │
└────────────────────────────────────────────────────────────────┴─────────────┘
