Clock: clk
Sources: clk 
Generated: no
Virtual: yes
Propagated: no
Period: 30.000000

===========================================================================
report_clock_properties
============================================================================
Clock                   Period          Waveform
----------------------------------------------------
clk                  30.000000    0.000000 15.000000

===========================================================================
report_clock_latency
============================================================================
Clock clk
rise -> rise
    min     max
0.000000 0.000000 source latency
0.403763         network latency filter.y_out[4]_sky130_fd_sc_hd__dfrtp_2_Q/CLK
        0.417103 network latency filter.y_out[11]_sky130_fd_sc_hd__dfrtp_2_Q/CLK
---------------
0.403763 0.417103 latency
        0.013340 skew

fall -> fall
    min     max
0.000000 0.000000 source latency
0.331436         network latency filter.y_out[4]_sky130_fd_sc_hd__dfrtp_2_Q/CLK
        0.344683 network latency filter.y_out[11]_sky130_fd_sc_hd__dfrtp_2_Q/CLK
---------------
0.331436 0.344683 latency
        0.013246 skew



===========================================================================
report_clock_min_period
============================================================================
clk period_min = 4.60 fmax = 217.41
