
===========================================================================
 report_power
============================================================================
======================= nom_ff_n40C_1v95 Corner ===================================

Group                    Internal    Switching      Leakage        Total
                            Power        Power        Power        Power (Watts)
------------------------------------------------------------------------
Sequential           2.882879e-04 7.767833e-05 1.291243e-09 3.659675e-04   4.1%
Combinational        3.645021e-03 4.705538e-03 6.896933e-09 8.350565e-03  94.2%
Clock                7.758907e-05 7.030155e-05 2.937121e-08 1.479200e-04   1.7%
Macro                0.000000e+00 0.000000e+00 0.000000e+00 0.000000e+00   0.0%
Pad                  0.000000e+00 0.000000e+00 0.000000e+00 0.000000e+00   0.0%
------------------------------------------------------------------------
Total                4.010901e-03 4.853518e-03 3.755937e-08 8.864456e-03 100.0%
                            45.2%        54.8%         0.0%

