Reading OpenROAD database at '/home/asic/workspace/asic_project/runs/RUN_2025-06-17_21-07-06/15-odb-setpowerconnections/dynamic_noise_filter_top.odb'…
Reading library file at '/foss/pdks/volare/sky130/versions/0fe599b2afb6708d281543108caf8310912f54af/sky130A/libs.ref/sky130_fd_sc_hd/lib/sky130_fd_sc_hd__tt_025C_1v80.lib'…
Reading design constraints file at '/usr/local/lib/python3.12/dist-packages/openlane/scripts/base.sdc'…
[INFO] Using clock clk…
[INFO] Setting output delay to: 6
[INFO] Setting input delay to: 6
[INFO] Setting load to: 0.033442
[INFO] Setting clock uncertainty to: 0.25
[INFO] Setting clock transition to: 0.1499999999999999944488848768742172978818416595458984375
[INFO] Setting timing derate to: 5%
Setting global connections for newly added cells…
[INFO] Setting global connections...
Updating metrics…
Cell type report:                       Count       Area
  Inverter                                 87     326.56
  Sequential cell                          74    1944.36
  Multi-Input combinational cell          703    7260.71
  Total                                   864    9531.64
Writing OpenROAD database to '/home/asic/workspace/asic_project/runs/RUN_2025-06-17_21-07-06/17-openroad-cutrows/dynamic_noise_filter_top.odb'…
Writing layout to '/home/asic/workspace/asic_project/runs/RUN_2025-06-17_21-07-06/17-openroad-cutrows/dynamic_noise_filter_top.def'…
