
===========================================================================
 report_power
============================================================================
======================= min_ff_n40C_1v95 Corner ===================================

Group                    Internal    Switching      Leakage        Total
                            Power        Power        Power        Power (Watts)
------------------------------------------------------------------------
Sequential           6.892188e-04 6.076548e-05 2.693325e-10 7.499845e-04   1.5%
Combinational        2.361179e-02 2.656387e-02 2.241902e-08 5.017568e-02  98.3%
Clock                6.943892e-05 3.246858e-05 6.649337e-09 1.019141e-04   0.2%
Macro                0.000000e+00 0.000000e+00 0.000000e+00 0.000000e+00   0.0%
Pad                  0.000000e+00 0.000000e+00 0.000000e+00 0.000000e+00   0.0%
------------------------------------------------------------------------
Total                2.437044e-02 2.665710e-02 2.933763e-08 5.102757e-02 100.0%
                            47.8%        52.2%         0.0%

