Reading timing models for corner nom_tt_025C_1v80…
Reading timing library for the 'nom_tt_025C_1v80' corner at '/foss/pdks/volare/sky130/versions/0fe599b2afb6708d281543108caf8310912f54af/sky130A/libs.ref/sky130_fd_sc_hd/lib/sky130_fd_sc_hd__tt_025C_1v80.lib'…
Reading timing models for corner nom_ff_n40C_1v95…
Reading timing library for the 'nom_ff_n40C_1v95' corner at '/foss/pdks/volare/sky130/versions/0fe599b2afb6708d281543108caf8310912f54af/sky130A/libs.ref/sky130_fd_sc_hd/lib/sky130_fd_sc_hd__ff_n40C_1v95.lib'…
Reading timing models for corner nom_ss_100C_1v60…
Reading timing library for the 'nom_ss_100C_1v60' corner at '/foss/pdks/volare/sky130/versions/0fe599b2afb6708d281543108caf8310912f54af/sky130A/libs.ref/sky130_fd_sc_hd/lib/sky130_fd_sc_hd__ss_100C_1v60.lib'…
Reading OpenROAD database at '/home/asic/workspace/asic_project/runs/RUN_2025-06-17_21-07-06/27-openroad-globalplacement/dynamic_noise_filter_top.odb'…
Reading design constraints file at '/usr/local/lib/python3.12/dist-packages/openlane/scripts/base.sdc'…
[INFO] Using clock clk…
[INFO] Setting output delay to: 6
[INFO] Setting input delay to: 6
[INFO] Setting load to: 0.033442
[INFO] Setting clock uncertainty to: 0.25
[INFO] Setting clock transition to: 0.1499999999999999944488848768742172978818416595458984375
[INFO] Setting timing derate to: 5%
[INFO] Setting RC values…
[INFO RSZ-0027] Inserted 4 input buffers.
[INFO RSZ-0028] Inserted 1 output buffers.
[INFO RSZ-0058] Using max wire length 6335um.
Iteration | Resized | Buffers | Nets repaired | Remaining
---------------------------------------------------------
        0 |       0 |       0 |             0 |       874
      100 |      89 |       0 |             0 |       774
      200 |     182 |       0 |             0 |       674
      300 |     276 |       0 |             0 |       574
      400 |     365 |       0 |             0 |       474
      500 |     430 |       2 |             1 |       374
      600 |     498 |       8 |             4 |       274
      700 |     570 |      11 |             6 |       174
      800 |     625 |      11 |            47 |        74
    final |     678 |      30 |            89 |         0
---------------------------------------------------------
[INFO RSZ-0034] Found 75 slew violations.
[INFO RSZ-0035] Found 14 fanout violations.
[INFO RSZ-0038] Inserted 30 buffers in 89 nets.
[INFO RSZ-0039] Resized 678 instances.
Placement Analysis
---------------------------------
total displacement       1478.1 u
average displacement        0.2 u
max displacement            5.8 u
original HPWL           27503.0 u
legalized HPWL          28389.2 u
delta HPWL                    3 %

[INFO DPL-0020] Mirrored 318 instances
[INFO DPL-0021] HPWL before           28389.2 u
[INFO DPL-0022] HPWL after            27912.8 u
[INFO DPL-0023] HPWL delta               -1.7 %
[INFO] Setting RC values…
Setting global connections for newly added cells…
[INFO] Setting global connections...
Updating metrics…
Cell type report:                       Count       Area
  Fill cell                               498    1869.29
  Tap cell                               6651    8321.73
  Timing Repair Buffer                     35     269.01
  Inverter                                 87     326.56
  Sequential cell                          74    1895.57
  Multi-Input combinational cell          703    5595.37
  Total                                  8048   18277.53
Writing OpenROAD database to '/home/asic/workspace/asic_project/runs/RUN_2025-06-17_21-07-06/31-openroad-repairdesignpostgpl/dynamic_noise_filter_top.odb'…
Writing netlist to '/home/asic/workspace/asic_project/runs/RUN_2025-06-17_21-07-06/31-openroad-repairdesignpostgpl/dynamic_noise_filter_top.nl.v'…
Writing powered netlist to '/home/asic/workspace/asic_project/runs/RUN_2025-06-17_21-07-06/31-openroad-repairdesignpostgpl/dynamic_noise_filter_top.pnl.v'…
Writing layout to '/home/asic/workspace/asic_project/runs/RUN_2025-06-17_21-07-06/31-openroad-repairdesignpostgpl/dynamic_noise_filter_top.def'…
Writing timing constraints to '/home/asic/workspace/asic_project/runs/RUN_2025-06-17_21-07-06/31-openroad-repairdesignpostgpl/dynamic_noise_filter_top.sdc'…
