
 /----------------------------------------------------------------------------\
 |  yosys -- Yosys Open SYnthesis Suite                                       |
 |  Copyright (C) 2012 - 2025  Claire Xenia Wolf <claire@yosyshq.com>         |
 |  Distributed under an ISC-like license, type "license" to see terms        |
 \----------------------------------------------------------------------------/
 Yosys 0.51 (git sha1 c4b519022, g++ 13.3.0-6ubuntu2~24.04 -fPIC -O3)

1. Executing Verilog-2005 frontend: /home/asic/workspace/asic_project/runs/RUN_2025-06-17_07-37-23/tmp/f8eb937825f74314bf965b92cc18756b.bb.v
Parsing SystemVerilog input from `/home/asic/workspace/asic_project/runs/RUN_2025-06-17_07-37-23/tmp/f8eb937825f74314bf965b92cc18756b.bb.v' to AST representation.
Generating RTLIL representation for module `\sky130_ef_sc_hd__decap_12'.
Generating RTLIL representation for module `\sky130_ef_sc_hd__fill_12'.
Generating RTLIL representation for module `\sky130_ef_sc_hd__fill_4'.
Generating RTLIL representation for module `\sky130_ef_sc_hd__fill_8'.
Generating RTLIL representation for module `\sky130_fd_sc_hd__a2111o_1'.
Generating RTLIL representation for module `\sky130_fd_sc_hd__a2111o_2'.
Generating RTLIL representation for module `\sky130_fd_sc_hd__a2111o_4'.
Generating RTLIL representation for module `\sky130_fd_sc_hd__a2111oi_0'.
Generating RTLIL representation for module `\sky130_fd_sc_hd__a2111oi_1'.
Generating RTLIL representation for module `\sky130_fd_sc_hd__a2111oi_2'.
Generating RTLIL representation for module `\sky130_fd_sc_hd__a2111oi_4'.
Generating RTLIL representation for module `\sky130_fd_sc_hd__a211o_1'.
Generating RTLIL representation for module `\sky130_fd_sc_hd__a211o_2'.
Generating RTLIL representation for module `\sky130_fd_sc_hd__a211o_4'.
Generating RTLIL representation for module `\sky130_fd_sc_hd__a211oi_1'.
Generating RTLIL representation for module `\sky130_fd_sc_hd__a211oi_2'.
Generating RTLIL representation for module `\sky130_fd_sc_hd__a211oi_4'.
Generating RTLIL representation for module `\sky130_fd_sc_hd__a21bo_1'.
Generating RTLIL representation for module `\sky130_fd_sc_hd__a21bo_2'.
Generating RTLIL representation for module `\sky130_fd_sc_hd__a21bo_4'.
Generating RTLIL representation for module `\sky130_fd_sc_hd__a21boi_0'.
Generating RTLIL representation for module `\sky130_fd_sc_hd__a21boi_1'.
Generating RTLIL representation for module `\sky130_fd_sc_hd__a21boi_2'.
Generating RTLIL representation for module `\sky130_fd_sc_hd__a21boi_4'.
Generating RTLIL representation for module `\sky130_fd_sc_hd__a21o_1'.
Generating RTLIL representation for module `\sky130_fd_sc_hd__a21o_2'.
Generating RTLIL representation for module `\sky130_fd_sc_hd__a21o_4'.
Generating RTLIL representation for module `\sky130_fd_sc_hd__a21oi_1'.
Generating RTLIL representation for module `\sky130_fd_sc_hd__a21oi_2'.
Generating RTLIL representation for module `\sky130_fd_sc_hd__a21oi_4'.
Generating RTLIL representation for module `\sky130_fd_sc_hd__a221o_1'.
Generating RTLIL representation for module `\sky130_fd_sc_hd__a221o_2'.
Generating RTLIL representation for module `\sky130_fd_sc_hd__a221o_4'.
Generating RTLIL representation for module `\sky130_fd_sc_hd__a221oi_1'.
Generating RTLIL representation for module `\sky130_fd_sc_hd__a221oi_2'.
Generating RTLIL representation for module `\sky130_fd_sc_hd__a221oi_4'.
Generating RTLIL representation for module `\sky130_fd_sc_hd__a222oi_1'.
Generating RTLIL representation for module `\sky130_fd_sc_hd__a22o_1'.
Generating RTLIL representation for module `\sky130_fd_sc_hd__a22o_2'.
Generating RTLIL representation for module `\sky130_fd_sc_hd__a22o_4'.
Generating RTLIL representation for module `\sky130_fd_sc_hd__a22oi_1'.
Generating RTLIL representation for module `\sky130_fd_sc_hd__a22oi_2'.
Generating RTLIL representation for module `\sky130_fd_sc_hd__a22oi_4'.
Generating RTLIL representation for module `\sky130_fd_sc_hd__a2bb2o_1'.
Generating RTLIL representation for module `\sky130_fd_sc_hd__a2bb2o_2'.
Generating RTLIL representation for module `\sky130_fd_sc_hd__a2bb2o_4'.
Generating RTLIL representation for module `\sky130_fd_sc_hd__a2bb2oi_1'.
Generating RTLIL representation for module `\sky130_fd_sc_hd__a2bb2oi_2'.
Generating RTLIL representation for module `\sky130_fd_sc_hd__a2bb2oi_4'.
Generating RTLIL representation for module `\sky130_fd_sc_hd__a311o_1'.
Generating RTLIL representation for module `\sky130_fd_sc_hd__a311o_2'.
Generating RTLIL representation for module `\sky130_fd_sc_hd__a311o_4'.
Generating RTLIL representation for module `\sky130_fd_sc_hd__a311oi_1'.
Generating RTLIL representation for module `\sky130_fd_sc_hd__a311oi_2'.
Generating RTLIL representation for module `\sky130_fd_sc_hd__a311oi_4'.
Generating RTLIL representation for module `\sky130_fd_sc_hd__a31o_1'.
Generating RTLIL representation for module `\sky130_fd_sc_hd__a31o_2'.
Generating RTLIL representation for module `\sky130_fd_sc_hd__a31o_4'.
Generating RTLIL representation for module `\sky130_fd_sc_hd__a31oi_1'.
Generating RTLIL representation for module `\sky130_fd_sc_hd__a31oi_2'.
Generating RTLIL representation for module `\sky130_fd_sc_hd__a31oi_4'.
Generating RTLIL representation for module `\sky130_fd_sc_hd__a32o_1'.
Generating RTLIL representation for module `\sky130_fd_sc_hd__a32o_2'.
Generating RTLIL representation for module `\sky130_fd_sc_hd__a32o_4'.
Generating RTLIL representation for module `\sky130_fd_sc_hd__a32oi_1'.
Generating RTLIL representation for module `\sky130_fd_sc_hd__a32oi_2'.
Generating RTLIL representation for module `\sky130_fd_sc_hd__a32oi_4'.
Generating RTLIL representation for module `\sky130_fd_sc_hd__a41o_1'.
Generating RTLIL representation for module `\sky130_fd_sc_hd__a41o_2'.
Generating RTLIL representation for module `\sky130_fd_sc_hd__a41o_4'.
Generating RTLIL representation for module `\sky130_fd_sc_hd__a41oi_1'.
Generating RTLIL representation for module `\sky130_fd_sc_hd__a41oi_2'.
Generating RTLIL representation for module `\sky130_fd_sc_hd__a41oi_4'.
Generating RTLIL representation for module `\sky130_fd_sc_hd__and2_0'.
Generating RTLIL representation for module `\sky130_fd_sc_hd__and2_1'.
Generating RTLIL representation for module `\sky130_fd_sc_hd__and2_2'.
Generating RTLIL representation for module `\sky130_fd_sc_hd__and2_4'.
Generating RTLIL representation for module `\sky130_fd_sc_hd__and2b_1'.
Generating RTLIL representation for module `\sky130_fd_sc_hd__and2b_2'.
Generating RTLIL representation for module `\sky130_fd_sc_hd__and2b_4'.
Generating RTLIL representation for module `\sky130_fd_sc_hd__and3_1'.
Generating RTLIL representation for module `\sky130_fd_sc_hd__and3_2'.
Generating RTLIL representation for module `\sky130_fd_sc_hd__and3_4'.
Generating RTLIL representation for module `\sky130_fd_sc_hd__and3b_1'.
Generating RTLIL representation for module `\sky130_fd_sc_hd__and3b_2'.
Generating RTLIL representation for module `\sky130_fd_sc_hd__and3b_4'.
Generating RTLIL representation for module `\sky130_fd_sc_hd__and4_1'.
Generating RTLIL representation for module `\sky130_fd_sc_hd__and4_2'.
Generating RTLIL representation for module `\sky130_fd_sc_hd__and4_4'.
Generating RTLIL representation for module `\sky130_fd_sc_hd__and4b_1'.
Generating RTLIL representation for module `\sky130_fd_sc_hd__and4b_2'.
Generating RTLIL representation for module `\sky130_fd_sc_hd__and4b_4'.
Generating RTLIL representation for module `\sky130_fd_sc_hd__and4bb_1'.
Generating RTLIL representation for module `\sky130_fd_sc_hd__and4bb_2'.
Generating RTLIL representation for module `\sky130_fd_sc_hd__and4bb_4'.
Generating RTLIL representation for module `\sky130_fd_sc_hd__buf_1'.
Generating RTLIL representation for module `\sky130_fd_sc_hd__buf_12'.
Generating RTLIL representation for module `\sky130_fd_sc_hd__buf_16'.
Generating RTLIL representation for module `\sky130_fd_sc_hd__buf_2'.
Generating RTLIL representation for module `\sky130_fd_sc_hd__buf_4'.
Generating RTLIL representation for module `\sky130_fd_sc_hd__buf_6'.
Generating RTLIL representation for module `\sky130_fd_sc_hd__buf_8'.
Generating RTLIL representation for module `\sky130_fd_sc_hd__bufbuf_16'.
Generating RTLIL representation for module `\sky130_fd_sc_hd__bufbuf_8'.
Generating RTLIL representation for module `\sky130_fd_sc_hd__bufinv_16'.
Generating RTLIL representation for module `\sky130_fd_sc_hd__bufinv_8'.
Generating RTLIL representation for module `\sky130_fd_sc_hd__clkbuf_1'.
Generating RTLIL representation for module `\sky130_fd_sc_hd__clkbuf_16'.
Generating RTLIL representation for module `\sky130_fd_sc_hd__clkbuf_2'.
Generating RTLIL representation for module `\sky130_fd_sc_hd__clkbuf_4'.
Generating RTLIL representation for module `\sky130_fd_sc_hd__clkbuf_8'.
Generating RTLIL representation for module `\sky130_fd_sc_hd__clkdlybuf4s15_1'.
Generating RTLIL representation for module `\sky130_fd_sc_hd__clkdlybuf4s15_2'.
Generating RTLIL representation for module `\sky130_fd_sc_hd__clkdlybuf4s18_1'.
Generating RTLIL representation for module `\sky130_fd_sc_hd__clkdlybuf4s18_2'.
Generating RTLIL representation for module `\sky130_fd_sc_hd__clkdlybuf4s25_1'.
Generating RTLIL representation for module `\sky130_fd_sc_hd__clkdlybuf4s25_2'.
Generating RTLIL representation for module `\sky130_fd_sc_hd__clkdlybuf4s50_1'.
Generating RTLIL representation for module `\sky130_fd_sc_hd__clkdlybuf4s50_2'.
Generating RTLIL representation for module `\sky130_fd_sc_hd__clkinv_1'.
Generating RTLIL representation for module `\sky130_fd_sc_hd__clkinv_16'.
Generating RTLIL representation for module `\sky130_fd_sc_hd__clkinv_2'.
Generating RTLIL representation for module `\sky130_fd_sc_hd__clkinv_4'.
Generating RTLIL representation for module `\sky130_fd_sc_hd__clkinv_8'.
Generating RTLIL representation for module `\sky130_fd_sc_hd__clkinvlp_2'.
Generating RTLIL representation for module `\sky130_fd_sc_hd__clkinvlp_4'.
Generating RTLIL representation for module `\sky130_fd_sc_hd__conb_1'.
Generating RTLIL representation for module `\sky130_fd_sc_hd__decap_12'.
Generating RTLIL representation for module `\sky130_fd_sc_hd__decap_3'.
Generating RTLIL representation for module `\sky130_fd_sc_hd__decap_4'.
Generating RTLIL representation for module `\sky130_fd_sc_hd__decap_6'.
Generating RTLIL representation for module `\sky130_fd_sc_hd__decap_8'.
Generating RTLIL representation for module `\sky130_fd_sc_hd__dfbbn_1'.
Generating RTLIL representation for module `\sky130_fd_sc_hd__dfbbn_2'.
Generating RTLIL representation for module `\sky130_fd_sc_hd__dfbbp_1'.
Generating RTLIL representation for module `\sky130_fd_sc_hd__dfrbp_1'.
Generating RTLIL representation for module `\sky130_fd_sc_hd__dfrbp_2'.
Generating RTLIL representation for module `\sky130_fd_sc_hd__dfrtn_1'.
Generating RTLIL representation for module `\sky130_fd_sc_hd__dfrtp_1'.
Generating RTLIL representation for module `\sky130_fd_sc_hd__dfrtp_2'.
Generating RTLIL representation for module `\sky130_fd_sc_hd__dfrtp_4'.
Generating RTLIL representation for module `\sky130_fd_sc_hd__dfsbp_1'.
Generating RTLIL representation for module `\sky130_fd_sc_hd__dfsbp_2'.
Generating RTLIL representation for module `\sky130_fd_sc_hd__dfstp_1'.
Generating RTLIL representation for module `\sky130_fd_sc_hd__dfstp_2'.
Generating RTLIL representation for module `\sky130_fd_sc_hd__dfstp_4'.
Generating RTLIL representation for module `\sky130_fd_sc_hd__dfxbp_1'.
Generating RTLIL representation for module `\sky130_fd_sc_hd__dfxbp_2'.
Generating RTLIL representation for module `\sky130_fd_sc_hd__dfxtp_1'.
Generating RTLIL representation for module `\sky130_fd_sc_hd__dfxtp_2'.
Generating RTLIL representation for module `\sky130_fd_sc_hd__dfxtp_4'.
Generating RTLIL representation for module `\sky130_fd_sc_hd__diode_2'.
Generating RTLIL representation for module `\sky130_fd_sc_hd__dlclkp_1'.
Generating RTLIL representation for module `\sky130_fd_sc_hd__dlclkp_2'.
Generating RTLIL representation for module `\sky130_fd_sc_hd__dlclkp_4'.
Generating RTLIL representation for module `\sky130_fd_sc_hd__dlrbn_1'.
Generating RTLIL representation for module `\sky130_fd_sc_hd__dlrbn_2'.
Generating RTLIL representation for module `\sky130_fd_sc_hd__dlrbp_1'.
Generating RTLIL representation for module `\sky130_fd_sc_hd__dlrbp_2'.
Generating RTLIL representation for module `\sky130_fd_sc_hd__dlrtn_1'.
Generating RTLIL representation for module `\sky130_fd_sc_hd__dlrtn_2'.
Generating RTLIL representation for module `\sky130_fd_sc_hd__dlrtn_4'.
Generating RTLIL representation for module `\sky130_fd_sc_hd__dlrtp_1'.
Generating RTLIL representation for module `\sky130_fd_sc_hd__dlrtp_2'.
Generating RTLIL representation for module `\sky130_fd_sc_hd__dlrtp_4'.
Generating RTLIL representation for module `\sky130_fd_sc_hd__dlxbn_1'.
Generating RTLIL representation for module `\sky130_fd_sc_hd__dlxbn_2'.
Generating RTLIL representation for module `\sky130_fd_sc_hd__dlxbp_1'.
Generating RTLIL representation for module `\sky130_fd_sc_hd__dlxtn_1'.
Generating RTLIL representation for module `\sky130_fd_sc_hd__dlxtn_2'.
Generating RTLIL representation for module `\sky130_fd_sc_hd__dlxtn_4'.
Generating RTLIL representation for module `\sky130_fd_sc_hd__dlxtp_1'.
Generating RTLIL representation for module `\sky130_fd_sc_hd__dlygate4sd1_1'.
Generating RTLIL representation for module `\sky130_fd_sc_hd__dlygate4sd2_1'.
Generating RTLIL representation for module `\sky130_fd_sc_hd__dlygate4sd3_1'.
Generating RTLIL representation for module `\sky130_fd_sc_hd__dlymetal6s2s_1'.
Generating RTLIL representation for module `\sky130_fd_sc_hd__dlymetal6s4s_1'.
Generating RTLIL representation for module `\sky130_fd_sc_hd__dlymetal6s6s_1'.
Generating RTLIL representation for module `\sky130_fd_sc_hd__ebufn_1'.
Generating RTLIL representation for module `\sky130_fd_sc_hd__ebufn_2'.
Generating RTLIL representation for module `\sky130_fd_sc_hd__ebufn_4'.
Generating RTLIL representation for module `\sky130_fd_sc_hd__ebufn_8'.
Generating RTLIL representation for module `\sky130_fd_sc_hd__edfxbp_1'.
Generating RTLIL representation for module `\sky130_fd_sc_hd__edfxtp_1'.
Generating RTLIL representation for module `\sky130_fd_sc_hd__einvn_0'.
Generating RTLIL representation for module `\sky130_fd_sc_hd__einvn_1'.
Generating RTLIL representation for module `\sky130_fd_sc_hd__einvn_2'.
Generating RTLIL representation for module `\sky130_fd_sc_hd__einvn_4'.
Generating RTLIL representation for module `\sky130_fd_sc_hd__einvn_8'.
Generating RTLIL representation for module `\sky130_fd_sc_hd__einvp_1'.
Generating RTLIL representation for module `\sky130_fd_sc_hd__einvp_2'.
Generating RTLIL representation for module `\sky130_fd_sc_hd__einvp_4'.
Generating RTLIL representation for module `\sky130_fd_sc_hd__einvp_8'.
Generating RTLIL representation for module `\sky130_fd_sc_hd__fa_1'.
Generating RTLIL representation for module `\sky130_fd_sc_hd__fa_2'.
Generating RTLIL representation for module `\sky130_fd_sc_hd__fa_4'.
Generating RTLIL representation for module `\sky130_fd_sc_hd__fah_1'.
Generating RTLIL representation for module `\sky130_fd_sc_hd__fahcin_1'.
Generating RTLIL representation for module `\sky130_fd_sc_hd__fahcon_1'.
Generating RTLIL representation for module `\sky130_fd_sc_hd__fill_1'.
Generating RTLIL representation for module `\sky130_fd_sc_hd__fill_2'.
Generating RTLIL representation for module `\sky130_fd_sc_hd__fill_4'.
Generating RTLIL representation for module `\sky130_fd_sc_hd__fill_8'.
Generating RTLIL representation for module `\sky130_fd_sc_hd__ha_1'.
Generating RTLIL representation for module `\sky130_fd_sc_hd__ha_2'.
Generating RTLIL representation for module `\sky130_fd_sc_hd__ha_4'.
Generating RTLIL representation for module `\sky130_fd_sc_hd__inv_1'.
Generating RTLIL representation for module `\sky130_fd_sc_hd__inv_12'.
Generating RTLIL representation for module `\sky130_fd_sc_hd__inv_16'.
Generating RTLIL representation for module `\sky130_fd_sc_hd__inv_2'.
Generating RTLIL representation for module `\sky130_fd_sc_hd__inv_4'.
Generating RTLIL representation for module `\sky130_fd_sc_hd__inv_6'.
Generating RTLIL representation for module `\sky130_fd_sc_hd__inv_8'.
Generating RTLIL representation for module `\sky130_fd_sc_hd__lpflow_bleeder_1'.
Generating RTLIL representation for module `\sky130_fd_sc_hd__lpflow_clkbufkapwr_1'.
Generating RTLIL representation for module `\sky130_fd_sc_hd__lpflow_clkbufkapwr_16'.
Generating RTLIL representation for module `\sky130_fd_sc_hd__lpflow_clkbufkapwr_2'.
Generating RTLIL representation for module `\sky130_fd_sc_hd__lpflow_clkbufkapwr_4'.
Generating RTLIL representation for module `\sky130_fd_sc_hd__lpflow_clkbufkapwr_8'.
Generating RTLIL representation for module `\sky130_fd_sc_hd__lpflow_clkinvkapwr_1'.
Generating RTLIL representation for module `\sky130_fd_sc_hd__lpflow_clkinvkapwr_16'.
Generating RTLIL representation for module `\sky130_fd_sc_hd__lpflow_clkinvkapwr_2'.
Generating RTLIL representation for module `\sky130_fd_sc_hd__lpflow_clkinvkapwr_4'.
Generating RTLIL representation for module `\sky130_fd_sc_hd__lpflow_clkinvkapwr_8'.
Generating RTLIL representation for module `\sky130_fd_sc_hd__lpflow_decapkapwr_12'.
Generating RTLIL representation for module `\sky130_fd_sc_hd__lpflow_decapkapwr_3'.
Generating RTLIL representation for module `\sky130_fd_sc_hd__lpflow_decapkapwr_4'.
Generating RTLIL representation for module `\sky130_fd_sc_hd__lpflow_decapkapwr_6'.
Generating RTLIL representation for module `\sky130_fd_sc_hd__lpflow_decapkapwr_8'.
Generating RTLIL representation for module `\sky130_fd_sc_hd__lpflow_inputiso0n_1'.
Generating RTLIL representation for module `\sky130_fd_sc_hd__lpflow_inputiso0p_1'.
Generating RTLIL representation for module `\sky130_fd_sc_hd__lpflow_inputiso1n_1'.
Generating RTLIL representation for module `\sky130_fd_sc_hd__lpflow_inputiso1p_1'.
Generating RTLIL representation for module `\sky130_fd_sc_hd__lpflow_inputisolatch_1'.
Generating RTLIL representation for module `\sky130_fd_sc_hd__lpflow_isobufsrc_1'.
Generating RTLIL representation for module `\sky130_fd_sc_hd__lpflow_isobufsrc_16'.
Generating RTLIL representation for module `\sky130_fd_sc_hd__lpflow_isobufsrc_2'.
Generating RTLIL representation for module `\sky130_fd_sc_hd__lpflow_isobufsrc_4'.
Generating RTLIL representation for module `\sky130_fd_sc_hd__lpflow_isobufsrc_8'.
Generating RTLIL representation for module `\sky130_fd_sc_hd__lpflow_isobufsrckapwr_16'.
Generating RTLIL representation for module `\sky130_fd_sc_hd__lpflow_lsbuf_lh_hl_isowell_tap_1'.
Generating RTLIL representation for module `\sky130_fd_sc_hd__lpflow_lsbuf_lh_hl_isowell_tap_2'.
Generating RTLIL representation for module `\sky130_fd_sc_hd__lpflow_lsbuf_lh_hl_isowell_tap_4'.
Generating RTLIL representation for module `\sky130_fd_sc_hd__lpflow_lsbuf_lh_isowell_4'.
Generating RTLIL representation for module `\sky130_fd_sc_hd__lpflow_lsbuf_lh_isowell_tap_1'.
Generating RTLIL representation for module `\sky130_fd_sc_hd__lpflow_lsbuf_lh_isowell_tap_2'.
Generating RTLIL representation for module `\sky130_fd_sc_hd__lpflow_lsbuf_lh_isowell_tap_4'.
Generating RTLIL representation for module `\sky130_fd_sc_hd__macro_sparecell'.
Generating RTLIL representation for module `\sky130_fd_sc_hd__maj3_1'.
Generating RTLIL representation for module `\sky130_fd_sc_hd__maj3_2'.
Generating RTLIL representation for module `\sky130_fd_sc_hd__maj3_4'.
Generating RTLIL representation for module `\sky130_fd_sc_hd__mux2_1'.
Generating RTLIL representation for module `\sky130_fd_sc_hd__mux2_2'.
Generating RTLIL representation for module `\sky130_fd_sc_hd__mux2_4'.
Generating RTLIL representation for module `\sky130_fd_sc_hd__mux2_8'.
Generating RTLIL representation for module `\sky130_fd_sc_hd__mux2i_1'.
Generating RTLIL representation for module `\sky130_fd_sc_hd__mux2i_2'.
Generating RTLIL representation for module `\sky130_fd_sc_hd__mux2i_4'.
Generating RTLIL representation for module `\sky130_fd_sc_hd__mux4_1'.
Generating RTLIL representation for module `\sky130_fd_sc_hd__mux4_2'.
Generating RTLIL representation for module `\sky130_fd_sc_hd__mux4_4'.
Generating RTLIL representation for module `\sky130_fd_sc_hd__nand2_1'.
Generating RTLIL representation for module `\sky130_fd_sc_hd__nand2_2'.
Generating RTLIL representation for module `\sky130_fd_sc_hd__nand2_4'.
Generating RTLIL representation for module `\sky130_fd_sc_hd__nand2_8'.
Generating RTLIL representation for module `\sky130_fd_sc_hd__nand2b_1'.
Generating RTLIL representation for module `\sky130_fd_sc_hd__nand2b_2'.
Generating RTLIL representation for module `\sky130_fd_sc_hd__nand2b_4'.
Generating RTLIL representation for module `\sky130_fd_sc_hd__nand3_1'.
Generating RTLIL representation for module `\sky130_fd_sc_hd__nand3_2'.
Generating RTLIL representation for module `\sky130_fd_sc_hd__nand3_4'.
Generating RTLIL representation for module `\sky130_fd_sc_hd__nand3b_1'.
Generating RTLIL representation for module `\sky130_fd_sc_hd__nand3b_2'.
Generating RTLIL representation for module `\sky130_fd_sc_hd__nand3b_4'.
Generating RTLIL representation for module `\sky130_fd_sc_hd__nand4_1'.
Generating RTLIL representation for module `\sky130_fd_sc_hd__nand4_2'.
Generating RTLIL representation for module `\sky130_fd_sc_hd__nand4_4'.
Generating RTLIL representation for module `\sky130_fd_sc_hd__nand4b_1'.
Generating RTLIL representation for module `\sky130_fd_sc_hd__nand4b_2'.
Generating RTLIL representation for module `\sky130_fd_sc_hd__nand4b_4'.
Generating RTLIL representation for module `\sky130_fd_sc_hd__nand4bb_1'.
Generating RTLIL representation for module `\sky130_fd_sc_hd__nand4bb_2'.
Generating RTLIL representation for module `\sky130_fd_sc_hd__nand4bb_4'.
Generating RTLIL representation for module `\sky130_fd_sc_hd__nor2_1'.
Generating RTLIL representation for module `\sky130_fd_sc_hd__nor2_2'.
Generating RTLIL representation for module `\sky130_fd_sc_hd__nor2_4'.
Generating RTLIL representation for module `\sky130_fd_sc_hd__nor2_8'.
Generating RTLIL representation for module `\sky130_fd_sc_hd__nor2b_1'.
Generating RTLIL representation for module `\sky130_fd_sc_hd__nor2b_2'.
Generating RTLIL representation for module `\sky130_fd_sc_hd__nor2b_4'.
Generating RTLIL representation for module `\sky130_fd_sc_hd__nor3_1'.
Generating RTLIL representation for module `\sky130_fd_sc_hd__nor3_2'.
Generating RTLIL representation for module `\sky130_fd_sc_hd__nor3_4'.
Generating RTLIL representation for module `\sky130_fd_sc_hd__nor3b_1'.
Generating RTLIL representation for module `\sky130_fd_sc_hd__nor3b_2'.
Generating RTLIL representation for module `\sky130_fd_sc_hd__nor3b_4'.
Generating RTLIL representation for module `\sky130_fd_sc_hd__nor4_1'.
Generating RTLIL representation for module `\sky130_fd_sc_hd__nor4_2'.
Generating RTLIL representation for module `\sky130_fd_sc_hd__nor4_4'.
Generating RTLIL representation for module `\sky130_fd_sc_hd__nor4b_1'.
Generating RTLIL representation for module `\sky130_fd_sc_hd__nor4b_2'.
Generating RTLIL representation for module `\sky130_fd_sc_hd__nor4b_4'.
Generating RTLIL representation for module `\sky130_fd_sc_hd__nor4bb_1'.
Generating RTLIL representation for module `\sky130_fd_sc_hd__nor4bb_2'.
Generating RTLIL representation for module `\sky130_fd_sc_hd__nor4bb_4'.
Generating RTLIL representation for module `\sky130_fd_sc_hd__o2111a_1'.
Generating RTLIL representation for module `\sky130_fd_sc_hd__o2111a_2'.
Generating RTLIL representation for module `\sky130_fd_sc_hd__o2111a_4'.
Generating RTLIL representation for module `\sky130_fd_sc_hd__o2111ai_1'.
Generating RTLIL representation for module `\sky130_fd_sc_hd__o2111ai_2'.
Generating RTLIL representation for module `\sky130_fd_sc_hd__o2111ai_4'.
Generating RTLIL representation for module `\sky130_fd_sc_hd__o211a_1'.
Generating RTLIL representation for module `\sky130_fd_sc_hd__o211a_2'.
Generating RTLIL representation for module `\sky130_fd_sc_hd__o211a_4'.
Generating RTLIL representation for module `\sky130_fd_sc_hd__o211ai_1'.
Generating RTLIL representation for module `\sky130_fd_sc_hd__o211ai_2'.
Generating RTLIL representation for module `\sky130_fd_sc_hd__o211ai_4'.
Generating RTLIL representation for module `\sky130_fd_sc_hd__o21a_1'.
Generating RTLIL representation for module `\sky130_fd_sc_hd__o21a_2'.
Generating RTLIL representation for module `\sky130_fd_sc_hd__o21a_4'.
Generating RTLIL representation for module `\sky130_fd_sc_hd__o21ai_0'.
Generating RTLIL representation for module `\sky130_fd_sc_hd__o21ai_1'.
Generating RTLIL representation for module `\sky130_fd_sc_hd__o21ai_2'.
Generating RTLIL representation for module `\sky130_fd_sc_hd__o21ai_4'.
Generating RTLIL representation for module `\sky130_fd_sc_hd__o21ba_1'.
Generating RTLIL representation for module `\sky130_fd_sc_hd__o21ba_2'.
Generating RTLIL representation for module `\sky130_fd_sc_hd__o21ba_4'.
Generating RTLIL representation for module `\sky130_fd_sc_hd__o21bai_1'.
Generating RTLIL representation for module `\sky130_fd_sc_hd__o21bai_2'.
Generating RTLIL representation for module `\sky130_fd_sc_hd__o21bai_4'.
Generating RTLIL representation for module `\sky130_fd_sc_hd__o221a_1'.
Generating RTLIL representation for module `\sky130_fd_sc_hd__o221a_2'.
Generating RTLIL representation for module `\sky130_fd_sc_hd__o221a_4'.
Generating RTLIL representation for module `\sky130_fd_sc_hd__o221ai_1'.
Generating RTLIL representation for module `\sky130_fd_sc_hd__o221ai_2'.
Generating RTLIL representation for module `\sky130_fd_sc_hd__o221ai_4'.
Generating RTLIL representation for module `\sky130_fd_sc_hd__o22a_1'.
Generating RTLIL representation for module `\sky130_fd_sc_hd__o22a_2'.
Generating RTLIL representation for module `\sky130_fd_sc_hd__o22a_4'.
Generating RTLIL representation for module `\sky130_fd_sc_hd__o22ai_1'.
Generating RTLIL representation for module `\sky130_fd_sc_hd__o22ai_2'.
Generating RTLIL representation for module `\sky130_fd_sc_hd__o22ai_4'.
Generating RTLIL representation for module `\sky130_fd_sc_hd__o2bb2a_1'.
Generating RTLIL representation for module `\sky130_fd_sc_hd__o2bb2a_2'.
Generating RTLIL representation for module `\sky130_fd_sc_hd__o2bb2a_4'.
Generating RTLIL representation for module `\sky130_fd_sc_hd__o2bb2ai_1'.
Generating RTLIL representation for module `\sky130_fd_sc_hd__o2bb2ai_2'.
Generating RTLIL representation for module `\sky130_fd_sc_hd__o2bb2ai_4'.
Generating RTLIL representation for module `\sky130_fd_sc_hd__o311a_1'.
Generating RTLIL representation for module `\sky130_fd_sc_hd__o311a_2'.
Generating RTLIL representation for module `\sky130_fd_sc_hd__o311a_4'.
Generating RTLIL representation for module `\sky130_fd_sc_hd__o311ai_0'.
Generating RTLIL representation for module `\sky130_fd_sc_hd__o311ai_1'.
Generating RTLIL representation for module `\sky130_fd_sc_hd__o311ai_2'.
Generating RTLIL representation for module `\sky130_fd_sc_hd__o311ai_4'.
Generating RTLIL representation for module `\sky130_fd_sc_hd__o31a_1'.
Generating RTLIL representation for module `\sky130_fd_sc_hd__o31a_2'.
Generating RTLIL representation for module `\sky130_fd_sc_hd__o31a_4'.
Generating RTLIL representation for module `\sky130_fd_sc_hd__o31ai_1'.
Generating RTLIL representation for module `\sky130_fd_sc_hd__o31ai_2'.
Generating RTLIL representation for module `\sky130_fd_sc_hd__o31ai_4'.
Generating RTLIL representation for module `\sky130_fd_sc_hd__o32a_1'.
Generating RTLIL representation for module `\sky130_fd_sc_hd__o32a_2'.
Generating RTLIL representation for module `\sky130_fd_sc_hd__o32a_4'.
Generating RTLIL representation for module `\sky130_fd_sc_hd__o32ai_1'.
Generating RTLIL representation for module `\sky130_fd_sc_hd__o32ai_2'.
Generating RTLIL representation for module `\sky130_fd_sc_hd__o32ai_4'.
Generating RTLIL representation for module `\sky130_fd_sc_hd__o41a_1'.
Generating RTLIL representation for module `\sky130_fd_sc_hd__o41a_2'.
Generating RTLIL representation for module `\sky130_fd_sc_hd__o41a_4'.
Generating RTLIL representation for module `\sky130_fd_sc_hd__o41ai_1'.
Generating RTLIL representation for module `\sky130_fd_sc_hd__o41ai_2'.
Generating RTLIL representation for module `\sky130_fd_sc_hd__o41ai_4'.
Generating RTLIL representation for module `\sky130_fd_sc_hd__or2_0'.
Generating RTLIL representation for module `\sky130_fd_sc_hd__or2_1'.
Generating RTLIL representation for module `\sky130_fd_sc_hd__or2_2'.
Generating RTLIL representation for module `\sky130_fd_sc_hd__or2_4'.
Generating RTLIL representation for module `\sky130_fd_sc_hd__or2b_1'.
Generating RTLIL representation for module `\sky130_fd_sc_hd__or2b_2'.
Generating RTLIL representation for module `\sky130_fd_sc_hd__or2b_4'.
Generating RTLIL representation for module `\sky130_fd_sc_hd__or3_1'.
Generating RTLIL representation for module `\sky130_fd_sc_hd__or3_2'.
Generating RTLIL representation for module `\sky130_fd_sc_hd__or3_4'.
Generating RTLIL representation for module `\sky130_fd_sc_hd__or3b_1'.
Generating RTLIL representation for module `\sky130_fd_sc_hd__or3b_2'.
Generating RTLIL representation for module `\sky130_fd_sc_hd__or3b_4'.
Generating RTLIL representation for module `\sky130_fd_sc_hd__or4_1'.
Generating RTLIL representation for module `\sky130_fd_sc_hd__or4_2'.
Generating RTLIL representation for module `\sky130_fd_sc_hd__or4_4'.
Generating RTLIL representation for module `\sky130_fd_sc_hd__or4b_1'.
Generating RTLIL representation for module `\sky130_fd_sc_hd__or4b_2'.
Generating RTLIL representation for module `\sky130_fd_sc_hd__or4b_4'.
Generating RTLIL representation for module `\sky130_fd_sc_hd__or4bb_1'.
Generating RTLIL representation for module `\sky130_fd_sc_hd__or4bb_2'.
Generating RTLIL representation for module `\sky130_fd_sc_hd__or4bb_4'.
Generating RTLIL representation for module `\sky130_fd_sc_hd__probe_p_8'.
Generating RTLIL representation for module `\sky130_fd_sc_hd__probec_p_8'.
Generating RTLIL representation for module `\sky130_fd_sc_hd__sdfbbn_1'.
Generating RTLIL representation for module `\sky130_fd_sc_hd__sdfbbn_2'.
Generating RTLIL representation for module `\sky130_fd_sc_hd__sdfbbp_1'.
Generating RTLIL representation for module `\sky130_fd_sc_hd__sdfrbp_1'.
Generating RTLIL representation for module `\sky130_fd_sc_hd__sdfrbp_2'.
Generating RTLIL representation for module `\sky130_fd_sc_hd__sdfrtn_1'.
Generating RTLIL representation for module `\sky130_fd_sc_hd__sdfrtp_1'.
Generating RTLIL representation for module `\sky130_fd_sc_hd__sdfrtp_2'.
Generating RTLIL representation for module `\sky130_fd_sc_hd__sdfrtp_4'.
Generating RTLIL representation for module `\sky130_fd_sc_hd__sdfsbp_1'.
Generating RTLIL representation for module `\sky130_fd_sc_hd__sdfsbp_2'.
Generating RTLIL representation for module `\sky130_fd_sc_hd__sdfstp_1'.
Generating RTLIL representation for module `\sky130_fd_sc_hd__sdfstp_2'.
Generating RTLIL representation for module `\sky130_fd_sc_hd__sdfstp_4'.
Generating RTLIL representation for module `\sky130_fd_sc_hd__sdfxbp_1'.
Generating RTLIL representation for module `\sky130_fd_sc_hd__sdfxbp_2'.
Generating RTLIL representation for module `\sky130_fd_sc_hd__sdfxtp_1'.
Generating RTLIL representation for module `\sky130_fd_sc_hd__sdfxtp_2'.
Generating RTLIL representation for module `\sky130_fd_sc_hd__sdfxtp_4'.
Generating RTLIL representation for module `\sky130_fd_sc_hd__sdlclkp_1'.
Generating RTLIL representation for module `\sky130_fd_sc_hd__sdlclkp_2'.
Generating RTLIL representation for module `\sky130_fd_sc_hd__sdlclkp_4'.
Generating RTLIL representation for module `\sky130_fd_sc_hd__sedfxbp_1'.
Generating RTLIL representation for module `\sky130_fd_sc_hd__sedfxbp_2'.
Generating RTLIL representation for module `\sky130_fd_sc_hd__sedfxtp_1'.
Generating RTLIL representation for module `\sky130_fd_sc_hd__sedfxtp_2'.
Generating RTLIL representation for module `\sky130_fd_sc_hd__sedfxtp_4'.
Generating RTLIL representation for module `\sky130_fd_sc_hd__tap_1'.
Generating RTLIL representation for module `\sky130_fd_sc_hd__tap_2'.
Generating RTLIL representation for module `\sky130_fd_sc_hd__tapvgnd2_1'.
Generating RTLIL representation for module `\sky130_fd_sc_hd__tapvgnd_1'.
Generating RTLIL representation for module `\sky130_fd_sc_hd__tapvpwrvgnd_1'.
Generating RTLIL representation for module `\sky130_fd_sc_hd__xnor2_1'.
Generating RTLIL representation for module `\sky130_fd_sc_hd__xnor2_2'.
Generating RTLIL representation for module `\sky130_fd_sc_hd__xnor2_4'.
Generating RTLIL representation for module `\sky130_fd_sc_hd__xnor3_1'.
Generating RTLIL representation for module `\sky130_fd_sc_hd__xnor3_2'.
Generating RTLIL representation for module `\sky130_fd_sc_hd__xnor3_4'.
Generating RTLIL representation for module `\sky130_fd_sc_hd__xor2_1'.
Generating RTLIL representation for module `\sky130_fd_sc_hd__xor2_2'.
Generating RTLIL representation for module `\sky130_fd_sc_hd__xor2_4'.
Generating RTLIL representation for module `\sky130_fd_sc_hd__xor3_1'.
Generating RTLIL representation for module `\sky130_fd_sc_hd__xor3_2'.
Generating RTLIL representation for module `\sky130_fd_sc_hd__xor3_4'.
Successfully finished Verilog frontend.

2. Executing Verilog-2005 frontend: rtl/spi_rx.sv
Parsing SystemVerilog input from `rtl/spi_rx.sv' to AST representation.
Storing AST representation for module `$abstract\spi_rx'.
Successfully finished Verilog frontend.

3. Executing Verilog-2005 frontend: rtl/spi_tx.sv
Parsing SystemVerilog input from `rtl/spi_tx.sv' to AST representation.
Storing AST representation for module `$abstract\spi_tx'.
Successfully finished Verilog frontend.

4. Executing Verilog-2005 frontend: rtl/DFFRAM256x32.v
Parsing SystemVerilog input from `rtl/DFFRAM256x32.v' to AST representation.
Storing AST representation for module `$abstract\DFFRAM256x32'.
Successfully finished Verilog frontend.

5. Executing Verilog-2005 frontend: rtl/dynamic_noise_reduction.sv
Parsing SystemVerilog input from `rtl/dynamic_noise_reduction.sv' to AST representation.
Storing AST representation for module `$abstract\dynamic_noise_reduction'.
Successfully finished Verilog frontend.

6. Executing Verilog-2005 frontend: rtl/dynamic_noise_filter_top.sv
Parsing SystemVerilog input from `rtl/dynamic_noise_filter_top.sv' to AST representation.
Storing AST representation for module `$abstract\dynamic_noise_filter_top'.
Successfully finished Verilog frontend.

7. Executing HIERARCHY pass (managing design hierarchy).

8. Executing AST frontend in derive mode using pre-parsed AST for module `\dynamic_noise_filter_top'.
Generating RTLIL representation for module `\dynamic_noise_filter_top'.

8.1. Analyzing design hierarchy..
Top module:  \dynamic_noise_filter_top

8.2. Executing AST frontend in derive mode using pre-parsed AST for module `\spi_tx'.
Generating RTLIL representation for module `\spi_tx'.

8.3. Executing AST frontend in derive mode using pre-parsed AST for module `\dynamic_noise_reduction'.
Generating RTLIL representation for module `\dynamic_noise_reduction'.

8.4. Executing AST frontend in derive mode using pre-parsed AST for module `\spi_rx'.
Generating RTLIL representation for module `\spi_rx'.

8.5. Executing AST frontend in derive mode using pre-parsed AST for module `\DFFRAM256x32'.
Generating RTLIL representation for module `\DFFRAM256x32'.

8.6. Analyzing design hierarchy..
Top module:  \dynamic_noise_filter_top
Used module:     \spi_tx
Used module:     \dynamic_noise_reduction
Used module:     \spi_rx
Used module:     \DFFRAM256x32

8.7. Analyzing design hierarchy..
Top module:  \dynamic_noise_filter_top
Used module:     \spi_tx
Used module:     \dynamic_noise_reduction
Used module:     \spi_rx
Used module:     \DFFRAM256x32
Removing unused module `$abstract\dynamic_noise_filter_top'.
Removing unused module `$abstract\dynamic_noise_reduction'.
Removing unused module `$abstract\DFFRAM256x32'.
Removing unused module `$abstract\spi_tx'.
Removing unused module `$abstract\spi_rx'.
Removed 5 unused modules.
Renaming module dynamic_noise_filter_top to dynamic_noise_filter_top.

9. Executing PROC pass (convert processes to netlists).

9.1. Executing PROC_CLEAN pass (remove empty switches from decision trees).
Cleaned up 0 empty switches.

9.2. Executing PROC_RMDEAD pass (remove dead branches from decision trees).
Marked 1 switch rules as full_case in process $proc$rtl/dynamic_noise_filter_top.sv:38$1 in module dynamic_noise_filter_top.
Marked 1 switch rules as full_case in process $proc$rtl/spi_rx.sv:16$22 in module spi_rx.
Marked 1 switch rules as full_case in process $proc$rtl/dynamic_noise_reduction.sv:30$16 in module dynamic_noise_reduction.
Marked 2 switch rules as full_case in process $proc$rtl/spi_tx.sv:16$5 in module spi_tx.
Marked 5 switch rules as full_case in process $proc$rtl/DFFRAM256x32.v:45$33 in module DFFRAM256x32.
Removed a total of 0 dead cases.

9.3. Executing PROC_PRUNE pass (remove redundant assignments in processes).
Removed 6 redundant assignments.
Promoted 17 assignments to connections.

9.4. Executing PROC_INIT pass (extract init attributes).

9.5. Executing PROC_ARST pass (detect async resets in processes).
Found async reset \reset in `\dynamic_noise_filter_top.$proc$rtl/dynamic_noise_filter_top.sv:38$1'.
Found async reset \reset in `\spi_rx.$proc$rtl/spi_rx.sv:16$22'.
Found async reset \reset in `\dynamic_noise_reduction.$proc$rtl/dynamic_noise_reduction.sv:30$16'.
Found async reset \reset in `\spi_tx.$proc$rtl/spi_tx.sv:16$5'.

9.6. Executing PROC_ROM pass (convert switches to ROMs).
Converted 0 switches.
<suppressed ~12 debug messages>

9.7. Executing PROC_MUX pass (convert decision trees to multiplexers).
Creating decoders for process `\dynamic_noise_filter_top.$proc$rtl/dynamic_noise_filter_top.sv:38$1'.
     1/2: $0\filter_enabled[0:0]
     2/2: $0\alpha[15:0]
Creating decoders for process `\spi_rx.$proc$rtl/spi_rx.sv:16$22'.
     1/5: $0\valid_out[0:0]
     2/5: $0\sclk_prev[0:0]
     3/5: $0\bit_cnt[3:0]
     4/5: $0\shift_reg[15:0]
     5/5: $0\data_out[15:0]
Creating decoders for process `\dynamic_noise_reduction.$proc$rtl/dynamic_noise_reduction.sv:30$16'.
     1/7: $0\y_prev[15:0]
     2/7: $0\y_out[15:0]
     3/7: $1\sum_shifted[31:0]
     4/7: $1\a_yprev_product[31:0]
     5/7: $1\a_x_product[31:0]
     6/7: $1\alpha_ext[31:0]
     7/7: $1\one_fixed_ext[31:0]
Creating decoders for process `\spi_tx.$proc$rtl/spi_tx.sv:16$5'.
     1/4: $0\sclk_prev[0:0]
     2/4: $0\bit_cnt[4:0]
     3/4: $0\shift_reg[15:0]
     4/4: $0\miso[0:0]
Creating decoders for process `\DFFRAM256x32.$proc$rtl/DFFRAM256x32.v:45$33'.
     1/25: $2$memwr$\RAM$rtl/DFFRAM256x32.v:51$32_EN[31:0]$70
     2/25: $2$memwr$\RAM$rtl/DFFRAM256x32.v:51$32_DATA[31:0]$69
     3/25: $2$memwr$\RAM$rtl/DFFRAM256x32.v:51$32_ADDR[7:0]$68
     4/25: $2$memwr$\RAM$rtl/DFFRAM256x32.v:50$31_EN[31:0]$67
     5/25: $2$memwr$\RAM$rtl/DFFRAM256x32.v:50$31_DATA[31:0]$66
     6/25: $2$memwr$\RAM$rtl/DFFRAM256x32.v:50$31_ADDR[7:0]$65
     7/25: $2$memwr$\RAM$rtl/DFFRAM256x32.v:49$30_EN[31:0]$64
     8/25: $2$memwr$\RAM$rtl/DFFRAM256x32.v:49$30_DATA[31:0]$63
     9/25: $2$memwr$\RAM$rtl/DFFRAM256x32.v:49$30_ADDR[7:0]$62
    10/25: $2$memwr$\RAM$rtl/DFFRAM256x32.v:48$29_EN[31:0]$61
    11/25: $2$memwr$\RAM$rtl/DFFRAM256x32.v:48$29_DATA[31:0]$60
    12/25: $2$memwr$\RAM$rtl/DFFRAM256x32.v:48$29_ADDR[7:0]$59
    13/25: $1$memwr$\RAM$rtl/DFFRAM256x32.v:51$32_EN[31:0]$57
    14/25: $1$memwr$\RAM$rtl/DFFRAM256x32.v:51$32_DATA[31:0]$56
    15/25: $1$memwr$\RAM$rtl/DFFRAM256x32.v:51$32_ADDR[7:0]$55
    16/25: $1$memwr$\RAM$rtl/DFFRAM256x32.v:50$31_EN[31:0]$54
    17/25: $1$memwr$\RAM$rtl/DFFRAM256x32.v:50$31_DATA[31:0]$53
    18/25: $1$memwr$\RAM$rtl/DFFRAM256x32.v:50$31_ADDR[7:0]$52
    19/25: $1$memwr$\RAM$rtl/DFFRAM256x32.v:49$30_EN[31:0]$51
    20/25: $1$memwr$\RAM$rtl/DFFRAM256x32.v:49$30_DATA[31:0]$50
    21/25: $1$memwr$\RAM$rtl/DFFRAM256x32.v:49$30_ADDR[7:0]$49
    22/25: $1$memwr$\RAM$rtl/DFFRAM256x32.v:48$29_EN[31:0]$48
    23/25: $1$memwr$\RAM$rtl/DFFRAM256x32.v:48$29_DATA[31:0]$47
    24/25: $1$memwr$\RAM$rtl/DFFRAM256x32.v:48$29_ADDR[7:0]$46
    25/25: $0\Do0[31:0]

9.8. Executing PROC_DLATCH pass (convert process syncs to latches).

9.9. Executing PROC_DFF pass (convert process syncs to FFs).
Creating register for signal `\dynamic_noise_filter_top.\alpha' using process `\dynamic_noise_filter_top.$proc$rtl/dynamic_noise_filter_top.sv:38$1'.
  created $adff cell `$procdff$228' with positive edge clock and positive level reset.
Creating register for signal `\dynamic_noise_filter_top.\filter_enabled' using process `\dynamic_noise_filter_top.$proc$rtl/dynamic_noise_filter_top.sv:38$1'.
  created $adff cell `$procdff$231' with positive edge clock and positive level reset.
Creating register for signal `\spi_rx.\data_out' using process `\spi_rx.$proc$rtl/spi_rx.sv:16$22'.
  created $adff cell `$procdff$234' with positive edge clock and positive level reset.
Creating register for signal `\spi_rx.\valid_out' using process `\spi_rx.$proc$rtl/spi_rx.sv:16$22'.
  created $adff cell `$procdff$237' with positive edge clock and positive level reset.
Creating register for signal `\spi_rx.\shift_reg' using process `\spi_rx.$proc$rtl/spi_rx.sv:16$22'.
  created $adff cell `$procdff$240' with positive edge clock and positive level reset.
Creating register for signal `\spi_rx.\bit_cnt' using process `\spi_rx.$proc$rtl/spi_rx.sv:16$22'.
  created $adff cell `$procdff$243' with positive edge clock and positive level reset.
Creating register for signal `\spi_rx.\sclk_prev' using process `\spi_rx.$proc$rtl/spi_rx.sv:16$22'.
  created $adff cell `$procdff$246' with positive edge clock and positive level reset.
Creating register for signal `\dynamic_noise_reduction.\y_out' using process `\dynamic_noise_reduction.$proc$rtl/dynamic_noise_reduction.sv:30$16'.
  created $adff cell `$procdff$249' with positive edge clock and positive level reset.
Creating register for signal `\dynamic_noise_reduction.\y_prev' using process `\dynamic_noise_reduction.$proc$rtl/dynamic_noise_reduction.sv:30$16'.
  created $adff cell `$procdff$252' with positive edge clock and positive level reset.
Creating register for signal `\dynamic_noise_reduction.\a_x_product' using process `\dynamic_noise_reduction.$proc$rtl/dynamic_noise_reduction.sv:30$16'.
  created $dff cell `$procdff$257' with positive edge clock.
Creating register for signal `\dynamic_noise_reduction.\a_yprev_product' using process `\dynamic_noise_reduction.$proc$rtl/dynamic_noise_reduction.sv:30$16'.
  created $dff cell `$procdff$262' with positive edge clock.
Creating register for signal `\dynamic_noise_reduction.\sum_shifted' using process `\dynamic_noise_reduction.$proc$rtl/dynamic_noise_reduction.sv:30$16'.
  created $dff cell `$procdff$267' with positive edge clock.
Creating register for signal `\dynamic_noise_reduction.\one_fixed_ext' using process `\dynamic_noise_reduction.$proc$rtl/dynamic_noise_reduction.sv:30$16'.
  created $dff cell `$procdff$272' with positive edge clock.
Creating register for signal `\dynamic_noise_reduction.\alpha_ext' using process `\dynamic_noise_reduction.$proc$rtl/dynamic_noise_reduction.sv:30$16'.
  created $dff cell `$procdff$277' with positive edge clock.
Creating register for signal `\spi_tx.\miso' using process `\spi_tx.$proc$rtl/spi_tx.sv:16$5'.
  created $adff cell `$procdff$280' with positive edge clock and positive level reset.
Creating register for signal `\spi_tx.\shift_reg' using process `\spi_tx.$proc$rtl/spi_tx.sv:16$5'.
  created $adff cell `$procdff$283' with positive edge clock and positive level reset.
Creating register for signal `\spi_tx.\bit_cnt' using process `\spi_tx.$proc$rtl/spi_tx.sv:16$5'.
  created $adff cell `$procdff$286' with positive edge clock and positive level reset.
Creating register for signal `\spi_tx.\sclk_prev' using process `\spi_tx.$proc$rtl/spi_tx.sv:16$5'.
  created $adff cell `$procdff$289' with positive edge clock and positive level reset.
Creating register for signal `\DFFRAM256x32.\Do0' using process `\DFFRAM256x32.$proc$rtl/DFFRAM256x32.v:45$33'.
  created $dff cell `$procdff$290' with positive edge clock.
Creating register for signal `\DFFRAM256x32.$memwr$\RAM$rtl/DFFRAM256x32.v:48$29_ADDR' using process `\DFFRAM256x32.$proc$rtl/DFFRAM256x32.v:45$33'.
  created $dff cell `$procdff$291' with positive edge clock.
Creating register for signal `\DFFRAM256x32.$memwr$\RAM$rtl/DFFRAM256x32.v:48$29_DATA' using process `\DFFRAM256x32.$proc$rtl/DFFRAM256x32.v:45$33'.
  created $dff cell `$procdff$292' with positive edge clock.
Creating register for signal `\DFFRAM256x32.$memwr$\RAM$rtl/DFFRAM256x32.v:48$29_EN' using process `\DFFRAM256x32.$proc$rtl/DFFRAM256x32.v:45$33'.
  created $dff cell `$procdff$293' with positive edge clock.
Creating register for signal `\DFFRAM256x32.$memwr$\RAM$rtl/DFFRAM256x32.v:49$30_ADDR' using process `\DFFRAM256x32.$proc$rtl/DFFRAM256x32.v:45$33'.
  created $dff cell `$procdff$294' with positive edge clock.
Creating register for signal `\DFFRAM256x32.$memwr$\RAM$rtl/DFFRAM256x32.v:49$30_DATA' using process `\DFFRAM256x32.$proc$rtl/DFFRAM256x32.v:45$33'.
  created $dff cell `$procdff$295' with positive edge clock.
Creating register for signal `\DFFRAM256x32.$memwr$\RAM$rtl/DFFRAM256x32.v:49$30_EN' using process `\DFFRAM256x32.$proc$rtl/DFFRAM256x32.v:45$33'.
  created $dff cell `$procdff$296' with positive edge clock.
Creating register for signal `\DFFRAM256x32.$memwr$\RAM$rtl/DFFRAM256x32.v:50$31_ADDR' using process `\DFFRAM256x32.$proc$rtl/DFFRAM256x32.v:45$33'.
  created $dff cell `$procdff$297' with positive edge clock.
Creating register for signal `\DFFRAM256x32.$memwr$\RAM$rtl/DFFRAM256x32.v:50$31_DATA' using process `\DFFRAM256x32.$proc$rtl/DFFRAM256x32.v:45$33'.
  created $dff cell `$procdff$298' with positive edge clock.
Creating register for signal `\DFFRAM256x32.$memwr$\RAM$rtl/DFFRAM256x32.v:50$31_EN' using process `\DFFRAM256x32.$proc$rtl/DFFRAM256x32.v:45$33'.
  created $dff cell `$procdff$299' with positive edge clock.
Creating register for signal `\DFFRAM256x32.$memwr$\RAM$rtl/DFFRAM256x32.v:51$32_ADDR' using process `\DFFRAM256x32.$proc$rtl/DFFRAM256x32.v:45$33'.
  created $dff cell `$procdff$300' with positive edge clock.
Creating register for signal `\DFFRAM256x32.$memwr$\RAM$rtl/DFFRAM256x32.v:51$32_DATA' using process `\DFFRAM256x32.$proc$rtl/DFFRAM256x32.v:45$33'.
  created $dff cell `$procdff$301' with positive edge clock.
Creating register for signal `\DFFRAM256x32.$memwr$\RAM$rtl/DFFRAM256x32.v:51$32_EN' using process `\DFFRAM256x32.$proc$rtl/DFFRAM256x32.v:45$33'.
  created $dff cell `$procdff$302' with positive edge clock.

9.10. Executing PROC_MEMWR pass (convert process memory writes to cells).

9.11. Executing PROC_CLEAN pass (remove empty switches from decision trees).
Found and cleaned up 2 empty switches in `\dynamic_noise_filter_top.$proc$rtl/dynamic_noise_filter_top.sv:38$1'.
Removing empty process `dynamic_noise_filter_top.$proc$rtl/dynamic_noise_filter_top.sv:38$1'.
Found and cleaned up 2 empty switches in `\spi_rx.$proc$rtl/spi_rx.sv:16$22'.
Removing empty process `spi_rx.$proc$rtl/spi_rx.sv:16$22'.
Removing empty process `dynamic_noise_reduction.$proc$rtl/dynamic_noise_reduction.sv:30$16'.
Found and cleaned up 3 empty switches in `\spi_tx.$proc$rtl/spi_tx.sv:16$5'.
Removing empty process `spi_tx.$proc$rtl/spi_tx.sv:16$5'.
Found and cleaned up 5 empty switches in `\DFFRAM256x32.$proc$rtl/DFFRAM256x32.v:45$33'.
Removing empty process `DFFRAM256x32.$proc$rtl/DFFRAM256x32.v:45$33'.
Cleaned up 12 empty switches.

9.12. Executing OPT_EXPR pass (perform const folding).
Optimizing module dynamic_noise_filter_top.
<suppressed ~4 debug messages>
Optimizing module spi_rx.
<suppressed ~5 debug messages>
Optimizing module dynamic_noise_reduction.
<suppressed ~8 debug messages>
Optimizing module spi_tx.
<suppressed ~9 debug messages>
Optimizing module DFFRAM256x32.

10. Executing FLATTEN pass (flatten design).
Deleting now unused module spi_rx.
Deleting now unused module dynamic_noise_reduction.
Deleting now unused module spi_tx.
Deleting now unused module DFFRAM256x32.
<suppressed ~4 debug messages>

11. Executing OPT_CLEAN pass (remove unused cells and wires).
Finding unused cells or wires in module \dynamic_noise_filter_top..
Removed 27 unused cells and 184 unused wires.
<suppressed ~60 debug messages>
