Reading timing models for corner nom_tt_025C_1v80…
Reading timing library for the 'nom_tt_025C_1v80' corner at '/foss/pdks/volare/sky130/versions/0fe599b2afb6708d281543108caf8310912f54af/sky130A/libs.ref/sky130_fd_sc_hd/lib/sky130_fd_sc_hd__tt_025C_1v80.lib'…
Reading timing models for corner nom_ff_n40C_1v95…
Reading timing library for the 'nom_ff_n40C_1v95' corner at '/foss/pdks/volare/sky130/versions/0fe599b2afb6708d281543108caf8310912f54af/sky130A/libs.ref/sky130_fd_sc_hd/lib/sky130_fd_sc_hd__ff_n40C_1v95.lib'…
Reading timing models for corner nom_ss_100C_1v60…
Reading timing library for the 'nom_ss_100C_1v60' corner at '/foss/pdks/volare/sky130/versions/0fe599b2afb6708d281543108caf8310912f54af/sky130A/libs.ref/sky130_fd_sc_hd/lib/sky130_fd_sc_hd__ss_100C_1v60.lib'…
Reading OpenROAD database at '/home/asic/workspace/asic_project/runs/RUN_2025-06-17_21-07-06/34-openroad-cts/dynamic_noise_filter_top.odb'…
Reading design constraints file at '/usr/local/lib/python3.12/dist-packages/openlane/scripts/base.sdc'…
[INFO] Using clock clk…
[INFO] Setting output delay to: 6
[INFO] Setting input delay to: 6
[INFO] Setting load to: 0.033442
[INFO] Setting clock uncertainty to: 0.25
[INFO] Setting clock transition to: 0.1499999999999999944488848768742172978818416595458984375
[INFO] Setting timing derate to: 5%
[INFO] Setting RC values…
[INFO RSZ-0098] No setup violations found
[INFO RSZ-0046] Found 53 endpoints with hold violations.
Iteration | Resized | Buffers | Cloned Gates |   WNS   |   TNS   | Endpoint
---------------------------------------------------------------------------
        0 |       0 |       0 |            0 |   0.052 |   0.000 | spi_out.shift_reg\[10\]_sky130_fd_sc_hd__dfrtp_2_Q/D
    final |       0 |      58 |            0 |   0.102 |   0.000 | spi_out.bit_cnt\[3\]_sky130_fd_sc_hd__dfrtp_2_Q/D
---------------------------------------------------------------------------
[INFO RSZ-0032] Inserted 58 hold buffers.
Placement Analysis
---------------------------------
total displacement        170.9 u
average displacement        0.0 u
max displacement            8.4 u
original HPWL           29529.4 u
legalized HPWL          30212.9 u
delta HPWL                    2 %

[INFO DPL-0020] Mirrored 369 instances
[INFO DPL-0021] HPWL before           30212.9 u
[INFO DPL-0022] HPWL after            29574.8 u
[INFO DPL-0023] HPWL delta               -2.1 %
[INFO] Setting RC values…
Setting global connections for newly added cells…
[INFO] Setting global connections...
Updating metrics…
Cell type report:                       Count       Area
  Fill cell                               498    1869.29
  Tap cell                               6651    8321.73
  Clock buffer                             11     246.49
  Timing Repair Buffer                     93     849.56
  Inverter                                 87     326.56
  Clock inverter                            5      61.31
  Sequential cell                          74    1895.57
  Multi-Input combinational cell          703    5595.37
  Total                                  8122   19165.88
Writing OpenROAD database to '/home/asic/workspace/asic_project/runs/RUN_2025-06-17_21-07-06/36-openroad-resizertimingpostcts/dynamic_noise_filter_top.odb'…
Writing netlist to '/home/asic/workspace/asic_project/runs/RUN_2025-06-17_21-07-06/36-openroad-resizertimingpostcts/dynamic_noise_filter_top.nl.v'…
Writing powered netlist to '/home/asic/workspace/asic_project/runs/RUN_2025-06-17_21-07-06/36-openroad-resizertimingpostcts/dynamic_noise_filter_top.pnl.v'…
Writing layout to '/home/asic/workspace/asic_project/runs/RUN_2025-06-17_21-07-06/36-openroad-resizertimingpostcts/dynamic_noise_filter_top.def'…
Writing timing constraints to '/home/asic/workspace/asic_project/runs/RUN_2025-06-17_21-07-06/36-openroad-resizertimingpostcts/dynamic_noise_filter_top.sdc'…
